Archive member included because of file (symbol)

C:/Freescale/CW MCU v10.6/MCU/ARM_GCC_Support/ewl/lib/armv6-m\libc.a(sprintf.o)
                              ./Modules/HMI/HMI.o (sprintf)
C:/Freescale/CW MCU v10.6/MCU/ARM_GCC_Support/ewl/lib/armv6-m\libc.a(vsnprintf.o)
                              C:/Freescale/CW MCU v10.6/MCU/ARM_GCC_Support/ewl/lib/armv6-m\libc.a(sprintf.o) (vsnprintf)
C:/Freescale/CW MCU v10.6/MCU/ARM_GCC_Support/ewl/lib/armv6-m\libc.a(exit.o)
                              ./Project_Settings/Startup_Code/__arm_start.o (exit)
C:/Freescale/CW MCU v10.6/MCU/ARM_GCC_Support/ewl/lib/armv6-m\libc.a(memcpy.o)
                              ./Modules/HMI/HMI.o (memcpy)
C:/Freescale/CW MCU v10.6/MCU/ARM_GCC_Support/ewl/lib/armv6-m\libc.a(memset.o)
                              ./Project_Settings/Startup_Code/__arm_start.o (memset)
C:/Freescale/CW MCU v10.6/MCU/ARM_GCC_Support/ewl/lib/armv6-m\libc.a(printformat_.o)
                              (__pformatter_)
C:/Freescale/CW MCU v10.6/MCU/ARM_GCC_Support/ewl/lib/armv6-m\libc.a(scanformat_.o)
                              (__sformatter)
C:/Freescale/CW MCU v10.6/MCU/ARM_GCC_Support/ewl/lib/armv6-m\libc.a(ctype_aeabi.o)
                              C:/Freescale/CW MCU v10.6/MCU/ARM_GCC_Support/ewl/lib/armv6-m\libc.a(scanformat_.o) (isspace)
C:/Freescale/CW MCU v10.6/MCU/ARM_GCC_Support/ewl/lib/armv6-m\libc.a(__strtoul.o)
                              C:/Freescale/CW MCU v10.6/MCU/ARM_GCC_Support/ewl/lib/armv6-m\libc.a(scanformat_.o) (__strtoul)
C:/Freescale/CW MCU v10.6/MCU/ARM_GCC_Support/ewl/lib/armv6-m\libc.a(__filll_mem.o)
                              C:/Freescale/CW MCU v10.6/MCU/ARM_GCC_Support/ewl/lib/armv6-m\libc.a(memset.o) (__fill_mem)
C:/Freescale/CW MCU v10.6/MCU/ARM_GCC_Support/ewl/lib/armv6-m\libc.a(memchr.o)
                              C:/Freescale/CW MCU v10.6/MCU/ARM_GCC_Support/ewl/lib/armv6-m\libc.a(printformat_.o) (memchr)
C:/Freescale/CW MCU v10.6/MCU/ARM_GCC_Support/ewl/lib/armv6-m\libc.a(strchr.o)
                              C:/Freescale/CW MCU v10.6/MCU/ARM_GCC_Support/ewl/lib/armv6-m\libc.a(printformat_.o) (strchr)
C:/Freescale/CW MCU v10.6/MCU/ARM_GCC_Support/ewl/lib/armv6-m\libc.a(strlen.o)
                              C:/Freescale/CW MCU v10.6/MCU/ARM_GCC_Support/ewl/lib/armv6-m\libc.a(printformat_.o) (strlen)
c:/freescale/cw mcu v10.6/cross_tools/arm-none-eabi-gcc-4_7_3/bin/../lib/gcc/arm-none-eabi/4.7.3/armv6-m\libgcc.a(_thumb1_case_sqi.o)
                              C:/Freescale/CW MCU v10.6/MCU/ARM_GCC_Support/ewl/lib/armv6-m\libc.a(__strtoul.o) (__gnu_thumb1_case_sqi)
c:/freescale/cw mcu v10.6/cross_tools/arm-none-eabi-gcc-4_7_3/bin/../lib/gcc/arm-none-eabi/4.7.3/armv6-m\libgcc.a(_thumb1_case_uqi.o)
                              C:/Freescale/CW MCU v10.6/MCU/ARM_GCC_Support/ewl/lib/armv6-m\libc.a(scanformat_.o) (__gnu_thumb1_case_uqi)
c:/freescale/cw mcu v10.6/cross_tools/arm-none-eabi-gcc-4_7_3/bin/../lib/gcc/arm-none-eabi/4.7.3/armv6-m\libgcc.a(_udivsi3.o)
                              C:/Freescale/CW MCU v10.6/MCU/ARM_GCC_Support/ewl/lib/armv6-m\libc.a(printformat_.o) (__aeabi_uidiv)
c:/freescale/cw mcu v10.6/cross_tools/arm-none-eabi-gcc-4_7_3/bin/../lib/gcc/arm-none-eabi/4.7.3/armv6-m\libgcc.a(_divsi3.o)
                              ./Modules/LowDrivers/TPM/TPM.o (__aeabi_idiv)
c:/freescale/cw mcu v10.6/cross_tools/arm-none-eabi-gcc-4_7_3/bin/../lib/gcc/arm-none-eabi/4.7.3/armv6-m\libgcc.a(_dvmd_tls.o)
                              c:/freescale/cw mcu v10.6/cross_tools/arm-none-eabi-gcc-4_7_3/bin/../lib/gcc/arm-none-eabi/4.7.3/armv6-m\libgcc.a(_udivsi3.o) (__aeabi_idiv0)
C:/Freescale/CW MCU v10.6/MCU/ARM_GCC_Support/ewl/lib/armv6-m\librt.a(gcc_ctor_dtor.o)
                              ./Project_Settings/Startup_Code/__arm_start.o (__init_cpp)
C:/Freescale/CW MCU v10.6/MCU/ARM_GCC_Support/ewl/lib/armv6-m\librt.a(ROMCopy.o)
                              ./Project_Settings/Startup_Code/__arm_start.o (__copy_rom_sections_to_ram)
C:/Freescale/CW MCU v10.6/MCU/ARM_GCC_Support/ewl/lib/armv6-m\librt.a(__arm_eabi_init.o)
                              C:/Freescale/CW MCU v10.6/MCU/ARM_GCC_Support/ewl/lib/armv6-m\libc.a(exit.o) (__destroy_global_chain)

Allocating common symbols
Common symbol       size              file

au8LCDBuffer        0x28              ./Modules/MidDrivers/LCD/LCD.o

Discarded input sections

 .text          0x00000000        0x0 ./Modules/App/ElectroTherapy/ET.o
 .data          0x00000000        0x0 ./Modules/App/ElectroTherapy/ET.o
 .bss           0x00000000        0x0 ./Modules/App/ElectroTherapy/ET.o
 .text          0x00000000        0x0 ./Modules/App/HeartBit/HeartBit.o
 .data          0x00000000        0x0 ./Modules/App/HeartBit/HeartBit.o
 .bss           0x00000000        0x0 ./Modules/App/HeartBit/HeartBit.o
 .text.HB_vActiveYellowLed
                0x00000000       0x14 ./Modules/App/HeartBit/HeartBit.o
 .text.HB_vDeactiveYellowLed
                0x00000000       0x28 ./Modules/App/HeartBit/HeartBit.o
 .text          0x00000000        0x0 ./Modules/App/Test/Test.o
 .data          0x00000000        0x0 ./Modules/App/Test/Test.o
 .bss           0x00000000        0x0 ./Modules/App/Test/Test.o
 .text.TEST_vChangingFreq
                0x00000000       0x24 ./Modules/App/Test/Test.o
 .debug_info    0x00000000       0xce ./Modules/App/Test/Test.o
 .debug_abbrev  0x00000000       0x6f ./Modules/App/Test/Test.o
 .debug_loc     0x00000000       0x38 ./Modules/App/Test/Test.o
 .debug_aranges
                0x00000000       0x20 ./Modules/App/Test/Test.o
 .debug_macinfo
                0x00000000    0x265b0 ./Modules/App/Test/Test.o
 .debug_line    0x00000000      0x25b ./Modules/App/Test/Test.o
 .debug_str     0x00000000      0x173 ./Modules/App/Test/Test.o
 .comment       0x00000000       0x7a ./Modules/App/Test/Test.o
 .ARM.attributes
                0x00000000       0x31 ./Modules/App/Test/Test.o
 .debug_frame   0x00000000       0x30 ./Modules/App/Test/Test.o
 .text          0x00000000        0x0 ./Modules/HMI/HMI.o
 .data          0x00000000        0x0 ./Modules/HMI/HMI.o
 .bss           0x00000000        0x0 ./Modules/HMI/HMI.o
 .text          0x00000000        0x0 ./Modules/LowDrivers/ADC/ADC.o
 .data          0x00000000        0x0 ./Modules/LowDrivers/ADC/ADC.o
 .bss           0x00000000        0x0 ./Modules/LowDrivers/ADC/ADC.o
 .text.ADC_u16ReadChannel
                0x00000000       0x44 ./Modules/LowDrivers/ADC/ADC.o
 .text          0x00000000        0x0 ./Modules/LowDrivers/GPIO/GPIO.o
 .data          0x00000000        0x0 ./Modules/LowDrivers/GPIO/GPIO.o
 .bss           0x00000000        0x0 ./Modules/LowDrivers/GPIO/GPIO.o
 .text          0x00000000        0x0 ./Modules/LowDrivers/IIC/IIC.o
 .data          0x00000000        0x0 ./Modules/LowDrivers/IIC/IIC.o
 .bss           0x00000000        0x0 ./Modules/LowDrivers/IIC/IIC.o
 .text.Pause    0x00000000       0x24 ./Modules/LowDrivers/IIC/IIC.o
 .text.IIC_vInit
                0x00000000       0x48 ./Modules/LowDrivers/IIC/IIC.o
 .text.IIC_vWrite
                0x00000000       0xdc ./Modules/LowDrivers/IIC/IIC.o
 .text.IIC_u8Read
                0x00000000      0x144 ./Modules/LowDrivers/IIC/IIC.o
 .debug_info    0x00000000      0x455 ./Modules/LowDrivers/IIC/IIC.o
 .debug_abbrev  0x00000000      0x119 ./Modules/LowDrivers/IIC/IIC.o
 .debug_loc     0x00000000       0xd4 ./Modules/LowDrivers/IIC/IIC.o
 .debug_aranges
                0x00000000       0x38 ./Modules/LowDrivers/IIC/IIC.o
 .debug_macinfo
                0x00000000    0x2652d ./Modules/LowDrivers/IIC/IIC.o
 .debug_line    0x00000000      0x288 ./Modules/LowDrivers/IIC/IIC.o
 .debug_str     0x00000000      0x2a9 ./Modules/LowDrivers/IIC/IIC.o
 .comment       0x00000000       0x7a ./Modules/LowDrivers/IIC/IIC.o
 .ARM.attributes
                0x00000000       0x31 ./Modules/LowDrivers/IIC/IIC.o
 .debug_frame   0x00000000       0x8c ./Modules/LowDrivers/IIC/IIC.o
 .text          0x00000000        0x0 ./Modules/LowDrivers/MCG/MGCDvr.o
 .data          0x00000000        0x0 ./Modules/LowDrivers/MCG/MGCDvr.o
 .bss           0x00000000        0x0 ./Modules/LowDrivers/MCG/MGCDvr.o
 .text          0x00000000        0x0 ./Modules/LowDrivers/NVIC/NVIC.o
 .data          0x00000000        0x0 ./Modules/LowDrivers/NVIC/NVIC.o
 .bss           0x00000000        0x0 ./Modules/LowDrivers/NVIC/NVIC.o
 .text.NVIC_vfnDisableIRQ
                0x00000000       0x34 ./Modules/LowDrivers/NVIC/NVIC.o
 .text          0x00000000        0x0 ./Modules/LowDrivers/PIT/PIT.o
 .data          0x00000000        0x0 ./Modules/LowDrivers/PIT/PIT.o
 .bss           0x00000000        0x0 ./Modules/LowDrivers/PIT/PIT.o
 .text          0x00000000        0x0 ./Modules/LowDrivers/TPM/TPM.o
 .data          0x00000000        0x0 ./Modules/LowDrivers/TPM/TPM.o
 .bss           0x00000000        0x0 ./Modules/LowDrivers/TPM/TPM.o
 .text          0x00000000        0x0 ./Modules/LowDrivers/UART/UART.o
 .data          0x00000000        0x0 ./Modules/LowDrivers/UART/UART.o
 .bss           0x00000000        0x0 ./Modules/LowDrivers/UART/UART.o
 .text.UART_vfnTxBuffer
                0x00000000       0x7c ./Modules/LowDrivers/UART/UART.o
 .text.UART_bfnRxBuffer
                0x00000000       0x28 ./Modules/LowDrivers/UART/UART.o
 .text          0x00000000        0x0 ./Modules/MidDrivers/BUZZER/BZR.o
 .data          0x00000000        0x0 ./Modules/MidDrivers/BUZZER/BZR.o
 .bss           0x00000000        0x0 ./Modules/MidDrivers/BUZZER/BZR.o
 .text          0x00000000        0x0 ./Modules/MidDrivers/DBNCR/Debouncer.o
 .data          0x00000000        0x0 ./Modules/MidDrivers/DBNCR/Debouncer.o
 .bss           0x00000000        0x0 ./Modules/MidDrivers/DBNCR/Debouncer.o
 .text          0x00000000        0x0 ./Modules/MidDrivers/IRQ/IRQ.o
 .data          0x00000000        0x0 ./Modules/MidDrivers/IRQ/IRQ.o
 .bss           0x00000000        0x0 ./Modules/MidDrivers/IRQ/IRQ.o
 .text          0x00000000        0x0 ./Modules/MidDrivers/LCD/LCD.o
 .data          0x00000000        0x0 ./Modules/MidDrivers/LCD/LCD.o
 .bss           0x00000000        0x0 ./Modules/MidDrivers/LCD/LCD.o
 COMMON         0x00000000       0x28 ./Modules/MidDrivers/LCD/LCD.o
 .text          0x00000000        0x0 ./Project_Settings/Startup_Code/kinetis_sysinit.o
 .data          0x00000000        0x0 ./Project_Settings/Startup_Code/kinetis_sysinit.o
 .bss           0x00000000        0x0 ./Project_Settings/Startup_Code/kinetis_sysinit.o
 .text          0x00000000        0x0 ./Project_Settings/Startup_Code/__arm_start.o
 .data          0x00000000        0x0 ./Project_Settings/Startup_Code/__arm_start.o
 .bss           0x00000000        0x0 ./Project_Settings/Startup_Code/__arm_start.o
 .text.__iar_program_start
                0x00000000        0x4 ./Project_Settings/Startup_Code/__arm_start.o
 .text          0x00000000        0x0 ./Project_Settings/Startup_Code/__arm_end.o
 .data          0x00000000        0x0 ./Project_Settings/Startup_Code/__arm_end.o
 .bss           0x00000000        0x0 ./Project_Settings/Startup_Code/__arm_end.o
 .text          0x00000000        0x0 ./Sources/sa_mtb.o
 .data          0x00000000        0x0 ./Sources/sa_mtb.o
 .bss           0x00000000        0x0 ./Sources/sa_mtb.o
 .debug_info    0x00000000       0x21 ./Sources/sa_mtb.o
 .debug_abbrev  0x00000000       0x12 ./Sources/sa_mtb.o
 .debug_aranges
                0x00000000       0x18 ./Sources/sa_mtb.o
 .debug_macinfo
                0x00000000     0x2524 ./Sources/sa_mtb.o
 .debug_line    0x00000000       0xaa ./Sources/sa_mtb.o
 .debug_str     0x00000000       0x94 ./Sources/sa_mtb.o
 .comment       0x00000000       0x7a ./Sources/sa_mtb.o
 .ARM.attributes
                0x00000000       0x31 ./Sources/sa_mtb.o
 .text          0x00000000        0x0 ./Sources/main.o
 .data          0x00000000        0x0 ./Sources/main.o
 .bss           0x00000000        0x0 ./Sources/main.o
 .text          0x00000000        0x0 ./System/Scheduler/Sch.o
 .data          0x00000000        0x0 ./System/Scheduler/Sch.o
 .bss           0x00000000        0x0 ./System/Scheduler/Sch.o
 .text          0x00000000        0x0 ./System/SysInit/SysInit.o
 .data          0x00000000        0x0 ./System/SysInit/SysInit.o
 .bss           0x00000000        0x0 ./System/SysInit/SysInit.o
 .text          0x00000000        0x0 C:/Freescale/CW MCU v10.6/MCU/ARM_GCC_Support/ewl/lib/armv6-m\libc.a(sprintf.o)
 .data          0x00000000        0x0 C:/Freescale/CW MCU v10.6/MCU/ARM_GCC_Support/ewl/lib/armv6-m\libc.a(sprintf.o)
 .bss           0x00000000        0x0 C:/Freescale/CW MCU v10.6/MCU/ARM_GCC_Support/ewl/lib/armv6-m\libc.a(sprintf.o)
 .text          0x00000000        0x0 C:/Freescale/CW MCU v10.6/MCU/ARM_GCC_Support/ewl/lib/armv6-m\libc.a(vsnprintf.o)
 .data          0x00000000        0x0 C:/Freescale/CW MCU v10.6/MCU/ARM_GCC_Support/ewl/lib/armv6-m\libc.a(vsnprintf.o)
 .bss           0x00000000        0x0 C:/Freescale/CW MCU v10.6/MCU/ARM_GCC_Support/ewl/lib/armv6-m\libc.a(vsnprintf.o)
 .text          0x00000000        0x0 C:/Freescale/CW MCU v10.6/MCU/ARM_GCC_Support/ewl/lib/armv6-m\libc.a(exit.o)
 .data          0x00000000        0x0 C:/Freescale/CW MCU v10.6/MCU/ARM_GCC_Support/ewl/lib/armv6-m\libc.a(exit.o)
 .bss           0x00000000        0x0 C:/Freescale/CW MCU v10.6/MCU/ARM_GCC_Support/ewl/lib/armv6-m\libc.a(exit.o)
 .text          0x00000000        0x0 C:/Freescale/CW MCU v10.6/MCU/ARM_GCC_Support/ewl/lib/armv6-m\libc.a(memcpy.o)
 .data          0x00000000        0x0 C:/Freescale/CW MCU v10.6/MCU/ARM_GCC_Support/ewl/lib/armv6-m\libc.a(memcpy.o)
 .bss           0x00000000        0x0 C:/Freescale/CW MCU v10.6/MCU/ARM_GCC_Support/ewl/lib/armv6-m\libc.a(memcpy.o)
 .text          0x00000000        0x0 C:/Freescale/CW MCU v10.6/MCU/ARM_GCC_Support/ewl/lib/armv6-m\libc.a(memset.o)
 .data          0x00000000        0x0 C:/Freescale/CW MCU v10.6/MCU/ARM_GCC_Support/ewl/lib/armv6-m\libc.a(memset.o)
 .bss           0x00000000        0x0 C:/Freescale/CW MCU v10.6/MCU/ARM_GCC_Support/ewl/lib/armv6-m\libc.a(memset.o)
 .text          0x00000000        0x0 C:/Freescale/CW MCU v10.6/MCU/ARM_GCC_Support/ewl/lib/armv6-m\libc.a(printformat_.o)
 .data          0x00000000        0x0 C:/Freescale/CW MCU v10.6/MCU/ARM_GCC_Support/ewl/lib/armv6-m\libc.a(printformat_.o)
 .bss           0x00000000        0x0 C:/Freescale/CW MCU v10.6/MCU/ARM_GCC_Support/ewl/lib/armv6-m\libc.a(printformat_.o)
 .text          0x00000000        0x0 C:/Freescale/CW MCU v10.6/MCU/ARM_GCC_Support/ewl/lib/armv6-m\libc.a(scanformat_.o)
 .data          0x00000000        0x0 C:/Freescale/CW MCU v10.6/MCU/ARM_GCC_Support/ewl/lib/armv6-m\libc.a(scanformat_.o)
 .bss           0x00000000        0x0 C:/Freescale/CW MCU v10.6/MCU/ARM_GCC_Support/ewl/lib/armv6-m\libc.a(scanformat_.o)
 .text          0x00000000        0x0 C:/Freescale/CW MCU v10.6/MCU/ARM_GCC_Support/ewl/lib/armv6-m\libc.a(ctype_aeabi.o)
 .data          0x00000000        0x0 C:/Freescale/CW MCU v10.6/MCU/ARM_GCC_Support/ewl/lib/armv6-m\libc.a(ctype_aeabi.o)
 .bss           0x00000000        0x0 C:/Freescale/CW MCU v10.6/MCU/ARM_GCC_Support/ewl/lib/armv6-m\libc.a(ctype_aeabi.o)
 .text.isalnum  0x00000000       0x1c C:/Freescale/CW MCU v10.6/MCU/ARM_GCC_Support/ewl/lib/armv6-m\libc.a(ctype_aeabi.o)
 .text.iscntrl  0x00000000       0x20 C:/Freescale/CW MCU v10.6/MCU/ARM_GCC_Support/ewl/lib/armv6-m\libc.a(ctype_aeabi.o)
 .text.isdigit  0x00000000        0xe C:/Freescale/CW MCU v10.6/MCU/ARM_GCC_Support/ewl/lib/armv6-m\libc.a(ctype_aeabi.o)
 .text.isgraph  0x00000000       0x1c C:/Freescale/CW MCU v10.6/MCU/ARM_GCC_Support/ewl/lib/armv6-m\libc.a(ctype_aeabi.o)
 .text.islower  0x00000000       0x20 C:/Freescale/CW MCU v10.6/MCU/ARM_GCC_Support/ewl/lib/armv6-m\libc.a(ctype_aeabi.o)
 .text.isprint  0x00000000       0x1c C:/Freescale/CW MCU v10.6/MCU/ARM_GCC_Support/ewl/lib/armv6-m\libc.a(ctype_aeabi.o)
 .text.ispunct  0x00000000       0x20 C:/Freescale/CW MCU v10.6/MCU/ARM_GCC_Support/ewl/lib/armv6-m\libc.a(ctype_aeabi.o)
 .text.isupper  0x00000000       0x20 C:/Freescale/CW MCU v10.6/MCU/ARM_GCC_Support/ewl/lib/armv6-m\libc.a(ctype_aeabi.o)
 .text.isxdigit
                0x00000000       0x20 C:/Freescale/CW MCU v10.6/MCU/ARM_GCC_Support/ewl/lib/armv6-m\libc.a(ctype_aeabi.o)
 .text.isblank  0x00000000       0x28 C:/Freescale/CW MCU v10.6/MCU/ARM_GCC_Support/ewl/lib/armv6-m\libc.a(ctype_aeabi.o)
 .text.tolower  0x00000000        0xe C:/Freescale/CW MCU v10.6/MCU/ARM_GCC_Support/ewl/lib/armv6-m\libc.a(ctype_aeabi.o)
 .text          0x00000000        0x0 C:/Freescale/CW MCU v10.6/MCU/ARM_GCC_Support/ewl/lib/armv6-m\libc.a(__strtoul.o)
 .data          0x00000000        0x0 C:/Freescale/CW MCU v10.6/MCU/ARM_GCC_Support/ewl/lib/armv6-m\libc.a(__strtoul.o)
 .bss           0x00000000        0x0 C:/Freescale/CW MCU v10.6/MCU/ARM_GCC_Support/ewl/lib/armv6-m\libc.a(__strtoul.o)
 .text          0x00000000        0x0 C:/Freescale/CW MCU v10.6/MCU/ARM_GCC_Support/ewl/lib/armv6-m\libc.a(__filll_mem.o)
 .data          0x00000000        0x0 C:/Freescale/CW MCU v10.6/MCU/ARM_GCC_Support/ewl/lib/armv6-m\libc.a(__filll_mem.o)
 .bss           0x00000000        0x0 C:/Freescale/CW MCU v10.6/MCU/ARM_GCC_Support/ewl/lib/armv6-m\libc.a(__filll_mem.o)
 .text          0x00000000        0x0 C:/Freescale/CW MCU v10.6/MCU/ARM_GCC_Support/ewl/lib/armv6-m\libc.a(memchr.o)
 .data          0x00000000        0x0 C:/Freescale/CW MCU v10.6/MCU/ARM_GCC_Support/ewl/lib/armv6-m\libc.a(memchr.o)
 .bss           0x00000000        0x0 C:/Freescale/CW MCU v10.6/MCU/ARM_GCC_Support/ewl/lib/armv6-m\libc.a(memchr.o)
 .text          0x00000000        0x0 C:/Freescale/CW MCU v10.6/MCU/ARM_GCC_Support/ewl/lib/armv6-m\libc.a(strchr.o)
 .data          0x00000000        0x0 C:/Freescale/CW MCU v10.6/MCU/ARM_GCC_Support/ewl/lib/armv6-m\libc.a(strchr.o)
 .bss           0x00000000        0x0 C:/Freescale/CW MCU v10.6/MCU/ARM_GCC_Support/ewl/lib/armv6-m\libc.a(strchr.o)
 .text          0x00000000        0x0 C:/Freescale/CW MCU v10.6/MCU/ARM_GCC_Support/ewl/lib/armv6-m\libc.a(strlen.o)
 .data          0x00000000        0x0 C:/Freescale/CW MCU v10.6/MCU/ARM_GCC_Support/ewl/lib/armv6-m\libc.a(strlen.o)
 .bss           0x00000000        0x0 C:/Freescale/CW MCU v10.6/MCU/ARM_GCC_Support/ewl/lib/armv6-m\libc.a(strlen.o)
 .data          0x00000000        0x0 c:/freescale/cw mcu v10.6/cross_tools/arm-none-eabi-gcc-4_7_3/bin/../lib/gcc/arm-none-eabi/4.7.3/armv6-m\libgcc.a(_thumb1_case_sqi.o)
 .bss           0x00000000        0x0 c:/freescale/cw mcu v10.6/cross_tools/arm-none-eabi-gcc-4_7_3/bin/../lib/gcc/arm-none-eabi/4.7.3/armv6-m\libgcc.a(_thumb1_case_sqi.o)
 .data          0x00000000        0x0 c:/freescale/cw mcu v10.6/cross_tools/arm-none-eabi-gcc-4_7_3/bin/../lib/gcc/arm-none-eabi/4.7.3/armv6-m\libgcc.a(_thumb1_case_uqi.o)
 .bss           0x00000000        0x0 c:/freescale/cw mcu v10.6/cross_tools/arm-none-eabi-gcc-4_7_3/bin/../lib/gcc/arm-none-eabi/4.7.3/armv6-m\libgcc.a(_thumb1_case_uqi.o)
 .data          0x00000000        0x0 c:/freescale/cw mcu v10.6/cross_tools/arm-none-eabi-gcc-4_7_3/bin/../lib/gcc/arm-none-eabi/4.7.3/armv6-m\libgcc.a(_udivsi3.o)
 .bss           0x00000000        0x0 c:/freescale/cw mcu v10.6/cross_tools/arm-none-eabi-gcc-4_7_3/bin/../lib/gcc/arm-none-eabi/4.7.3/armv6-m\libgcc.a(_udivsi3.o)
 .data          0x00000000        0x0 c:/freescale/cw mcu v10.6/cross_tools/arm-none-eabi-gcc-4_7_3/bin/../lib/gcc/arm-none-eabi/4.7.3/armv6-m\libgcc.a(_divsi3.o)
 .bss           0x00000000        0x0 c:/freescale/cw mcu v10.6/cross_tools/arm-none-eabi-gcc-4_7_3/bin/../lib/gcc/arm-none-eabi/4.7.3/armv6-m\libgcc.a(_divsi3.o)
 .data          0x00000000        0x0 c:/freescale/cw mcu v10.6/cross_tools/arm-none-eabi-gcc-4_7_3/bin/../lib/gcc/arm-none-eabi/4.7.3/armv6-m\libgcc.a(_dvmd_tls.o)
 .bss           0x00000000        0x0 c:/freescale/cw mcu v10.6/cross_tools/arm-none-eabi-gcc-4_7_3/bin/../lib/gcc/arm-none-eabi/4.7.3/armv6-m\libgcc.a(_dvmd_tls.o)
 .text          0x00000000        0x0 C:/Freescale/CW MCU v10.6/MCU/ARM_GCC_Support/ewl/lib/armv6-m\librt.a(gcc_ctor_dtor.o)
 .data          0x00000000        0x0 C:/Freescale/CW MCU v10.6/MCU/ARM_GCC_Support/ewl/lib/armv6-m\librt.a(gcc_ctor_dtor.o)
 .bss           0x00000000        0x0 C:/Freescale/CW MCU v10.6/MCU/ARM_GCC_Support/ewl/lib/armv6-m\librt.a(gcc_ctor_dtor.o)
 .bss.__dso_handle
                0x00000000        0x4 C:/Freescale/CW MCU v10.6/MCU/ARM_GCC_Support/ewl/lib/armv6-m\librt.a(gcc_ctor_dtor.o)
 .text          0x00000000        0x0 C:/Freescale/CW MCU v10.6/MCU/ARM_GCC_Support/ewl/lib/armv6-m\librt.a(ROMCopy.o)
 .data          0x00000000        0x0 C:/Freescale/CW MCU v10.6/MCU/ARM_GCC_Support/ewl/lib/armv6-m\librt.a(ROMCopy.o)
 .bss           0x00000000        0x0 C:/Freescale/CW MCU v10.6/MCU/ARM_GCC_Support/ewl/lib/armv6-m\librt.a(ROMCopy.o)
 .text.__flush_cache
                0x00000000        0x2 C:/Freescale/CW MCU v10.6/MCU/ARM_GCC_Support/ewl/lib/armv6-m\librt.a(ROMCopy.o)
 .text          0x00000000        0x0 C:/Freescale/CW MCU v10.6/MCU/ARM_GCC_Support/ewl/lib/armv6-m\librt.a(__arm_eabi_init.o)
 .data          0x00000000        0x0 C:/Freescale/CW MCU v10.6/MCU/ARM_GCC_Support/ewl/lib/armv6-m\librt.a(__arm_eabi_init.o)
 .bss           0x00000000        0x0 C:/Freescale/CW MCU v10.6/MCU/ARM_GCC_Support/ewl/lib/armv6-m\librt.a(__arm_eabi_init.o)
 .text.__register_global_object
                0x00000000       0x14 C:/Freescale/CW MCU v10.6/MCU/ARM_GCC_Support/ewl/lib/armv6-m\librt.a(__arm_eabi_init.o)
 .text.__cxa_atexit
                0x00000000       0x38 C:/Freescale/CW MCU v10.6/MCU/ARM_GCC_Support/ewl/lib/armv6-m\librt.a(__arm_eabi_init.o)
 .text.__aeabi_atexit
                0x00000000        0xe C:/Freescale/CW MCU v10.6/MCU/ARM_GCC_Support/ewl/lib/armv6-m\librt.a(__arm_eabi_init.o)
 .text.__register_atexit
                0x00000000        0xc C:/Freescale/CW MCU v10.6/MCU/ARM_GCC_Support/ewl/lib/armv6-m\librt.a(__arm_eabi_init.o)
 .text.__init_hardware
                0x00000000        0x4 C:/Freescale/CW MCU v10.6/MCU/ARM_GCC_Support/ewl/lib/armv6-m\librt.a(__arm_eabi_init.o)
 .bss.atexit_curr_func
                0x00000000        0x4 C:/Freescale/CW MCU v10.6/MCU/ARM_GCC_Support/ewl/lib/armv6-m\librt.a(__arm_eabi_init.o)
 .bss.atexit_funcs
                0x00000000      0x300 C:/Freescale/CW MCU v10.6/MCU/ARM_GCC_Support/ewl/lib/armv6-m\librt.a(__arm_eabi_init.o)

Memory Configuration

Name             Origin             Length             Attributes
m_interrupts     0x00000000         0x000000c0         xr
m_cfmprotrom     0x00000400         0x00000010         xr
m_text           0x00000800         0x0001f800         xr
m_data           0x1ffff000         0x00004000         xrw
*default*        0x00000000         0xffffffff

Linker script and memory map

LOAD ./Modules/App/ElectroTherapy/ET.o
LOAD ./Modules/App/HeartBit/HeartBit.o
LOAD ./Modules/App/Test/Test.o
LOAD ./Modules/HMI/HMI.o
LOAD ./Modules/LowDrivers/ADC/ADC.o
LOAD ./Modules/LowDrivers/GPIO/GPIO.o
LOAD ./Modules/LowDrivers/IIC/IIC.o
LOAD ./Modules/LowDrivers/MCG/MGCDvr.o
LOAD ./Modules/LowDrivers/NVIC/NVIC.o
LOAD ./Modules/LowDrivers/PIT/PIT.o
LOAD ./Modules/LowDrivers/TPM/TPM.o
LOAD ./Modules/LowDrivers/UART/UART.o
LOAD ./Modules/MidDrivers/BUZZER/BZR.o
LOAD ./Modules/MidDrivers/DBNCR/Debouncer.o
LOAD ./Modules/MidDrivers/IRQ/IRQ.o
LOAD ./Modules/MidDrivers/LCD/LCD.o
LOAD ./Project_Settings/Startup_Code/kinetis_sysinit.o
LOAD ./Project_Settings/Startup_Code/__arm_start.o
LOAD ./Project_Settings/Startup_Code/__arm_end.o
LOAD ./Sources/sa_mtb.o
LOAD ./Sources/main.o
LOAD ./System/Scheduler/Sch.o
LOAD ./System/SysInit/SysInit.o
                0x00002a10                __pformatter = __pformatter_
                [0x00002e38]                __sformatter = __sformatter
START GROUP
LOAD C:/Freescale/CW MCU v10.6/MCU/ARM_GCC_Support/ewl/lib/armv6-m\libc.a
LOAD C:/Freescale/CW MCU v10.6/MCU/ARM_GCC_Support/ewl/lib/armv6-m\libm.a
LOAD c:/freescale/cw mcu v10.6/cross_tools/arm-none-eabi-gcc-4_7_3/bin/../lib/gcc/arm-none-eabi/4.7.3/armv6-m\libgcc.a
LOAD C:/Freescale/CW MCU v10.6/MCU/ARM_GCC_Support/ewl/lib/armv6-m\librt.a
LOAD C:/Freescale/CW MCU v10.6/MCU/ARM_GCC_Support/ewl/lib/armv6-m\libuart.a
END GROUP
                0x20003000                _estack = 0x20003000
                0x20003000                __SP_INIT = _estack
                0x00000400                __heap_size = 0x400
                0x00000400                __stack_size = 0x400

.interrupts     0x00000000       0xc0
                0x00000000                __vector_table = .
                0x00000000                . = ALIGN (0x4)
 *(.vectortable)
 .vectortable   0x00000000       0xc0 ./Project_Settings/Startup_Code/kinetis_sysinit.o
                0x00000000                InterruptVector
                0x000000c0                . = ALIGN (0x4)

.cfmprotect     0x00000400        0x0
                0x00000400                . = ALIGN (0x4)
 *(.cfmconfig)
                0x00000400                . = ALIGN (0x4)

.text           0x00000800     0x3458
                0x00000800                . = ALIGN (0x4)
 *(.text)
 .text          0x00000800       0x14 c:/freescale/cw mcu v10.6/cross_tools/arm-none-eabi-gcc-4_7_3/bin/../lib/gcc/arm-none-eabi/4.7.3/armv6-m\libgcc.a(_thumb1_case_sqi.o)
                0x00000800                __gnu_thumb1_case_sqi
 .text          0x00000814       0x14 c:/freescale/cw mcu v10.6/cross_tools/arm-none-eabi-gcc-4_7_3/bin/../lib/gcc/arm-none-eabi/4.7.3/armv6-m\libgcc.a(_thumb1_case_uqi.o)
                0x00000814                __gnu_thumb1_case_uqi
 .text          0x00000828       0x9c c:/freescale/cw mcu v10.6/cross_tools/arm-none-eabi-gcc-4_7_3/bin/../lib/gcc/arm-none-eabi/4.7.3/armv6-m\libgcc.a(_udivsi3.o)
                0x00000828                __aeabi_uidiv
                0x00000828                __udivsi3
                0x000008b0                __aeabi_uidivmod
 .text          0x000008c4       0xc0 c:/freescale/cw mcu v10.6/cross_tools/arm-none-eabi-gcc-4_7_3/bin/../lib/gcc/arm-none-eabi/4.7.3/armv6-m\libgcc.a(_divsi3.o)
                0x000008c4                __divsi3
                0x000008c4                __aeabi_idiv
                0x00000970                __aeabi_idivmod
 .text          0x00000984        0x4 c:/freescale/cw mcu v10.6/cross_tools/arm-none-eabi-gcc-4_7_3/bin/../lib/gcc/arm-none-eabi/4.7.3/armv6-m\libgcc.a(_dvmd_tls.o)
                0x00000984                __aeabi_idiv0
                0x00000984                __aeabi_ldiv0
 *(.text*)
 .text.ET_vMain
                0x00000988       0x98 ./Modules/App/ElectroTherapy/ET.o
                0x00000988                ET_vMain
 .text.HB_vInit
                0x00000a20       0x18 ./Modules/App/HeartBit/HeartBit.o
                0x00000a20                HB_vInit
 .text.HB_vTask
                0x00000a38       0x38 ./Modules/App/HeartBit/HeartBit.o
                0x00000a38                HB_vTask
 .text._vWelcomeScreen
                0x00000a70       0x9c ./Modules/HMI/HMI.o
                0x00000a70                _vWelcomeScreen
 .text._vTherapySelectedScreen
                0x00000b0c       0xa0 ./Modules/HMI/HMI.o
                0x00000b0c                _vTherapySelectedScreen
 .text._vPressureSelectedScreen
                0x00000bac       0xa0 ./Modules/HMI/HMI.o
                0x00000bac                _vPressureSelectedScreen
 .text._vFreqSelectedScreen
                0x00000c4c       0xc0 ./Modules/HMI/HMI.o
                0x00000c4c                _vFreqSelectedScreen
 .text._vIntsSelectedScreen
                0x00000d0c       0xc0 ./Modules/HMI/HMI.o
                0x00000d0c                _vIntsSelectedScreen
 .text._vFreqValueScreen
                0x00000dcc       0xe8 ./Modules/HMI/HMI.o
                0x00000dcc                _vFreqValueScreen
 .text._vIntsValueScreen
                0x00000eb4       0xe8 ./Modules/HMI/HMI.o
                0x00000eb4                _vIntsValueScreen
 .text._vPressureValueScreen
                0x00000f9c       0x84 ./Modules/HMI/HMI.o
                0x00000f9c                _vPressureValueScreen
 .text._vClearScreen
                0x00001020       0x24 ./Modules/HMI/HMI.o
                0x00001020                _vClearScreen
 .text._vEmergencyState
                0x00001044       0x8c ./Modules/HMI/HMI.o
                0x00001044                _vEmergencyState
 .text._vPswrdState0
                0x000010d0      0x100 ./Modules/HMI/HMI.o
                0x000010d0                _vPswrdState0
 .text._vPswrdState1
                0x000011d0      0x108 ./Modules/HMI/HMI.o
                0x000011d0                _vPswrdState1
 .text._vPswrdState2
                0x000012d8      0x108 ./Modules/HMI/HMI.o
                0x000012d8                _vPswrdState2
 .text._vPswrdState3
                0x000013e0       0x9c ./Modules/HMI/HMI.o
                0x000013e0                _vPswrdState3
 .text._vPswrdState4
                0x0000147c       0x94 ./Modules/HMI/HMI.o
                0x0000147c                _vPswrdState4
 .text.HMI_vMain
                0x00001510       0x64 ./Modules/HMI/HMI.o
                0x00001510                HMI_vMain
 .text.HMI_vSetEmergencyStop
                0x00001574       0x14 ./Modules/HMI/HMI.o
                0x00001574                HMI_vSetEmergencyStop
 .text.HMI_vGetEmergencyStop
                0x00001588       0x14 ./Modules/HMI/HMI.o
                0x00001588                HMI_vGetEmergencyStop
 .text.HMI_u8GetFreqValue
                0x0000159c       0x14 ./Modules/HMI/HMI.o
                0x0000159c                HMI_u8GetFreqValue
 .text.HMI_u8GetIntsValue
                0x000015b0       0x14 ./Modules/HMI/HMI.o
                0x000015b0                HMI_u8GetIntsValue
 .text.ADC_vInit
                0x000015c4       0x38 ./Modules/LowDrivers/ADC/ADC.o
                0x000015c4                ADC_vInit
 .text.GPIO_vPinsInit
                0x000015fc      0x208 ./Modules/LowDrivers/GPIO/GPIO.o
                0x000015fc                GPIO_vPinsInit
 .text.vfnMGCInit
                0x00001804      0x154 ./Modules/LowDrivers/MCG/MGCDvr.o
                0x00001804                vfnMGCInit
 .text.NVIC_vfnEnableIRQ
                0x00001958       0x34 ./Modules/LowDrivers/NVIC/NVIC.o
                0x00001958                NVIC_vfnEnableIRQ
 .text.PIT_vInit
                0x0000198c       0x74 ./Modules/LowDrivers/PIT/PIT.o
                0x0000198c                PIT_vInit
 .text.TPM_vInit
                0x00001a00       0x98 ./Modules/LowDrivers/TPM/TPM.o
                0x00001a00                TPM_vInit
 .text.TPM_vSetPWM
                0x00001a98       0x78 ./Modules/LowDrivers/TPM/TPM.o
                0x00001a98                TPM_vSetPWM
 .text.TPM_vChangeDutyCycle
                0x00001b10       0xa0 ./Modules/LowDrivers/TPM/TPM.o
                0x00001b10                TPM_vChangeDutyCycle
 .text.TPM_vChangeFrecuency
                0x00001bb0       0x74 ./Modules/LowDrivers/TPM/TPM.o
                0x00001bb0                TPM_vChangeFrecuency
 .text.UART_vfnInit
                0x00001c24      0x110 ./Modules/LowDrivers/UART/UART.o
                0x00001c24                UART_vfnInit
 .text.UART0_IRQHandler
                0x00001d34      0x114 ./Modules/LowDrivers/UART/UART.o
                0x00001d34                UART0_IRQHandler
 .text.UART1_IRQHandler
                0x00001e48       0x70 ./Modules/LowDrivers/UART/UART.o
                0x00001e48                UART1_IRQHandler
 .text.UART2_IRQHandler
                0x00001eb8       0x70 ./Modules/LowDrivers/UART/UART.o
                0x00001eb8                UART2_IRQHandler
 .text.BZR_vMain
                0x00001f28       0x48 ./Modules/MidDrivers/BUZZER/BZR.o
                0x00001f28                BZR_vMain
 .text.BZR_vActivateBuzzer
                0x00001f70       0x14 ./Modules/MidDrivers/BUZZER/BZR.o
                0x00001f70                BZR_vActivateBuzzer
 .text.BZR_vDeactivateBuzzer
                0x00001f84       0x1c ./Modules/MidDrivers/BUZZER/BZR.o
                0x00001f84                BZR_vDeactivateBuzzer
 .text.DBNCR_vUpdate
                0x00001fa0      0x14c ./Modules/MidDrivers/DBNCR/Debouncer.o
                0x00001fa0                DBNCR_vUpdate
 .text.DBNCR_vMonitor
                0x000020ec        0xc ./Modules/MidDrivers/DBNCR/Debouncer.o
                0x000020ec                DBNCR_vMonitor
 .text.DBNCR_u8ReadButtonState
                0x000020f8       0x44 ./Modules/MidDrivers/DBNCR/Debouncer.o
                0x000020f8                DBNCR_u8ReadButtonState
 .text.IRQ_vInit
                0x0000213c       0x74 ./Modules/MidDrivers/IRQ/IRQ.o
                0x0000213c                IRQ_vInit
 .text.PORTA_IRQHandler
                0x000021b0       0x38 ./Modules/MidDrivers/IRQ/IRQ.o
                0x000021b0                PORTA_IRQHandler
 .text.LCD_vWriteData
                0x000021e8      0x150 ./Modules/MidDrivers/LCD/LCD.o
                0x000021e8                LCD_vWriteData
 .text.LCD_vInit
                0x00002338       0x24 ./Modules/MidDrivers/LCD/LCD.o
                0x00002338                LCD_vInit
 .text.LCD_vDriver
                0x0000235c       0x20 ./Modules/MidDrivers/LCD/LCD.o
                0x0000235c                LCD_vDriver
 .text._vIdle   0x0000237c        0x8 ./Modules/MidDrivers/LCD/LCD.o
                0x0000237c                _vIdle
 .text._vWriteCMD
                0x00002384       0x60 ./Modules/MidDrivers/LCD/LCD.o
                0x00002384                _vWriteCMD
 .text._vWriteData
                0x000023e4       0xb0 ./Modules/MidDrivers/LCD/LCD.o
                0x000023e4                _vWriteData
 .text._vEnable
                0x00002494       0x24 ./Modules/MidDrivers/LCD/LCD.o
                0x00002494                _vEnable
 .text._vDisable
                0x000024b8       0x24 ./Modules/MidDrivers/LCD/LCD.o
                0x000024b8                _vDisable
 .text._vDelayCMD
                0x000024dc       0x28 ./Modules/MidDrivers/LCD/LCD.o
                0x000024dc                _vDelayCMD
 .text.LCD_vUpdateScreen
                0x00002504       0x34 ./Modules/MidDrivers/LCD/LCD.o
                0x00002504                LCD_vUpdateScreen
 .text.LCD_vClearScreen
                0x00002538       0x24 ./Modules/MidDrivers/LCD/LCD.o
                0x00002538                LCD_vClearScreen
 .text.LCD_u8IsBusy
                0x0000255c       0x2c ./Modules/MidDrivers/LCD/LCD.o
                0x0000255c                LCD_u8IsBusy
 .text.Default_Handler
                0x00002588        0xc ./Project_Settings/Startup_Code/kinetis_sysinit.o
                0x00002588                RTC_Alarm_IRQHandler
                0x00002588                I2C0_IRQHandler
                0x00002588                HardFault_Handler
                0x00002588                SysTick_Handler
                0x00002588                PendSV_Handler
                0x00002588                NMI_Handler
                0x00002588                I2C1_IRQHandler
                0x00002588                DMA2_IRQHandler
                0x00002588                TSI0_IRQHandler
                0x00002588                ADC0_IRQHandler
                0x00002588                SPI1_IRQHandler
                0x00002588                PORTD_IRQHandler
                0x00002588                LPTimer_IRQHandler
                0x00002588                FTM1_IRQHandler
                0x00002588                RTC_Seconds_IRQHandler
                0x00002588                MCG_IRQHandler
                0x00002588                Default_Handler
                0x00002588                LLW_IRQHandler
                0x00002588                SVC_Handler
                0x00002588                USBOTG_IRQHandler
                0x00002588                DMA3_IRQHandler
                0x00002588                DMA0_IRQHandler
                0x00002588                DAC0_IRQHandler
                0x00002588                PMC_IRQHandler
                0x00002588                SPI0_IRQHandler
                0x00002588                FTM0_IRQHandler
                0x00002588                MCM_IRQHandler
                0x00002588                FTFL_IRQHandler
                0x00002588                FTM2_IRQHandler
                0x00002588                CMP0_IRQHandler
                0x00002588                DMA1_IRQHandler
 .text.__init_hardware
                0x00002594       0x2c ./Project_Settings/Startup_Code/kinetis_sysinit.o
                0x00002594                __init_hardware
 .text.zero_fill_bss
                0x000025c0       0x24 ./Project_Settings/Startup_Code/__arm_start.o
 .text.__thumb_startup
                0x000025e4       0x30 ./Project_Settings/Startup_Code/__arm_start.o
                0x000025e4                __thumb_startup
 .text._ExitProcess
                0x00002614        0xc ./Project_Settings/Startup_Code/__arm_end.o
                0x00002614                _ExitProcess
 .text.main     0x00002620       0x10 ./Sources/main.o
                0x00002620                main
 .text.SCH_vMonitor
                0x00002630       0x70 ./System/Scheduler/Sch.o
                0x00002630                SCH_vMonitor
 .text.PIT_IRQHandler
                0x000026a0       0xd0 ./System/Scheduler/Sch.o
                0x000026a0                PIT_IRQHandler
 .text.SI_vInitSystem
                0x00002770       0x34 ./System/SysInit/SysInit.o
                0x00002770                SI_vInitSystem
 .text.sprintf  0x000027a4       0x1a C:/Freescale/CW MCU v10.6/MCU/ARM_GCC_Support/ewl/lib/armv6-m\libc.a(sprintf.o)
                0x000027a4                sprintf
 .text.__StringWrite
                0x000027be       0x26 C:/Freescale/CW MCU v10.6/MCU/ARM_GCC_Support/ewl/lib/armv6-m\libc.a(vsnprintf.o)
                0x000027be                __StringWrite
 .text.vsnprintf
                0x000027e4       0x38 C:/Freescale/CW MCU v10.6/MCU/ARM_GCC_Support/ewl/lib/armv6-m\libc.a(vsnprintf.o)
                0x000027e4                vsnprintf
 .text.exit     0x0000281c       0x38 C:/Freescale/CW MCU v10.6/MCU/ARM_GCC_Support/ewl/lib/armv6-m\libc.a(exit.o)
                0x0000281c                exit
 .text.memcpy   0x00002854       0x12 C:/Freescale/CW MCU v10.6/MCU/ARM_GCC_Support/ewl/lib/armv6-m\libc.a(memcpy.o)
                0x00002854                memcpy
 .text.memset   0x00002866        0xc C:/Freescale/CW MCU v10.6/MCU/ARM_GCC_Support/ewl/lib/armv6-m\libc.a(memset.o)
                0x00002866                memset
 *fill*         0x00002872        0x2 00
 .text.long2str.isra.0
                0x00002874      0x19c C:/Freescale/CW MCU v10.6/MCU/ARM_GCC_Support/ewl/lib/armv6-m\libc.a(printformat_.o)
 .text.__pformatter_
                0x00002a10      0x428 C:/Freescale/CW MCU v10.6/MCU/ARM_GCC_Support/ewl/lib/armv6-m\libc.a(printformat_.o)
                0x00002a10                __pformatter_
 .text.__sformatter
                0x00002e38      0x698 C:/Freescale/CW MCU v10.6/MCU/ARM_GCC_Support/ewl/lib/armv6-m\libc.a(scanformat_.o)
                0x00002e38                __sformatter
 .text.isalpha  0x000034d0       0x20 C:/Freescale/CW MCU v10.6/MCU/ARM_GCC_Support/ewl/lib/armv6-m\libc.a(ctype_aeabi.o)
                0x000034d0                isalpha
 .text.isspace  0x000034f0       0x20 C:/Freescale/CW MCU v10.6/MCU/ARM_GCC_Support/ewl/lib/armv6-m\libc.a(ctype_aeabi.o)
                0x000034f0                isspace
 .text.toupper  0x00003510        0xe C:/Freescale/CW MCU v10.6/MCU/ARM_GCC_Support/ewl/lib/armv6-m\libc.a(ctype_aeabi.o)
                0x00003510                toupper
 .text.__strtoul
                0x0000351e      0x1ce C:/Freescale/CW MCU v10.6/MCU/ARM_GCC_Support/ewl/lib/armv6-m\libc.a(__strtoul.o)
                0x0000351e                __strtoul
 .text.__fill_mem
                0x000036ec       0x7e C:/Freescale/CW MCU v10.6/MCU/ARM_GCC_Support/ewl/lib/armv6-m\libc.a(__filll_mem.o)
                0x000036ec                __fill_mem
 .text.memchr   0x0000376a       0x1a C:/Freescale/CW MCU v10.6/MCU/ARM_GCC_Support/ewl/lib/armv6-m\libc.a(memchr.o)
                0x0000376a                memchr
 .text.strchr   0x00003784       0x1e C:/Freescale/CW MCU v10.6/MCU/ARM_GCC_Support/ewl/lib/armv6-m\libc.a(strchr.o)
                0x00003784                strchr
 .text.strlen   0x000037a2       0x10 C:/Freescale/CW MCU v10.6/MCU/ARM_GCC_Support/ewl/lib/armv6-m\libc.a(strlen.o)
                0x000037a2                strlen
 *fill*         0x000037b2        0x2 00
 .text.__init_cpp
                0x000037b4       0x48 C:/Freescale/CW MCU v10.6/MCU/ARM_GCC_Support/ewl/lib/armv6-m\librt.a(gcc_ctor_dtor.o)
                0x000037b4                __init_cpp
 .text.__fini_cpp
                0x000037fc       0x34 C:/Freescale/CW MCU v10.6/MCU/ARM_GCC_Support/ewl/lib/armv6-m\librt.a(gcc_ctor_dtor.o)
                0x000037fc                __fini_cpp
 .text.__copy_rom_section
                0x00003830       0x48 C:/Freescale/CW MCU v10.6/MCU/ARM_GCC_Support/ewl/lib/armv6-m\librt.a(ROMCopy.o)
                0x00003830                __copy_rom_section
 .text.__copy_rom_sections_to_ram
                0x00003878       0x34 C:/Freescale/CW MCU v10.6/MCU/ARM_GCC_Support/ewl/lib/armv6-m\librt.a(ROMCopy.o)
                0x00003878                __copy_rom_sections_to_ram
 .text.__destroy_global_chain
                0x000038ac       0x1c C:/Freescale/CW MCU v10.6/MCU/ARM_GCC_Support/ewl/lib/armv6-m\librt.a(__arm_eabi_init.o)
                0x000038ac                __destroy_global_chain
 .text.__init_registers
                0x000038c8       0x1c C:/Freescale/CW MCU v10.6/MCU/ARM_GCC_Support/ewl/lib/armv6-m\librt.a(__arm_eabi_init.o)
                0x000038c8                __init_registers
 .text.__init_user
                0x000038e4        0x4 C:/Freescale/CW MCU v10.6/MCU/ARM_GCC_Support/ewl/lib/armv6-m\librt.a(__arm_eabi_init.o)
                0x000038e4                __init_user
 *(.rodata)
 .rodata        0x000038e8      0x1e0 ./Modules/HMI/HMI.o
 *(.rodata*)
 .rodata.UART_gau32ClockGateMask
                0x00003ac8        0xc ./Modules/LowDrivers/UART/UART.o
 .rodata.UART_gapu8Registers
                0x00003ad4       0x6c ./Modules/LowDrivers/UART/UART.o
 .rodata.u16KeyMask
                0x00003b40        0x8 ./Modules/MidDrivers/DBNCR/Debouncer.o
 .rodata.au8LCDConfig
                0x00003b48        0x4 ./Modules/MidDrivers/LCD/LCD.o
 .rodata.str1.1
                0x00003b4c        0x1 C:/Freescale/CW MCU v10.6/MCU/ARM_GCC_Support/ewl/lib/armv6-m\libc.a(printformat_.o)
 .rodata.CSWTCH.20
                0x00003b4d        0x5 C:/Freescale/CW MCU v10.6/MCU/ARM_GCC_Support/ewl/lib/armv6-m\libc.a(printformat_.o)
 .rodata.CSWTCH.21
                0x00003b52        0x5 C:/Freescale/CW MCU v10.6/MCU/ARM_GCC_Support/ewl/lib/armv6-m\libc.a(printformat_.o)
 .rodata.__aeabi_ctype_table_C
                0x00003b57      0x101 C:/Freescale/CW MCU v10.6/MCU/ARM_GCC_Support/ewl/lib/armv6-m\libc.a(ctype_aeabi.o)
                0x00003b57                __aeabi_ctype_table_C
 *(.glue_7)
 .glue_7        0x00000000        0x0 linker stubs
 *(.glue_7t)
 .glue_7t       0x00000000        0x0 linker stubs
 *(.eh_frame)
 *(.init)
 *(.fini)
                0x00003c58                . = ALIGN (0x4)
                0x00003c58                _etext = .

.vfp11_veneer   0x00003c58        0x0
 .vfp11_veneer  0x00000000        0x0 linker stubs

.v4_bx          0x00003c58        0x0
 .v4_bx         0x00000000        0x0 linker stubs

.iplt           0x00003c58        0x0
 .iplt          0x00000000        0x0 ./Modules/App/ElectroTherapy/ET.o

.rel.dyn        0x00003c58        0x0
 .rel.iplt      0x00000000        0x0 ./Modules/App/ElectroTherapy/ET.o

.ARM.extab
 *(.ARM.extab* .gnu.linkonce.armextab.*)

.ARM            0x00003c58        0x0
                0x00003c58                __exidx_start = .
 *(.ARM.exidx*)
                0x00003c58                __exidx_end = .

.ctors          0x00003c58        0x0
                0x00003c58                __CTOR_LIST__ = .
 *crtbegin.o(.ctors)
 *(EXCLUDE_FILE(*crtend.o) .ctors)
 *(SORT(.ctors.*))
 *(.ctors)
                0x00003c58                __CTOR_END__ = .

.dtors          0x00003c58        0x0
                0x00003c58                __DTOR_LIST__ = .
 *crtbegin.o(.dtors)
 *(EXCLUDE_FILE(*crtend.o) .dtors)
 *(SORT(.dtors.*))
 *(.dtors)
                0x00003c58                __DTOR_END__ = .

.preinit_array  0x00003c58        0x0
                0x00003c58                PROVIDE (__preinit_array_start, .)
 *(.preinit_array*)
                0x00003c58                PROVIDE (__preinit_array_end, .)

.init_array     0x00003c58        0x0
                0x00003c58                PROVIDE (__init_array_start, .)
 *(SORT(.init_array.*))
 *(.init_array*)
                0x00003c58                PROVIDE (__init_array_end, .)

.fini_array     0x00003c58        0x0
                0x00003c58                PROVIDE (__fini_array_start, .)
 *(SORT(.fini_array.*))
 *(.fini_array*)
                0x00003c58                PROVIDE (__fini_array_end, .)
                0x00003c58                ___ROM_AT = .

.mtb            0x1ffff000        0x0
                0x1ffff000                . = ALIGN (0x8)
                0x1ffff000                _mtb_start = .
 *(.mtb_buf)
                0x1ffff000                . = ALIGN (0x8)
                0x1ffff000                _mtb_end = .

.data           0x1ffff000       0x9c load address 0x00003c58
                0x1ffff000                . = ALIGN (0x4)
                0x1ffff000                _sdata = .
 *(.data)
 *(.data*)
 .data.HMI_vpaStates
                0x1ffff000       0x3c ./Modules/HMI/HMI.o
                0x1ffff000                HMI_vpaStates
 .data.vpaStates
                0x1ffff03c       0x18 ./Modules/MidDrivers/LCD/LCD.o
                0x1ffff03c                vpaStates
 .data._astTasks
                0x1ffff054       0x48 ./System/Scheduler/Sch.o
                0x1ffff09c                . = ALIGN (0x4)
                0x1ffff09c                _edata = .
                0x0000009c                ___data_size = (_edata - _sdata)

.igot.plt       0x1ffff09c        0x0 load address 0x00003cf4
 .igot.plt      0x00000000        0x0 ./Modules/App/ElectroTherapy/ET.o
                0x1ffff09c                . = ALIGN (0x4)

.bss            0x1ffff09c       0x9c load address 0x00003cf4
                0x1ffff09c                __START_BSS = .
                0x1ffff09c                PROVIDE (__bss_start__, __START_BSS)
 *(.bss)
 *(.bss*)
 .bss.u8PrevFreq.4705
                0x1ffff09c        0x1 ./Modules/App/ElectroTherapy/ET.o
 .bss.u8PrevInts.4706
                0x1ffff09d        0x1 ./Modules/App/ElectroTherapy/ET.o
 .bss.u8WarningYellowLed
                0x1ffff09e        0x1 ./Modules/App/HeartBit/HeartBit.o
 *fill*         0x1ffff09f        0x1 00
 .bss._stHMISM  0x1ffff0a0        0x4 ./Modules/HMI/HMI.o
 .bss.au8TransferBuffer
                0x1ffff0a4       0x28 ./Modules/HMI/HMI.o
 .bss.u8ScreenUpdated
                0x1ffff0cc        0x1 ./Modules/HMI/HMI.o
 .bss.u8FreqValue
                0x1ffff0cd        0x1 ./Modules/HMI/HMI.o
 .bss.u8IntsValue
                0x1ffff0ce        0x1 ./Modules/HMI/HMI.o
 .bss.u8EmergencyStop
                0x1ffff0cf        0x1 ./Modules/HMI/HMI.o
 .bss.u8CorrectPassword
                0x1ffff0d0        0x1 ./Modules/HMI/HMI.o
 .bss.u8EmergencyActive
                0x1ffff0d1        0x1 ./Modules/HMI/HMI.o
 .bss.u16CurrentMod
                0x1ffff0d2        0x2 ./Modules/LowDrivers/TPM/TPM.o
 .bss.u16CurrentDutyCycle
                0x1ffff0d4        0x2 ./Modules/LowDrivers/TPM/TPM.o
 *fill*         0x1ffff0d6        0x2 00
 .bss.UART_u32DriverStatus
                0x1ffff0d8        0x4 ./Modules/LowDrivers/UART/UART.o
                0x1ffff0d8                UART_u32DriverStatus
 .bss.UART_gpu8OutputBuffer
                0x1ffff0dc        0x4 ./Modules/LowDrivers/UART/UART.o
 .bss.UART_gu16DataOutCounter
                0x1ffff0e0        0x2 ./Modules/LowDrivers/UART/UART.o
 .bss.UART_gbRxData
                0x1ffff0e2        0x1 ./Modules/LowDrivers/UART/UART.o
 *fill*         0x1ffff0e3        0x1 00
 .bss.gwFramingErrorCounter
                0x1ffff0e4        0x2 ./Modules/LowDrivers/UART/UART.o
                0x1ffff0e4                gwFramingErrorCounter
 .bss.gwOverRunCounter
                0x1ffff0e6        0x2 ./Modules/LowDrivers/UART/UART.o
                0x1ffff0e6                gwOverRunCounter
 .bss.gwRxDataCounter
                0x1ffff0e8        0x2 ./Modules/LowDrivers/UART/UART.o
                0x1ffff0e8                gwRxDataCounter
 .bss.u8Activate
                0x1ffff0ea        0x1 ./Modules/MidDrivers/BUZZER/BZR.o
 .bss.u8Status  0x1ffff0eb        0x1 ./Modules/MidDrivers/BUZZER/BZR.o
 .bss.stButtons
                0x1ffff0ec       0x20 ./Modules/MidDrivers/DBNCR/Debouncer.o
 .bss.u8Entry.4683
                0x1ffff10c        0x1 ./Modules/MidDrivers/IRQ/IRQ.o
 *fill*         0x1ffff10d        0x3 00
 .bss._stLCDDriver
                0x1ffff110        0xc ./Modules/MidDrivers/LCD/LCD.o
 .bss.argv      0x1ffff11c        0x4 ./Project_Settings/Startup_Code/__arm_start.o
 .bss.__stdio_exit
                0x1ffff120        0x4 C:/Freescale/CW MCU v10.6/MCU/ARM_GCC_Support/ewl/lib/armv6-m\libc.a(exit.o)
                0x1ffff120                __stdio_exit
 .bss.__console_exit
                0x1ffff124        0x4 C:/Freescale/CW MCU v10.6/MCU/ARM_GCC_Support/ewl/lib/armv6-m\libc.a(exit.o)
                0x1ffff124                __console_exit
 .bss.__S_romp  0x1ffff128        0xc C:/Freescale/CW MCU v10.6/MCU/ARM_GCC_Support/ewl/lib/armv6-m\librt.a(ROMCopy.o)
 .bss.__global_destructor_chain
                0x1ffff134        0x4 C:/Freescale/CW MCU v10.6/MCU/ARM_GCC_Support/ewl/lib/armv6-m\librt.a(__arm_eabi_init.o)
                0x1ffff134                __global_destructor_chain
 *(COMMON)
                0x1ffff138                . = ALIGN (0x4)
                0x1ffff138                __END_BSS = .
                0x1ffff138                PROVIDE (__bss_end__, __END_BSS)
                0x00003cf4                _romp_at = (___ROM_AT + SIZEOF (.data))

.romp           0x1ffff138       0x18 load address 0x00003cf4
                0x00003cf4                __S_romp = _romp_at
                0x1ffff138        0x4 LONG 0x3c58 ___ROM_AT
                0x1ffff13c        0x4 LONG 0x1ffff000 _sdata
                0x1ffff140        0x4 LONG 0x9c ___data_size
                0x1ffff144        0x4 LONG 0x0
                0x1ffff148        0x4 LONG 0x0
                0x1ffff14c        0x4 LONG 0x0

._user_heap_stack
                0x1ffff150      0x800 load address 0x00003d0c
                0x1ffff150                . = ALIGN (0x4)
                0x1ffff150                PROVIDE (end, .)
                0x1ffff150                PROVIDE (_end, .)
                0x1ffff150                __heap_addr = .
                0x1ffff550                . = (. + __heap_size)
 *fill*         0x1ffff150      0x400 00
                0x1ffff950                . = (. + __stack_size)
 *fill*         0x1ffff550      0x400 00
                0x1ffff950                . = ALIGN (0x4)

.ARM.attributes
                0x00000000       0x31
 *(.ARM.attributes)
 .ARM.attributes
                0x00000000       0x31 ./Modules/App/ElectroTherapy/ET.o
 .ARM.attributes
                0x00000031       0x31 ./Modules/App/HeartBit/HeartBit.o
 .ARM.attributes
                0x00000062       0x31 ./Modules/HMI/HMI.o
 .ARM.attributes
                0x00000093       0x31 ./Modules/LowDrivers/ADC/ADC.o
 .ARM.attributes
                0x000000c4       0x31 ./Modules/LowDrivers/GPIO/GPIO.o
 .ARM.attributes
                0x000000f5       0x31 ./Modules/LowDrivers/MCG/MGCDvr.o
 .ARM.attributes
                0x00000126       0x31 ./Modules/LowDrivers/NVIC/NVIC.o
 .ARM.attributes
                0x00000157       0x31 ./Modules/LowDrivers/PIT/PIT.o
 .ARM.attributes
                0x00000188       0x31 ./Modules/LowDrivers/TPM/TPM.o
 .ARM.attributes
                0x000001b9       0x31 ./Modules/LowDrivers/UART/UART.o
 .ARM.attributes
                0x000001ea       0x31 ./Modules/MidDrivers/BUZZER/BZR.o
 .ARM.attributes
                0x0000021b       0x31 ./Modules/MidDrivers/DBNCR/Debouncer.o
 .ARM.attributes
                0x0000024c       0x31 ./Modules/MidDrivers/IRQ/IRQ.o
 .ARM.attributes
                0x0000027d       0x31 ./Modules/MidDrivers/LCD/LCD.o
 .ARM.attributes
                0x000002ae       0x31 ./Project_Settings/Startup_Code/kinetis_sysinit.o
 .ARM.attributes
                0x000002df       0x31 ./Project_Settings/Startup_Code/__arm_start.o
 .ARM.attributes
                0x00000310       0x31 ./Project_Settings/Startup_Code/__arm_end.o
 .ARM.attributes
                0x00000341       0x31 ./Sources/main.o
 .ARM.attributes
                0x00000372       0x31 ./System/Scheduler/Sch.o
 .ARM.attributes
                0x000003a3       0x31 ./System/SysInit/SysInit.o
 .ARM.attributes
                0x000003d4       0x31 C:/Freescale/CW MCU v10.6/MCU/ARM_GCC_Support/ewl/lib/armv6-m\libc.a(sprintf.o)
 .ARM.attributes
                0x00000405       0x31 C:/Freescale/CW MCU v10.6/MCU/ARM_GCC_Support/ewl/lib/armv6-m\libc.a(vsnprintf.o)
 .ARM.attributes
                0x00000436       0x31 C:/Freescale/CW MCU v10.6/MCU/ARM_GCC_Support/ewl/lib/armv6-m\libc.a(exit.o)
 .ARM.attributes
                0x00000467       0x31 C:/Freescale/CW MCU v10.6/MCU/ARM_GCC_Support/ewl/lib/armv6-m\libc.a(memcpy.o)
 .ARM.attributes
                0x00000498       0x31 C:/Freescale/CW MCU v10.6/MCU/ARM_GCC_Support/ewl/lib/armv6-m\libc.a(memset.o)
 .ARM.attributes
                0x000004c9       0x31 C:/Freescale/CW MCU v10.6/MCU/ARM_GCC_Support/ewl/lib/armv6-m\libc.a(printformat_.o)
 .ARM.attributes
                0x000004fa       0x31 C:/Freescale/CW MCU v10.6/MCU/ARM_GCC_Support/ewl/lib/armv6-m\libc.a(scanformat_.o)
 .ARM.attributes
                0x0000052b       0x31 C:/Freescale/CW MCU v10.6/MCU/ARM_GCC_Support/ewl/lib/armv6-m\libc.a(ctype_aeabi.o)
 .ARM.attributes
                0x0000055c       0x31 C:/Freescale/CW MCU v10.6/MCU/ARM_GCC_Support/ewl/lib/armv6-m\libc.a(__strtoul.o)
 .ARM.attributes
                0x0000058d       0x31 C:/Freescale/CW MCU v10.6/MCU/ARM_GCC_Support/ewl/lib/armv6-m\libc.a(__filll_mem.o)
 .ARM.attributes
                0x000005be       0x31 C:/Freescale/CW MCU v10.6/MCU/ARM_GCC_Support/ewl/lib/armv6-m\libc.a(memchr.o)
 .ARM.attributes
                0x000005ef       0x31 C:/Freescale/CW MCU v10.6/MCU/ARM_GCC_Support/ewl/lib/armv6-m\libc.a(strchr.o)
 .ARM.attributes
                0x00000620       0x31 C:/Freescale/CW MCU v10.6/MCU/ARM_GCC_Support/ewl/lib/armv6-m\libc.a(strlen.o)
 .ARM.attributes
                0x00000651       0x1e c:/freescale/cw mcu v10.6/cross_tools/arm-none-eabi-gcc-4_7_3/bin/../lib/gcc/arm-none-eabi/4.7.3/armv6-m\libgcc.a(_thumb1_case_sqi.o)
 .ARM.attributes
                0x0000066f       0x1e c:/freescale/cw mcu v10.6/cross_tools/arm-none-eabi-gcc-4_7_3/bin/../lib/gcc/arm-none-eabi/4.7.3/armv6-m\libgcc.a(_thumb1_case_uqi.o)
 .ARM.attributes
                0x0000068d       0x1e c:/freescale/cw mcu v10.6/cross_tools/arm-none-eabi-gcc-4_7_3/bin/../lib/gcc/arm-none-eabi/4.7.3/armv6-m\libgcc.a(_udivsi3.o)
 .ARM.attributes
                0x000006ab       0x1e c:/freescale/cw mcu v10.6/cross_tools/arm-none-eabi-gcc-4_7_3/bin/../lib/gcc/arm-none-eabi/4.7.3/armv6-m\libgcc.a(_divsi3.o)
 .ARM.attributes
                0x000006c9       0x1e c:/freescale/cw mcu v10.6/cross_tools/arm-none-eabi-gcc-4_7_3/bin/../lib/gcc/arm-none-eabi/4.7.3/armv6-m\libgcc.a(_dvmd_tls.o)
 .ARM.attributes
                0x000006e7       0x31 C:/Freescale/CW MCU v10.6/MCU/ARM_GCC_Support/ewl/lib/armv6-m\librt.a(gcc_ctor_dtor.o)
 .ARM.attributes
                0x00000718       0x31 C:/Freescale/CW MCU v10.6/MCU/ARM_GCC_Support/ewl/lib/armv6-m\librt.a(ROMCopy.o)
 .ARM.attributes
                0x00000749       0x31 C:/Freescale/CW MCU v10.6/MCU/ARM_GCC_Support/ewl/lib/armv6-m\librt.a(__arm_eabi_init.o)
OUTPUT(ProyectoTerapiaPresion.elf elf32-littlearm)

.debug_info     0x00000000     0x600e
 .debug_info    0x00000000      0x188 ./Modules/App/ElectroTherapy/ET.o
 .debug_info    0x00000188      0x169 ./Modules/App/HeartBit/HeartBit.o
 .debug_info    0x000002f1      0x616 ./Modules/HMI/HMI.o
 .debug_info    0x00000907      0x497 ./Modules/LowDrivers/ADC/ADC.o
 .debug_info    0x00000d9e      0x3ca ./Modules/LowDrivers/GPIO/GPIO.o
 .debug_info    0x00001168      0x4e9 ./Modules/LowDrivers/MCG/MGCDvr.o
 .debug_info    0x00001651      0x2f3 ./Modules/LowDrivers/NVIC/NVIC.o
 .debug_info    0x00001944      0x495 ./Modules/LowDrivers/PIT/PIT.o
 .debug_info    0x00001dd9      0x4fd ./Modules/LowDrivers/TPM/TPM.o
 .debug_info    0x000022d6      0x7a0 ./Modules/LowDrivers/UART/UART.o
 .debug_info    0x00002a76      0x10b ./Modules/MidDrivers/BUZZER/BZR.o
 .debug_info    0x00002b81      0x27d ./Modules/MidDrivers/DBNCR/Debouncer.o
 .debug_info    0x00002dfe      0x610 ./Modules/MidDrivers/IRQ/IRQ.o
 .debug_info    0x0000340e      0x39a ./Modules/MidDrivers/LCD/LCD.o
 .debug_info    0x000037a8      0x447 ./Project_Settings/Startup_Code/kinetis_sysinit.o
 .debug_info    0x00003bef      0x12a ./Project_Settings/Startup_Code/__arm_start.o
 .debug_info    0x00003d19       0x54 ./Project_Settings/Startup_Code/__arm_end.o
 .debug_info    0x00003d6d       0x88 ./Sources/main.o
 .debug_info    0x00003df5      0x25a ./System/Scheduler/Sch.o
 .debug_info    0x0000404f       0x84 ./System/SysInit/SysInit.o
 .debug_info    0x000040d3      0x11e C:/Freescale/CW MCU v10.6/MCU/ARM_GCC_Support/ewl/lib/armv6-m\libc.a(sprintf.o)
 .debug_info    0x000041f1      0x205 C:/Freescale/CW MCU v10.6/MCU/ARM_GCC_Support/ewl/lib/armv6-m\libc.a(vsnprintf.o)
 .debug_info    0x000043f6       0xe8 C:/Freescale/CW MCU v10.6/MCU/ARM_GCC_Support/ewl/lib/armv6-m\libc.a(exit.o)
 .debug_info    0x000044de      0x10f C:/Freescale/CW MCU v10.6/MCU/ARM_GCC_Support/ewl/lib/armv6-m\libc.a(memcpy.o)
 .debug_info    0x000045ed       0xec C:/Freescale/CW MCU v10.6/MCU/ARM_GCC_Support/ewl/lib/armv6-m\libc.a(memset.o)
 .debug_info    0x000046d9      0x50d C:/Freescale/CW MCU v10.6/MCU/ARM_GCC_Support/ewl/lib/armv6-m\libc.a(printformat_.o)
 .debug_info    0x00004be6      0x568 C:/Freescale/CW MCU v10.6/MCU/ARM_GCC_Support/ewl/lib/armv6-m\libc.a(scanformat_.o)
 .debug_info    0x0000514e      0x313 C:/Freescale/CW MCU v10.6/MCU/ARM_GCC_Support/ewl/lib/armv6-m\libc.a(ctype_aeabi.o)
 .debug_info    0x00005461      0x1d6 C:/Freescale/CW MCU v10.6/MCU/ARM_GCC_Support/ewl/lib/armv6-m\libc.a(__strtoul.o)
 .debug_info    0x00005637      0x137 C:/Freescale/CW MCU v10.6/MCU/ARM_GCC_Support/ewl/lib/armv6-m\libc.a(__filll_mem.o)
 .debug_info    0x0000576e      0x121 C:/Freescale/CW MCU v10.6/MCU/ARM_GCC_Support/ewl/lib/armv6-m\libc.a(memchr.o)
 .debug_info    0x0000588f      0x10b C:/Freescale/CW MCU v10.6/MCU/ARM_GCC_Support/ewl/lib/armv6-m\libc.a(strchr.o)
 .debug_info    0x0000599a       0xea C:/Freescale/CW MCU v10.6/MCU/ARM_GCC_Support/ewl/lib/armv6-m\libc.a(strlen.o)
 .debug_info    0x00005a84      0x136 C:/Freescale/CW MCU v10.6/MCU/ARM_GCC_Support/ewl/lib/armv6-m\librt.a(gcc_ctor_dtor.o)
 .debug_info    0x00005bba      0x19b C:/Freescale/CW MCU v10.6/MCU/ARM_GCC_Support/ewl/lib/armv6-m\librt.a(ROMCopy.o)
 .debug_info    0x00005d55      0x2b9 C:/Freescale/CW MCU v10.6/MCU/ARM_GCC_Support/ewl/lib/armv6-m\librt.a(__arm_eabi_init.o)

.debug_abbrev   0x00000000     0x1d97
 .debug_abbrev  0x00000000       0xaa ./Modules/App/ElectroTherapy/ET.o
 .debug_abbrev  0x000000aa       0x94 ./Modules/App/HeartBit/HeartBit.o
 .debug_abbrev  0x0000013e      0x132 ./Modules/HMI/HMI.o
 .debug_abbrev  0x00000270       0xf3 ./Modules/LowDrivers/ADC/ADC.o
 .debug_abbrev  0x00000363       0xbe ./Modules/LowDrivers/GPIO/GPIO.o
 .debug_abbrev  0x00000421       0xbe ./Modules/LowDrivers/MCG/MGCDvr.o
 .debug_abbrev  0x000004df       0xfa ./Modules/LowDrivers/NVIC/NVIC.o
 .debug_abbrev  0x000005d9       0xbc ./Modules/LowDrivers/PIT/PIT.o
 .debug_abbrev  0x00000695      0x116 ./Modules/LowDrivers/TPM/TPM.o
 .debug_abbrev  0x000007ab      0x13a ./Modules/LowDrivers/UART/UART.o
 .debug_abbrev  0x000008e5       0x6f ./Modules/MidDrivers/BUZZER/BZR.o
 .debug_abbrev  0x00000954      0x11e ./Modules/MidDrivers/DBNCR/Debouncer.o
 .debug_abbrev  0x00000a72       0xf8 ./Modules/MidDrivers/IRQ/IRQ.o
 .debug_abbrev  0x00000b6a      0x136 ./Modules/MidDrivers/LCD/LCD.o
 .debug_abbrev  0x00000ca0       0xe7 ./Project_Settings/Startup_Code/kinetis_sysinit.o
 .debug_abbrev  0x00000d87       0x92 ./Project_Settings/Startup_Code/__arm_start.o
 .debug_abbrev  0x00000e19       0x4c ./Project_Settings/Startup_Code/__arm_end.o
 .debug_abbrev  0x00000e65       0x3f ./Sources/main.o
 .debug_abbrev  0x00000ea4       0xe7 ./System/Scheduler/Sch.o
 .debug_abbrev  0x00000f8b       0x3d ./System/SysInit/SysInit.o
 .debug_abbrev  0x00000fc8       0xb1 C:/Freescale/CW MCU v10.6/MCU/ARM_GCC_Support/ewl/lib/armv6-m\libc.a(sprintf.o)
 .debug_abbrev  0x00001079       0xf0 C:/Freescale/CW MCU v10.6/MCU/ARM_GCC_Support/ewl/lib/armv6-m\libc.a(vsnprintf.o)
 .debug_abbrev  0x00001169       0x7a C:/Freescale/CW MCU v10.6/MCU/ARM_GCC_Support/ewl/lib/armv6-m\libc.a(exit.o)
 .debug_abbrev  0x000011e3       0x95 C:/Freescale/CW MCU v10.6/MCU/ARM_GCC_Support/ewl/lib/armv6-m\libc.a(memcpy.o)
 .debug_abbrev  0x00001278       0x62 C:/Freescale/CW MCU v10.6/MCU/ARM_GCC_Support/ewl/lib/armv6-m\libc.a(memset.o)
 .debug_abbrev  0x000012da      0x200 C:/Freescale/CW MCU v10.6/MCU/ARM_GCC_Support/ewl/lib/armv6-m\libc.a(printformat_.o)
 .debug_abbrev  0x000014da      0x1f0 C:/Freescale/CW MCU v10.6/MCU/ARM_GCC_Support/ewl/lib/armv6-m\libc.a(scanformat_.o)
 .debug_abbrev  0x000016ca       0x9e C:/Freescale/CW MCU v10.6/MCU/ARM_GCC_Support/ewl/lib/armv6-m\libc.a(ctype_aeabi.o)
 .debug_abbrev  0x00001768       0xc2 C:/Freescale/CW MCU v10.6/MCU/ARM_GCC_Support/ewl/lib/armv6-m\libc.a(__strtoul.o)
 .debug_abbrev  0x0000182a       0x78 C:/Freescale/CW MCU v10.6/MCU/ARM_GCC_Support/ewl/lib/armv6-m\libc.a(__filll_mem.o)
 .debug_abbrev  0x000018a2       0x95 C:/Freescale/CW MCU v10.6/MCU/ARM_GCC_Support/ewl/lib/armv6-m\libc.a(memchr.o)
 .debug_abbrev  0x00001937       0x7a C:/Freescale/CW MCU v10.6/MCU/ARM_GCC_Support/ewl/lib/armv6-m\libc.a(strchr.o)
 .debug_abbrev  0x000019b1       0x7a C:/Freescale/CW MCU v10.6/MCU/ARM_GCC_Support/ewl/lib/armv6-m\libc.a(strlen.o)
 .debug_abbrev  0x00001a2b       0x99 C:/Freescale/CW MCU v10.6/MCU/ARM_GCC_Support/ewl/lib/armv6-m\librt.a(gcc_ctor_dtor.o)
 .debug_abbrev  0x00001ac4      0x120 C:/Freescale/CW MCU v10.6/MCU/ARM_GCC_Support/ewl/lib/armv6-m\librt.a(ROMCopy.o)
 .debug_abbrev  0x00001be4      0x1b3 C:/Freescale/CW MCU v10.6/MCU/ARM_GCC_Support/ewl/lib/armv6-m\librt.a(__arm_eabi_init.o)

.debug_loc      0x00000000     0x3503
 .debug_loc     0x00000000       0x38 ./Modules/App/ElectroTherapy/ET.o
 .debug_loc     0x00000038       0xb0 ./Modules/App/HeartBit/HeartBit.o
 .debug_loc     0x000000e8      0x370 ./Modules/HMI/HMI.o
 .debug_loc     0x00000458       0x64 ./Modules/LowDrivers/ADC/ADC.o
 .debug_loc     0x000004bc       0x2c ./Modules/LowDrivers/GPIO/GPIO.o
 .debug_loc     0x000004e8       0x2c ./Modules/LowDrivers/MCG/MGCDvr.o
 .debug_loc     0x00000514       0x70 ./Modules/LowDrivers/NVIC/NVIC.o
 .debug_loc     0x00000584       0x2c ./Modules/LowDrivers/PIT/PIT.o
 .debug_loc     0x000005b0       0xd4 ./Modules/LowDrivers/TPM/TPM.o
 .debug_loc     0x00000684      0x120 ./Modules/LowDrivers/UART/UART.o
 .debug_loc     0x000007a4       0x84 ./Modules/MidDrivers/BUZZER/BZR.o
 .debug_loc     0x00000828       0x9c ./Modules/MidDrivers/DBNCR/Debouncer.o
 .debug_loc     0x000008c4       0x58 ./Modules/MidDrivers/IRQ/IRQ.o
 .debug_loc     0x0000091c      0x234 ./Modules/MidDrivers/LCD/LCD.o
 .debug_loc     0x00000b50       0x58 ./Project_Settings/Startup_Code/kinetis_sysinit.o
 .debug_loc     0x00000ba8       0x2c ./Project_Settings/Startup_Code/__arm_start.o
 .debug_loc     0x00000bd4       0x38 ./Project_Settings/Startup_Code/__arm_end.o
 .debug_loc     0x00000c0c       0x2c ./Sources/main.o
 .debug_loc     0x00000c38       0x70 ./System/Scheduler/Sch.o
 .debug_loc     0x00000ca8       0x2c ./System/SysInit/SysInit.o
 .debug_loc     0x00000cd4       0x3f C:/Freescale/CW MCU v10.6/MCU/ARM_GCC_Support/ewl/lib/armv6-m\libc.a(sprintf.o)
 .debug_loc     0x00000d13      0x105 C:/Freescale/CW MCU v10.6/MCU/ARM_GCC_Support/ewl/lib/armv6-m\libc.a(vsnprintf.o)
 .debug_loc     0x00000e18       0x3e C:/Freescale/CW MCU v10.6/MCU/ARM_GCC_Support/ewl/lib/armv6-m\libc.a(exit.o)
 .debug_loc     0x00000e56       0x59 C:/Freescale/CW MCU v10.6/MCU/ARM_GCC_Support/ewl/lib/armv6-m\libc.a(memcpy.o)
 .debug_loc     0x00000eaf       0x6f C:/Freescale/CW MCU v10.6/MCU/ARM_GCC_Support/ewl/lib/armv6-m\libc.a(memset.o)
 .debug_loc     0x00000f1e     0x104b C:/Freescale/CW MCU v10.6/MCU/ARM_GCC_Support/ewl/lib/armv6-m\libc.a(printformat_.o)
 .debug_loc     0x00001f69      0x9d8 C:/Freescale/CW MCU v10.6/MCU/ARM_GCC_Support/ewl/lib/armv6-m\libc.a(scanformat_.o)
 .debug_loc     0x00002941      0x30d C:/Freescale/CW MCU v10.6/MCU/ARM_GCC_Support/ewl/lib/armv6-m\libc.a(ctype_aeabi.o)
 .debug_loc     0x00002c4e      0x305 C:/Freescale/CW MCU v10.6/MCU/ARM_GCC_Support/ewl/lib/armv6-m\libc.a(__strtoul.o)
 .debug_loc     0x00002f53      0x14a C:/Freescale/CW MCU v10.6/MCU/ARM_GCC_Support/ewl/lib/armv6-m\libc.a(__filll_mem.o)
 .debug_loc     0x0000309d       0x77 C:/Freescale/CW MCU v10.6/MCU/ARM_GCC_Support/ewl/lib/armv6-m\libc.a(memchr.o)
 .debug_loc     0x00003114       0xaf C:/Freescale/CW MCU v10.6/MCU/ARM_GCC_Support/ewl/lib/armv6-m\libc.a(strchr.o)
 .debug_loc     0x000031c3       0x33 C:/Freescale/CW MCU v10.6/MCU/ARM_GCC_Support/ewl/lib/armv6-m\libc.a(strlen.o)
 .debug_loc     0x000031f6       0x9d C:/Freescale/CW MCU v10.6/MCU/ARM_GCC_Support/ewl/lib/armv6-m\librt.a(gcc_ctor_dtor.o)
 .debug_loc     0x00003293       0xd9 C:/Freescale/CW MCU v10.6/MCU/ARM_GCC_Support/ewl/lib/armv6-m\librt.a(ROMCopy.o)
 .debug_loc     0x0000336c      0x197 C:/Freescale/CW MCU v10.6/MCU/ARM_GCC_Support/ewl/lib/armv6-m\librt.a(__arm_eabi_init.o)

.debug_aranges  0x00000000      0x6e8
 .debug_aranges
                0x00000000       0x20 ./Modules/App/ElectroTherapy/ET.o
 .debug_aranges
                0x00000020       0x38 ./Modules/App/HeartBit/HeartBit.o
 .debug_aranges
                0x00000058       0xb8 ./Modules/HMI/HMI.o
 .debug_aranges
                0x00000110       0x28 ./Modules/LowDrivers/ADC/ADC.o
 .debug_aranges
                0x00000138       0x20 ./Modules/LowDrivers/GPIO/GPIO.o
 .debug_aranges
                0x00000158       0x20 ./Modules/LowDrivers/MCG/MGCDvr.o
 .debug_aranges
                0x00000178       0x28 ./Modules/LowDrivers/NVIC/NVIC.o
 .debug_aranges
                0x000001a0       0x20 ./Modules/LowDrivers/PIT/PIT.o
 .debug_aranges
                0x000001c0       0x38 ./Modules/LowDrivers/TPM/TPM.o
 .debug_aranges
                0x000001f8       0x48 ./Modules/LowDrivers/UART/UART.o
 .debug_aranges
                0x00000240       0x30 ./Modules/MidDrivers/BUZZER/BZR.o
 .debug_aranges
                0x00000270       0x30 ./Modules/MidDrivers/DBNCR/Debouncer.o
 .debug_aranges
                0x000002a0       0x28 ./Modules/MidDrivers/IRQ/IRQ.o
 .debug_aranges
                0x000002c8       0x78 ./Modules/MidDrivers/LCD/LCD.o
 .debug_aranges
                0x00000340       0x28 ./Project_Settings/Startup_Code/kinetis_sysinit.o
 .debug_aranges
                0x00000368       0x30 ./Project_Settings/Startup_Code/__arm_start.o
 .debug_aranges
                0x00000398       0x20 ./Project_Settings/Startup_Code/__arm_end.o
 .debug_aranges
                0x000003b8       0x20 ./Sources/main.o
 .debug_aranges
                0x000003d8       0x28 ./System/Scheduler/Sch.o
 .debug_aranges
                0x00000400       0x20 ./System/SysInit/SysInit.o
 .debug_aranges
                0x00000420       0x20 C:/Freescale/CW MCU v10.6/MCU/ARM_GCC_Support/ewl/lib/armv6-m\libc.a(sprintf.o)
 .debug_aranges
                0x00000440       0x28 C:/Freescale/CW MCU v10.6/MCU/ARM_GCC_Support/ewl/lib/armv6-m\libc.a(vsnprintf.o)
 .debug_aranges
                0x00000468       0x20 C:/Freescale/CW MCU v10.6/MCU/ARM_GCC_Support/ewl/lib/armv6-m\libc.a(exit.o)
 .debug_aranges
                0x00000488       0x20 C:/Freescale/CW MCU v10.6/MCU/ARM_GCC_Support/ewl/lib/armv6-m\libc.a(memcpy.o)
 .debug_aranges
                0x000004a8       0x20 C:/Freescale/CW MCU v10.6/MCU/ARM_GCC_Support/ewl/lib/armv6-m\libc.a(memset.o)
 .debug_aranges
                0x000004c8       0x28 C:/Freescale/CW MCU v10.6/MCU/ARM_GCC_Support/ewl/lib/armv6-m\libc.a(printformat_.o)
 .debug_aranges
                0x000004f0       0x20 C:/Freescale/CW MCU v10.6/MCU/ARM_GCC_Support/ewl/lib/armv6-m\libc.a(scanformat_.o)
 .debug_aranges
                0x00000510       0x88 C:/Freescale/CW MCU v10.6/MCU/ARM_GCC_Support/ewl/lib/armv6-m\libc.a(ctype_aeabi.o)
 .debug_aranges
                0x00000598       0x20 C:/Freescale/CW MCU v10.6/MCU/ARM_GCC_Support/ewl/lib/armv6-m\libc.a(__strtoul.o)
 .debug_aranges
                0x000005b8       0x20 C:/Freescale/CW MCU v10.6/MCU/ARM_GCC_Support/ewl/lib/armv6-m\libc.a(__filll_mem.o)
 .debug_aranges
                0x000005d8       0x20 C:/Freescale/CW MCU v10.6/MCU/ARM_GCC_Support/ewl/lib/armv6-m\libc.a(memchr.o)
 .debug_aranges
                0x000005f8       0x20 C:/Freescale/CW MCU v10.6/MCU/ARM_GCC_Support/ewl/lib/armv6-m\libc.a(strchr.o)
 .debug_aranges
                0x00000618       0x20 C:/Freescale/CW MCU v10.6/MCU/ARM_GCC_Support/ewl/lib/armv6-m\libc.a(strlen.o)
 .debug_aranges
                0x00000638       0x28 C:/Freescale/CW MCU v10.6/MCU/ARM_GCC_Support/ewl/lib/armv6-m\librt.a(gcc_ctor_dtor.o)
 .debug_aranges
                0x00000660       0x30 C:/Freescale/CW MCU v10.6/MCU/ARM_GCC_Support/ewl/lib/armv6-m\librt.a(ROMCopy.o)
 .debug_aranges
                0x00000690       0x58 C:/Freescale/CW MCU v10.6/MCU/ARM_GCC_Support/ewl/lib/armv6-m\librt.a(__arm_eabi_init.o)

.debug_macinfo  0x00000000   0x2bbe15
 .debug_macinfo
                0x00000000    0x26961 ./Modules/App/ElectroTherapy/ET.o
 .debug_macinfo
                0x00026961    0x2664f ./Modules/App/HeartBit/HeartBit.o
 .debug_macinfo
                0x0004cfb0    0x269a5 ./Modules/HMI/HMI.o
 .debug_macinfo
                0x00073955    0x26559 ./Modules/LowDrivers/ADC/ADC.o
 .debug_macinfo
                0x00099eae    0x2650d ./Modules/LowDrivers/GPIO/GPIO.o
 .debug_macinfo
                0x000c03bb    0x26578 ./Modules/LowDrivers/MCG/MGCDvr.o
 .debug_macinfo
                0x000e6933    0x2652c ./Modules/LowDrivers/NVIC/NVIC.o
 .debug_macinfo
                0x0010ce5f    0x2650c ./Modules/LowDrivers/PIT/PIT.o
 .debug_macinfo
                0x0013336b    0x26588 ./Modules/LowDrivers/TPM/TPM.o
 .debug_macinfo
                0x001598f3    0x2673d ./Modules/LowDrivers/UART/UART.o
 .debug_macinfo
                0x00180030    0x26596 ./Modules/MidDrivers/BUZZER/BZR.o
 .debug_macinfo
                0x001a65c6    0x265cb ./Modules/MidDrivers/DBNCR/Debouncer.o
 .debug_macinfo
                0x001ccb91    0x268f9 ./Modules/MidDrivers/IRQ/IRQ.o
 .debug_macinfo
                0x001f348a    0x268d5 ./Modules/MidDrivers/LCD/LCD.o
 .debug_macinfo
                0x00219d5f    0x2653c ./Project_Settings/Startup_Code/kinetis_sysinit.o
 .debug_macinfo
                0x0024029b     0x3eb9 ./Project_Settings/Startup_Code/__arm_start.o
 .debug_macinfo
                0x00244154     0x34a2 ./Project_Settings/Startup_Code/__arm_end.o
 .debug_macinfo
                0x002475f6    0x26f03 ./Sources/main.o
 .debug_macinfo
                0x0026e4f9    0x26bcd ./System/Scheduler/Sch.o
 .debug_macinfo
                0x002950c6    0x26d4f ./System/SysInit/SysInit.o

.debug_line     0x00000000     0x4c5c
 .debug_line    0x00000000      0x301 ./Modules/App/ElectroTherapy/ET.o
 .debug_line    0x00000301      0x255 ./Modules/App/HeartBit/HeartBit.o
 .debug_line    0x00000556      0x572 ./Modules/HMI/HMI.o
 .debug_line    0x00000ac8      0x233 ./Modules/LowDrivers/ADC/ADC.o
 .debug_line    0x00000cfb      0x205 ./Modules/LowDrivers/GPIO/GPIO.o
 .debug_line    0x00000f00      0x211 ./Modules/LowDrivers/MCG/MGCDvr.o
 .debug_line    0x00001111      0x1fd ./Modules/LowDrivers/NVIC/NVIC.o
 .debug_line    0x0000130e      0x1d7 ./Modules/LowDrivers/PIT/PIT.o
 .debug_line    0x000014e5      0x268 ./Modules/LowDrivers/TPM/TPM.o
 .debug_line    0x0000174d      0x2ba ./Modules/LowDrivers/UART/UART.o
 .debug_line    0x00001a07      0x28a ./Modules/MidDrivers/BUZZER/BZR.o
 .debug_line    0x00001c91      0x263 ./Modules/MidDrivers/DBNCR/Debouncer.o
 .debug_line    0x00001ef4      0x2c6 ./Modules/MidDrivers/IRQ/IRQ.o
 .debug_line    0x000021ba      0x324 ./Modules/MidDrivers/LCD/LCD.o
 .debug_line    0x000024de      0x215 ./Project_Settings/Startup_Code/kinetis_sysinit.o
 .debug_line    0x000026f3      0x298 ./Project_Settings/Startup_Code/__arm_start.o
 .debug_line    0x0000298b      0x266 ./Project_Settings/Startup_Code/__arm_end.o
 .debug_line    0x00002bf1      0x6d9 ./Sources/main.o
 .debug_line    0x000032ca      0x401 ./System/Scheduler/Sch.o
 .debug_line    0x000036cb      0x54e ./System/SysInit/SysInit.o
 .debug_line    0x00003c19       0x93 C:/Freescale/CW MCU v10.6/MCU/ARM_GCC_Support/ewl/lib/armv6-m\libc.a(sprintf.o)
 .debug_line    0x00003cac       0xd4 C:/Freescale/CW MCU v10.6/MCU/ARM_GCC_Support/ewl/lib/armv6-m\libc.a(vsnprintf.o)
 .debug_line    0x00003d80       0x8d C:/Freescale/CW MCU v10.6/MCU/ARM_GCC_Support/ewl/lib/armv6-m\libc.a(exit.o)
 .debug_line    0x00003e0d       0x8b C:/Freescale/CW MCU v10.6/MCU/ARM_GCC_Support/ewl/lib/armv6-m\libc.a(memcpy.o)
 .debug_line    0x00003e98       0x90 C:/Freescale/CW MCU v10.6/MCU/ARM_GCC_Support/ewl/lib/armv6-m\libc.a(memset.o)
 .debug_line    0x00003f28      0x2c3 C:/Freescale/CW MCU v10.6/MCU/ARM_GCC_Support/ewl/lib/armv6-m\libc.a(printformat_.o)
 .debug_line    0x000041eb      0x2be C:/Freescale/CW MCU v10.6/MCU/ARM_GCC_Support/ewl/lib/armv6-m\libc.a(scanformat_.o)
 .debug_line    0x000044a9      0x1be C:/Freescale/CW MCU v10.6/MCU/ARM_GCC_Support/ewl/lib/armv6-m\libc.a(ctype_aeabi.o)
 .debug_line    0x00004667      0x11e C:/Freescale/CW MCU v10.6/MCU/ARM_GCC_Support/ewl/lib/armv6-m\libc.a(__strtoul.o)
 .debug_line    0x00004785       0xf6 C:/Freescale/CW MCU v10.6/MCU/ARM_GCC_Support/ewl/lib/armv6-m\libc.a(__filll_mem.o)
 .debug_line    0x0000487b       0x9f C:/Freescale/CW MCU v10.6/MCU/ARM_GCC_Support/ewl/lib/armv6-m\libc.a(memchr.o)
 .debug_line    0x0000491a       0x7d C:/Freescale/CW MCU v10.6/MCU/ARM_GCC_Support/ewl/lib/armv6-m\libc.a(strchr.o)
 .debug_line    0x00004997       0x85 C:/Freescale/CW MCU v10.6/MCU/ARM_GCC_Support/ewl/lib/armv6-m\libc.a(strlen.o)
 .debug_line    0x00004a1c       0x6c C:/Freescale/CW MCU v10.6/MCU/ARM_GCC_Support/ewl/lib/armv6-m\librt.a(gcc_ctor_dtor.o)
 .debug_line    0x00004a88       0xbd C:/Freescale/CW MCU v10.6/MCU/ARM_GCC_Support/ewl/lib/armv6-m\librt.a(ROMCopy.o)
 .debug_line    0x00004b45      0x117 C:/Freescale/CW MCU v10.6/MCU/ARM_GCC_Support/ewl/lib/armv6-m\librt.a(__arm_eabi_init.o)

.debug_str      0x00000000     0x202d
 .debug_str     0x00000000      0x1aa ./Modules/App/ElectroTherapy/ET.o
                                0x1de (size before relaxing)
 .debug_str     0x000001aa       0x72 ./Modules/App/HeartBit/HeartBit.o
                                0x1c7 (size before relaxing)
 .debug_str     0x0000021c      0x3af ./Modules/HMI/HMI.o
                                0x4d5 (size before relaxing)
 .debug_str     0x000005cb      0x19b ./Modules/LowDrivers/ADC/ADC.o
                                0x2c1 (size before relaxing)
 .debug_str     0x00000766       0x5d ./Modules/LowDrivers/GPIO/GPIO.o
                                0x28d (size before relaxing)
 .debug_str     0x000007c3       0x99 ./Modules/LowDrivers/MCG/MGCDvr.o
                                0x2bc (size before relaxing)
 .debug_str     0x0000085c      0x2d5 ./Modules/LowDrivers/NVIC/NVIC.o
                                0x412 (size before relaxing)
 .debug_str     0x00000b31       0x71 ./Modules/LowDrivers/PIT/PIT.o
                                0x297 (size before relaxing)
 .debug_str     0x00000ba2      0x108 ./Modules/LowDrivers/TPM/TPM.o
                                0x344 (size before relaxing)
 .debug_str     0x00000caa      0x46a ./Modules/LowDrivers/UART/UART.o
                                0x673 (size before relaxing)
 .debug_str     0x00001114       0x6b ./Modules/MidDrivers/BUZZER/BZR.o
                                0x1a9 (size before relaxing)
 .debug_str     0x0000117f      0x10b ./Modules/MidDrivers/DBNCR/Debouncer.o
                                0x299 (size before relaxing)
 .debug_str     0x0000128a       0x43 ./Modules/MidDrivers/IRQ/IRQ.o
                                0x519 (size before relaxing)
 .debug_str     0x000012cd      0x1ce ./Modules/MidDrivers/LCD/LCD.o
                                0x354 (size before relaxing)
 .debug_str     0x0000149b       0xc6 ./Project_Settings/Startup_Code/kinetis_sysinit.o
                                0x2bd (size before relaxing)
 .debug_str     0x00001561       0x85 ./Project_Settings/Startup_Code/__arm_start.o
                                0x197 (size before relaxing)
 .debug_str     0x000015e6       0x41 ./Project_Settings/Startup_Code/__arm_end.o
                                 0xce (size before relaxing)
 .debug_str     0x00001627       0x17 ./Sources/main.o
                                0x124 (size before relaxing)
 .debug_str     0x0000163e       0xa1 ./System/Scheduler/Sch.o
                                0x229 (size before relaxing)
 .debug_str     0x000016df       0x2b ./System/SysInit/SysInit.o
                                0x138 (size before relaxing)
 .debug_str     0x0000170a       0x54 C:/Freescale/CW MCU v10.6/MCU/ARM_GCC_Support/ewl/lib/armv6-m\libc.a(sprintf.o)
                                0x163 (size before relaxing)
 .debug_str     0x0000175e       0x83 C:/Freescale/CW MCU v10.6/MCU/ARM_GCC_Support/ewl/lib/armv6-m\libc.a(vsnprintf.o)
                                0x1cc (size before relaxing)
 .debug_str     0x000017e1       0x2e C:/Freescale/CW MCU v10.6/MCU/ARM_GCC_Support/ewl/lib/armv6-m\libc.a(exit.o)
                                0x157 (size before relaxing)
 .debug_str     0x0000180f       0x1c C:/Freescale/CW MCU v10.6/MCU/ARM_GCC_Support/ewl/lib/armv6-m\libc.a(memcpy.o)
                                0x138 (size before relaxing)
 .debug_str     0x0000182b       0x1c C:/Freescale/CW MCU v10.6/MCU/ARM_GCC_Support/ewl/lib/armv6-m\libc.a(memset.o)
                                0x140 (size before relaxing)
 .debug_str     0x00001847      0x22c C:/Freescale/CW MCU v10.6/MCU/ARM_GCC_Support/ewl/lib/armv6-m\libc.a(printformat_.o)
                                0x3b3 (size before relaxing)
 .debug_str     0x00001a73      0x184 C:/Freescale/CW MCU v10.6/MCU/ARM_GCC_Support/ewl/lib/armv6-m\libc.a(scanformat_.o)
                                0x3f9 (size before relaxing)
 .debug_str     0x00001bf7       0x9d C:/Freescale/CW MCU v10.6/MCU/ARM_GCC_Support/ewl/lib/armv6-m\libc.a(ctype_aeabi.o)
                                0x1bc (size before relaxing)
 .debug_str     0x00001c94       0x61 C:/Freescale/CW MCU v10.6/MCU/ARM_GCC_Support/ewl/lib/armv6-m\libc.a(__strtoul.o)
                                0x1fb (size before relaxing)
 .debug_str     0x00001cf5       0x25 C:/Freescale/CW MCU v10.6/MCU/ARM_GCC_Support/ewl/lib/armv6-m\libc.a(__filll_mem.o)
                                0x152 (size before relaxing)
 .debug_str     0x00001d1a       0x1c C:/Freescale/CW MCU v10.6/MCU/ARM_GCC_Support/ewl/lib/armv6-m\libc.a(memchr.o)
                                0x148 (size before relaxing)
 .debug_str     0x00001d36       0x1c C:/Freescale/CW MCU v10.6/MCU/ARM_GCC_Support/ewl/lib/armv6-m\libc.a(strchr.o)
                                0x137 (size before relaxing)
 .debug_str     0x00001d52       0x1c C:/Freescale/CW MCU v10.6/MCU/ARM_GCC_Support/ewl/lib/armv6-m\libc.a(strlen.o)
                                0x140 (size before relaxing)
 .debug_str     0x00001d6e      0x126 C:/Freescale/CW MCU v10.6/MCU/ARM_GCC_Support/ewl/lib/armv6-m\librt.a(gcc_ctor_dtor.o)
                                0x181 (size before relaxing)
 .debug_str     0x00001e94       0xa1 C:/Freescale/CW MCU v10.6/MCU/ARM_GCC_Support/ewl/lib/armv6-m\librt.a(ROMCopy.o)
                                0x13c (size before relaxing)
 .debug_str     0x00001f35       0xf8 C:/Freescale/CW MCU v10.6/MCU/ARM_GCC_Support/ewl/lib/armv6-m\librt.a(__arm_eabi_init.o)
                                0x1b5 (size before relaxing)

.comment        0x00000000       0x79
 .comment       0x00000000       0x79 ./Modules/App/ElectroTherapy/ET.o
                                 0x7a (size before relaxing)
 .comment       0x00000000       0x7a ./Modules/App/HeartBit/HeartBit.o
 .comment       0x00000000       0x7a ./Modules/HMI/HMI.o
 .comment       0x00000000       0x7a ./Modules/LowDrivers/ADC/ADC.o
 .comment       0x00000000       0x7a ./Modules/LowDrivers/GPIO/GPIO.o
 .comment       0x00000000       0x7a ./Modules/LowDrivers/MCG/MGCDvr.o
 .comment       0x00000000       0x7a ./Modules/LowDrivers/NVIC/NVIC.o
 .comment       0x00000000       0x7a ./Modules/LowDrivers/PIT/PIT.o
 .comment       0x00000000       0x7a ./Modules/LowDrivers/TPM/TPM.o
 .comment       0x00000000       0x7a ./Modules/LowDrivers/UART/UART.o
 .comment       0x00000000       0x7a ./Modules/MidDrivers/BUZZER/BZR.o
 .comment       0x00000000       0x7a ./Modules/MidDrivers/DBNCR/Debouncer.o
 .comment       0x00000000       0x7a ./Modules/MidDrivers/IRQ/IRQ.o
 .comment       0x00000000       0x7a ./Modules/MidDrivers/LCD/LCD.o
 .comment       0x00000000       0x7a ./Project_Settings/Startup_Code/kinetis_sysinit.o
 .comment       0x00000000       0x7a ./Project_Settings/Startup_Code/__arm_start.o
 .comment       0x00000000       0x7a ./Project_Settings/Startup_Code/__arm_end.o
 .comment       0x00000000       0x7a ./Sources/main.o
 .comment       0x00000000       0x7a ./System/Scheduler/Sch.o
 .comment       0x00000000       0x7a ./System/SysInit/SysInit.o
 .comment       0x00000000       0x7a C:/Freescale/CW MCU v10.6/MCU/ARM_GCC_Support/ewl/lib/armv6-m\libc.a(sprintf.o)
 .comment       0x00000000       0x7a C:/Freescale/CW MCU v10.6/MCU/ARM_GCC_Support/ewl/lib/armv6-m\libc.a(vsnprintf.o)
 .comment       0x00000000       0x7a C:/Freescale/CW MCU v10.6/MCU/ARM_GCC_Support/ewl/lib/armv6-m\libc.a(exit.o)
 .comment       0x00000000       0x7a C:/Freescale/CW MCU v10.6/MCU/ARM_GCC_Support/ewl/lib/armv6-m\libc.a(memcpy.o)
 .comment       0x00000000       0x7a C:/Freescale/CW MCU v10.6/MCU/ARM_GCC_Support/ewl/lib/armv6-m\libc.a(memset.o)
 .comment       0x00000000       0x7a C:/Freescale/CW MCU v10.6/MCU/ARM_GCC_Support/ewl/lib/armv6-m\libc.a(printformat_.o)
 .comment       0x00000000       0x7a C:/Freescale/CW MCU v10.6/MCU/ARM_GCC_Support/ewl/lib/armv6-m\libc.a(scanformat_.o)
 .comment       0x00000000       0x7a C:/Freescale/CW MCU v10.6/MCU/ARM_GCC_Support/ewl/lib/armv6-m\libc.a(ctype_aeabi.o)
 .comment       0x00000000       0x7a C:/Freescale/CW MCU v10.6/MCU/ARM_GCC_Support/ewl/lib/armv6-m\libc.a(__strtoul.o)
 .comment       0x00000000       0x7a C:/Freescale/CW MCU v10.6/MCU/ARM_GCC_Support/ewl/lib/armv6-m\libc.a(__filll_mem.o)
 .comment       0x00000000       0x7a C:/Freescale/CW MCU v10.6/MCU/ARM_GCC_Support/ewl/lib/armv6-m\libc.a(memchr.o)
 .comment       0x00000000       0x7a C:/Freescale/CW MCU v10.6/MCU/ARM_GCC_Support/ewl/lib/armv6-m\libc.a(strchr.o)
 .comment       0x00000000       0x7a C:/Freescale/CW MCU v10.6/MCU/ARM_GCC_Support/ewl/lib/armv6-m\libc.a(strlen.o)
 .comment       0x00000000       0x7a C:/Freescale/CW MCU v10.6/MCU/ARM_GCC_Support/ewl/lib/armv6-m\librt.a(gcc_ctor_dtor.o)
 .comment       0x00000000       0x7a C:/Freescale/CW MCU v10.6/MCU/ARM_GCC_Support/ewl/lib/armv6-m\librt.a(ROMCopy.o)
 .comment       0x00000000       0x7a C:/Freescale/CW MCU v10.6/MCU/ARM_GCC_Support/ewl/lib/armv6-m\librt.a(__arm_eabi_init.o)

.debug_frame    0x00000000      0xebc
 .debug_frame   0x00000000       0x30 ./Modules/App/ElectroTherapy/ET.o
 .debug_frame   0x00000030       0x80 ./Modules/App/HeartBit/HeartBit.o
 .debug_frame   0x000000b0      0x278 ./Modules/HMI/HMI.o
 .debug_frame   0x00000328       0x4c ./Modules/LowDrivers/ADC/ADC.o
 .debug_frame   0x00000374       0x2c ./Modules/LowDrivers/GPIO/GPIO.o
 .debug_frame   0x000003a0       0x2c ./Modules/LowDrivers/MCG/MGCDvr.o
 .debug_frame   0x000003cc       0x50 ./Modules/LowDrivers/NVIC/NVIC.o
 .debug_frame   0x0000041c       0x2c ./Modules/LowDrivers/PIT/PIT.o
 .debug_frame   0x00000448       0x8c ./Modules/LowDrivers/TPM/TPM.o
 .debug_frame   0x000004d4       0xc0 ./Modules/LowDrivers/UART/UART.o
 .debug_frame   0x00000594       0x64 ./Modules/MidDrivers/BUZZER/BZR.o
 .debug_frame   0x000005f8       0x6c ./Modules/MidDrivers/DBNCR/Debouncer.o
 .debug_frame   0x00000664       0x48 ./Modules/MidDrivers/IRQ/IRQ.o
 .debug_frame   0x000006ac      0x16c ./Modules/MidDrivers/LCD/LCD.o
 .debug_frame   0x00000818       0x48 ./Project_Settings/Startup_Code/kinetis_sysinit.o
 .debug_frame   0x00000860       0x4c ./Project_Settings/Startup_Code/__arm_start.o
 .debug_frame   0x000008ac       0x30 ./Project_Settings/Startup_Code/__arm_end.o
 .debug_frame   0x000008dc       0x2c ./Sources/main.o
 .debug_frame   0x00000908       0x50 ./System/Scheduler/Sch.o
 .debug_frame   0x00000958       0x2c ./System/SysInit/SysInit.o
 .debug_frame   0x00000984       0x2c C:/Freescale/CW MCU v10.6/MCU/ARM_GCC_Support/ewl/lib/armv6-m\libc.a(sprintf.o)
 .debug_frame   0x000009b0       0x4c C:/Freescale/CW MCU v10.6/MCU/ARM_GCC_Support/ewl/lib/armv6-m\libc.a(vsnprintf.o)
 .debug_frame   0x000009fc       0x2c C:/Freescale/CW MCU v10.6/MCU/ARM_GCC_Support/ewl/lib/armv6-m\libc.a(exit.o)
 .debug_frame   0x00000a28       0x28 C:/Freescale/CW MCU v10.6/MCU/ARM_GCC_Support/ewl/lib/armv6-m\libc.a(memcpy.o)
 .debug_frame   0x00000a50       0x28 C:/Freescale/CW MCU v10.6/MCU/ARM_GCC_Support/ewl/lib/armv6-m\libc.a(memset.o)
 .debug_frame   0x00000a78       0x54 C:/Freescale/CW MCU v10.6/MCU/ARM_GCC_Support/ewl/lib/armv6-m\libc.a(printformat_.o)
 .debug_frame   0x00000acc       0x34 C:/Freescale/CW MCU v10.6/MCU/ARM_GCC_Support/ewl/lib/armv6-m\libc.a(scanformat_.o)
 .debug_frame   0x00000b00      0x158 C:/Freescale/CW MCU v10.6/MCU/ARM_GCC_Support/ewl/lib/armv6-m\libc.a(ctype_aeabi.o)
 .debug_frame   0x00000c58       0x30 C:/Freescale/CW MCU v10.6/MCU/ARM_GCC_Support/ewl/lib/armv6-m\libc.a(__strtoul.o)
 .debug_frame   0x00000c88       0x2c C:/Freescale/CW MCU v10.6/MCU/ARM_GCC_Support/ewl/lib/armv6-m\libc.a(__filll_mem.o)
 .debug_frame   0x00000cb4       0x28 C:/Freescale/CW MCU v10.6/MCU/ARM_GCC_Support/ewl/lib/armv6-m\libc.a(memchr.o)
 .debug_frame   0x00000cdc       0x28 C:/Freescale/CW MCU v10.6/MCU/ARM_GCC_Support/ewl/lib/armv6-m\libc.a(strchr.o)
 .debug_frame   0x00000d04       0x28 C:/Freescale/CW MCU v10.6/MCU/ARM_GCC_Support/ewl/lib/armv6-m\libc.a(strlen.o)
 .debug_frame   0x00000d2c       0x20 c:/freescale/cw mcu v10.6/cross_tools/arm-none-eabi-gcc-4_7_3/bin/../lib/gcc/arm-none-eabi/4.7.3/armv6-m\libgcc.a(_udivsi3.o)
 .debug_frame   0x00000d4c       0x20 c:/freescale/cw mcu v10.6/cross_tools/arm-none-eabi-gcc-4_7_3/bin/../lib/gcc/arm-none-eabi/4.7.3/armv6-m\libgcc.a(_divsi3.o)
 .debug_frame   0x00000d6c       0x40 C:/Freescale/CW MCU v10.6/MCU/ARM_GCC_Support/ewl/lib/armv6-m\librt.a(gcc_ctor_dtor.o)
 .debug_frame   0x00000dac       0x54 C:/Freescale/CW MCU v10.6/MCU/ARM_GCC_Support/ewl/lib/armv6-m\librt.a(ROMCopy.o)
 .debug_frame   0x00000e00       0xbc C:/Freescale/CW MCU v10.6/MCU/ARM_GCC_Support/ewl/lib/armv6-m\librt.a(__arm_eabi_init.o)
