Archive member included because of file (symbol)

C:/Freescale/CW MCU v10.6/MCU/ARM_GCC_Support/ewl/lib/armv6-m\libc.a(sprintf.o)
                              ./Modules/HMI/HMI.o (sprintf)
C:/Freescale/CW MCU v10.6/MCU/ARM_GCC_Support/ewl/lib/armv6-m\libc.a(vsnprintf.o)
                              C:/Freescale/CW MCU v10.6/MCU/ARM_GCC_Support/ewl/lib/armv6-m\libc.a(sprintf.o) (vsnprintf)
C:/Freescale/CW MCU v10.6/MCU/ARM_GCC_Support/ewl/lib/armv6-m\libc.a(exit.o)
                              ./Project_Settings/Startup_Code/__arm_start.o (exit)
C:/Freescale/CW MCU v10.6/MCU/ARM_GCC_Support/ewl/lib/armv6-m\libc.a(memcpy.o)
                              ./Modules/HMI/HMI.o (memcpy)
C:/Freescale/CW MCU v10.6/MCU/ARM_GCC_Support/ewl/lib/armv6-m\libc.a(memset.o)
                              ./Project_Settings/Startup_Code/__arm_start.o (memset)
C:/Freescale/CW MCU v10.6/MCU/ARM_GCC_Support/ewl/lib/armv6-m\libc.a(printformat_.o)
                              (__pformatter_)
C:/Freescale/CW MCU v10.6/MCU/ARM_GCC_Support/ewl/lib/armv6-m\libc.a(scanformat_.o)
                              (__sformatter)
C:/Freescale/CW MCU v10.6/MCU/ARM_GCC_Support/ewl/lib/armv6-m\libc.a(ctype_aeabi.o)
                              C:/Freescale/CW MCU v10.6/MCU/ARM_GCC_Support/ewl/lib/armv6-m\libc.a(scanformat_.o) (isspace)
C:/Freescale/CW MCU v10.6/MCU/ARM_GCC_Support/ewl/lib/armv6-m\libc.a(__strtoul.o)
                              C:/Freescale/CW MCU v10.6/MCU/ARM_GCC_Support/ewl/lib/armv6-m\libc.a(scanformat_.o) (__strtoul)
C:/Freescale/CW MCU v10.6/MCU/ARM_GCC_Support/ewl/lib/armv6-m\libc.a(__filll_mem.o)
                              C:/Freescale/CW MCU v10.6/MCU/ARM_GCC_Support/ewl/lib/armv6-m\libc.a(memset.o) (__fill_mem)
C:/Freescale/CW MCU v10.6/MCU/ARM_GCC_Support/ewl/lib/armv6-m\libc.a(memchr.o)
                              C:/Freescale/CW MCU v10.6/MCU/ARM_GCC_Support/ewl/lib/armv6-m\libc.a(printformat_.o) (memchr)
C:/Freescale/CW MCU v10.6/MCU/ARM_GCC_Support/ewl/lib/armv6-m\libc.a(strchr.o)
                              C:/Freescale/CW MCU v10.6/MCU/ARM_GCC_Support/ewl/lib/armv6-m\libc.a(printformat_.o) (strchr)
C:/Freescale/CW MCU v10.6/MCU/ARM_GCC_Support/ewl/lib/armv6-m\libc.a(strlen.o)
                              C:/Freescale/CW MCU v10.6/MCU/ARM_GCC_Support/ewl/lib/armv6-m\libc.a(printformat_.o) (strlen)
c:/freescale/cw mcu v10.6/cross_tools/arm-none-eabi-gcc-4_7_3/bin/../lib/gcc/arm-none-eabi/4.7.3/armv6-m\libgcc.a(_thumb1_case_sqi.o)
                              C:/Freescale/CW MCU v10.6/MCU/ARM_GCC_Support/ewl/lib/armv6-m\libc.a(__strtoul.o) (__gnu_thumb1_case_sqi)
c:/freescale/cw mcu v10.6/cross_tools/arm-none-eabi-gcc-4_7_3/bin/../lib/gcc/arm-none-eabi/4.7.3/armv6-m\libgcc.a(_thumb1_case_uqi.o)
                              C:/Freescale/CW MCU v10.6/MCU/ARM_GCC_Support/ewl/lib/armv6-m\libc.a(scanformat_.o) (__gnu_thumb1_case_uqi)
c:/freescale/cw mcu v10.6/cross_tools/arm-none-eabi-gcc-4_7_3/bin/../lib/gcc/arm-none-eabi/4.7.3/armv6-m\libgcc.a(_udivsi3.o)
                              C:/Freescale/CW MCU v10.6/MCU/ARM_GCC_Support/ewl/lib/armv6-m\libc.a(printformat_.o) (__aeabi_uidiv)
c:/freescale/cw mcu v10.6/cross_tools/arm-none-eabi-gcc-4_7_3/bin/../lib/gcc/arm-none-eabi/4.7.3/armv6-m\libgcc.a(_divsi3.o)
                              ./Modules/App/ElectroTherapy/ET.o (__aeabi_idiv)
c:/freescale/cw mcu v10.6/cross_tools/arm-none-eabi-gcc-4_7_3/bin/../lib/gcc/arm-none-eabi/4.7.3/armv6-m\libgcc.a(_dvmd_tls.o)
                              c:/freescale/cw mcu v10.6/cross_tools/arm-none-eabi-gcc-4_7_3/bin/../lib/gcc/arm-none-eabi/4.7.3/armv6-m\libgcc.a(_udivsi3.o) (__aeabi_idiv0)
C:/Freescale/CW MCU v10.6/MCU/ARM_GCC_Support/ewl/lib/armv6-m\librt.a(gcc_ctor_dtor.o)
                              ./Project_Settings/Startup_Code/__arm_start.o (__init_cpp)
C:/Freescale/CW MCU v10.6/MCU/ARM_GCC_Support/ewl/lib/armv6-m\librt.a(ROMCopy.o)
                              ./Project_Settings/Startup_Code/__arm_start.o (__copy_rom_sections_to_ram)
C:/Freescale/CW MCU v10.6/MCU/ARM_GCC_Support/ewl/lib/armv6-m\librt.a(__arm_eabi_init.o)
                              C:/Freescale/CW MCU v10.6/MCU/ARM_GCC_Support/ewl/lib/armv6-m\libc.a(exit.o) (__destroy_global_chain)

Allocating common symbols
Common symbol       size              file

au8LCDBuffer        0x28              ./Modules/MidDrivers/LCD/LCD.o

Discarded input sections

 .text          0x00000000        0x0 ./Modules/App/ElectroTherapy/ET.o
 .data          0x00000000        0x0 ./Modules/App/ElectroTherapy/ET.o
 .bss           0x00000000        0x0 ./Modules/App/ElectroTherapy/ET.o
 .text          0x00000000        0x0 ./Modules/App/HeartBit/HeartBit.o
 .data          0x00000000        0x0 ./Modules/App/HeartBit/HeartBit.o
 .bss           0x00000000        0x0 ./Modules/App/HeartBit/HeartBit.o
 .text.HB_vTaskRedLed
                0x00000000       0x18 ./Modules/App/HeartBit/HeartBit.o
 .text.HB_vTaskAnotherLed
                0x00000000       0x18 ./Modules/App/HeartBit/HeartBit.o
 .text          0x00000000        0x0 ./Modules/App/Test/Test.o
 .data          0x00000000        0x0 ./Modules/App/Test/Test.o
 .bss           0x00000000        0x0 ./Modules/App/Test/Test.o
 .text.TEST_vChangingFreq
                0x00000000       0x24 ./Modules/App/Test/Test.o
 .debug_info    0x00000000       0xce ./Modules/App/Test/Test.o
 .debug_abbrev  0x00000000       0x6f ./Modules/App/Test/Test.o
 .debug_loc     0x00000000       0x38 ./Modules/App/Test/Test.o
 .debug_aranges
                0x00000000       0x20 ./Modules/App/Test/Test.o
 .debug_macinfo
                0x00000000    0x265b0 ./Modules/App/Test/Test.o
 .debug_line    0x00000000      0x25b ./Modules/App/Test/Test.o
 .debug_str     0x00000000      0x173 ./Modules/App/Test/Test.o
 .comment       0x00000000       0x7a ./Modules/App/Test/Test.o
 .ARM.attributes
                0x00000000       0x31 ./Modules/App/Test/Test.o
 .debug_frame   0x00000000       0x30 ./Modules/App/Test/Test.o
 .text          0x00000000        0x0 ./Modules/HMI/HMI.o
 .data          0x00000000        0x0 ./Modules/HMI/HMI.o
 .bss           0x00000000        0x0 ./Modules/HMI/HMI.o
 .text          0x00000000        0x0 ./Modules/LowDrivers/ADC/ADC.o
 .data          0x00000000        0x0 ./Modules/LowDrivers/ADC/ADC.o
 .bss           0x00000000        0x0 ./Modules/LowDrivers/ADC/ADC.o
 .text.ADC_u16ReadChannel
                0x00000000       0x44 ./Modules/LowDrivers/ADC/ADC.o
 .text          0x00000000        0x0 ./Modules/LowDrivers/GPIO/GPIO.o
 .data          0x00000000        0x0 ./Modules/LowDrivers/GPIO/GPIO.o
 .bss           0x00000000        0x0 ./Modules/LowDrivers/GPIO/GPIO.o
 .text          0x00000000        0x0 ./Modules/LowDrivers/IIC/IIC.o
 .data          0x00000000        0x0 ./Modules/LowDrivers/IIC/IIC.o
 .bss           0x00000000        0x0 ./Modules/LowDrivers/IIC/IIC.o
 .text.Pause    0x00000000       0x24 ./Modules/LowDrivers/IIC/IIC.o
 .text.IIC_vInit
                0x00000000       0x48 ./Modules/LowDrivers/IIC/IIC.o
 .text.IIC_vWrite
                0x00000000       0xdc ./Modules/LowDrivers/IIC/IIC.o
 .text.IIC_u8Read
                0x00000000      0x144 ./Modules/LowDrivers/IIC/IIC.o
 .debug_info    0x00000000      0x455 ./Modules/LowDrivers/IIC/IIC.o
 .debug_abbrev  0x00000000      0x119 ./Modules/LowDrivers/IIC/IIC.o
 .debug_loc     0x00000000       0xd4 ./Modules/LowDrivers/IIC/IIC.o
 .debug_aranges
                0x00000000       0x38 ./Modules/LowDrivers/IIC/IIC.o
 .debug_macinfo
                0x00000000    0x2652d ./Modules/LowDrivers/IIC/IIC.o
 .debug_line    0x00000000      0x288 ./Modules/LowDrivers/IIC/IIC.o
 .debug_str     0x00000000      0x2a9 ./Modules/LowDrivers/IIC/IIC.o
 .comment       0x00000000       0x7a ./Modules/LowDrivers/IIC/IIC.o
 .ARM.attributes
                0x00000000       0x31 ./Modules/LowDrivers/IIC/IIC.o
 .debug_frame   0x00000000       0x8c ./Modules/LowDrivers/IIC/IIC.o
 .text          0x00000000        0x0 ./Modules/LowDrivers/PIT/PIT.o
 .data          0x00000000        0x0 ./Modules/LowDrivers/PIT/PIT.o
 .bss           0x00000000        0x0 ./Modules/LowDrivers/PIT/PIT.o
 .text          0x00000000        0x0 ./Modules/LowDrivers/TPM/TPM.o
 .data          0x00000000        0x0 ./Modules/LowDrivers/TPM/TPM.o
 .bss           0x00000000        0x0 ./Modules/LowDrivers/TPM/TPM.o
 .text          0x00000000        0x0 ./Modules/MidDrivers/BUZZER/BZR.o
 .data          0x00000000        0x0 ./Modules/MidDrivers/BUZZER/BZR.o
 .bss           0x00000000        0x0 ./Modules/MidDrivers/BUZZER/BZR.o
 .text          0x00000000        0x0 ./Modules/MidDrivers/DBNCR/Debouncer.o
 .data          0x00000000        0x0 ./Modules/MidDrivers/DBNCR/Debouncer.o
 .bss           0x00000000        0x0 ./Modules/MidDrivers/DBNCR/Debouncer.o
 .text          0x00000000        0x0 ./Modules/MidDrivers/IRQ/IRQ.o
 .data          0x00000000        0x0 ./Modules/MidDrivers/IRQ/IRQ.o
 .bss           0x00000000        0x0 ./Modules/MidDrivers/IRQ/IRQ.o
 .text          0x00000000        0x0 ./Modules/MidDrivers/LCD/LCD.o
 .data          0x00000000        0x0 ./Modules/MidDrivers/LCD/LCD.o
 .bss           0x00000000        0x0 ./Modules/MidDrivers/LCD/LCD.o
 COMMON         0x00000000       0x28 ./Modules/MidDrivers/LCD/LCD.o
 .text          0x00000000        0x0 ./Project_Settings/Startup_Code/kinetis_sysinit.o
 .data          0x00000000        0x0 ./Project_Settings/Startup_Code/kinetis_sysinit.o
 .bss           0x00000000        0x0 ./Project_Settings/Startup_Code/kinetis_sysinit.o
 .text          0x00000000        0x0 ./Project_Settings/Startup_Code/__arm_start.o
 .data          0x00000000        0x0 ./Project_Settings/Startup_Code/__arm_start.o
 .bss           0x00000000        0x0 ./Project_Settings/Startup_Code/__arm_start.o
 .text.__iar_program_start
                0x00000000        0x4 ./Project_Settings/Startup_Code/__arm_start.o
 .text          0x00000000        0x0 ./Project_Settings/Startup_Code/__arm_end.o
 .data          0x00000000        0x0 ./Project_Settings/Startup_Code/__arm_end.o
 .bss           0x00000000        0x0 ./Project_Settings/Startup_Code/__arm_end.o
 .text          0x00000000        0x0 ./Sources/sa_mtb.o
 .data          0x00000000        0x0 ./Sources/sa_mtb.o
 .bss           0x00000000        0x0 ./Sources/sa_mtb.o
 .debug_info    0x00000000       0x21 ./Sources/sa_mtb.o
 .debug_abbrev  0x00000000       0x12 ./Sources/sa_mtb.o
 .debug_aranges
                0x00000000       0x18 ./Sources/sa_mtb.o
 .debug_macinfo
                0x00000000     0x2524 ./Sources/sa_mtb.o
 .debug_line    0x00000000       0xaa ./Sources/sa_mtb.o
 .debug_str     0x00000000       0x94 ./Sources/sa_mtb.o
 .comment       0x00000000       0x7a ./Sources/sa_mtb.o
 .ARM.attributes
                0x00000000       0x31 ./Sources/sa_mtb.o
 .text          0x00000000        0x0 ./Sources/main.o
 .data          0x00000000        0x0 ./Sources/main.o
 .bss           0x00000000        0x0 ./Sources/main.o
 .text          0x00000000        0x0 ./System/Scheduler/Sch.o
 .data          0x00000000        0x0 ./System/Scheduler/Sch.o
 .bss           0x00000000        0x0 ./System/Scheduler/Sch.o
 .text          0x00000000        0x0 ./System/SysInit/SysInit.o
 .data          0x00000000        0x0 ./System/SysInit/SysInit.o
 .bss           0x00000000        0x0 ./System/SysInit/SysInit.o
 .text          0x00000000        0x0 C:/Freescale/CW MCU v10.6/MCU/ARM_GCC_Support/ewl/lib/armv6-m\libc.a(sprintf.o)
 .data          0x00000000        0x0 C:/Freescale/CW MCU v10.6/MCU/ARM_GCC_Support/ewl/lib/armv6-m\libc.a(sprintf.o)
 .bss           0x00000000        0x0 C:/Freescale/CW MCU v10.6/MCU/ARM_GCC_Support/ewl/lib/armv6-m\libc.a(sprintf.o)
 .text          0x00000000        0x0 C:/Freescale/CW MCU v10.6/MCU/ARM_GCC_Support/ewl/lib/armv6-m\libc.a(vsnprintf.o)
 .data          0x00000000        0x0 C:/Freescale/CW MCU v10.6/MCU/ARM_GCC_Support/ewl/lib/armv6-m\libc.a(vsnprintf.o)
 .bss           0x00000000        0x0 C:/Freescale/CW MCU v10.6/MCU/ARM_GCC_Support/ewl/lib/armv6-m\libc.a(vsnprintf.o)
 .text          0x00000000        0x0 C:/Freescale/CW MCU v10.6/MCU/ARM_GCC_Support/ewl/lib/armv6-m\libc.a(exit.o)
 .data          0x00000000        0x0 C:/Freescale/CW MCU v10.6/MCU/ARM_GCC_Support/ewl/lib/armv6-m\libc.a(exit.o)
 .bss           0x00000000        0x0 C:/Freescale/CW MCU v10.6/MCU/ARM_GCC_Support/ewl/lib/armv6-m\libc.a(exit.o)
 .text          0x00000000        0x0 C:/Freescale/CW MCU v10.6/MCU/ARM_GCC_Support/ewl/lib/armv6-m\libc.a(memcpy.o)
 .data          0x00000000        0x0 C:/Freescale/CW MCU v10.6/MCU/ARM_GCC_Support/ewl/lib/armv6-m\libc.a(memcpy.o)
 .bss           0x00000000        0x0 C:/Freescale/CW MCU v10.6/MCU/ARM_GCC_Support/ewl/lib/armv6-m\libc.a(memcpy.o)
 .text          0x00000000        0x0 C:/Freescale/CW MCU v10.6/MCU/ARM_GCC_Support/ewl/lib/armv6-m\libc.a(memset.o)
 .data          0x00000000        0x0 C:/Freescale/CW MCU v10.6/MCU/ARM_GCC_Support/ewl/lib/armv6-m\libc.a(memset.o)
 .bss           0x00000000        0x0 C:/Freescale/CW MCU v10.6/MCU/ARM_GCC_Support/ewl/lib/armv6-m\libc.a(memset.o)
 .text          0x00000000        0x0 C:/Freescale/CW MCU v10.6/MCU/ARM_GCC_Support/ewl/lib/armv6-m\libc.a(printformat_.o)
 .data          0x00000000        0x0 C:/Freescale/CW MCU v10.6/MCU/ARM_GCC_Support/ewl/lib/armv6-m\libc.a(printformat_.o)
 .bss           0x00000000        0x0 C:/Freescale/CW MCU v10.6/MCU/ARM_GCC_Support/ewl/lib/armv6-m\libc.a(printformat_.o)
 .text          0x00000000        0x0 C:/Freescale/CW MCU v10.6/MCU/ARM_GCC_Support/ewl/lib/armv6-m\libc.a(scanformat_.o)
 .data          0x00000000        0x0 C:/Freescale/CW MCU v10.6/MCU/ARM_GCC_Support/ewl/lib/armv6-m\libc.a(scanformat_.o)
 .bss           0x00000000        0x0 C:/Freescale/CW MCU v10.6/MCU/ARM_GCC_Support/ewl/lib/armv6-m\libc.a(scanformat_.o)
 .text          0x00000000        0x0 C:/Freescale/CW MCU v10.6/MCU/ARM_GCC_Support/ewl/lib/armv6-m\libc.a(ctype_aeabi.o)
 .data          0x00000000        0x0 C:/Freescale/CW MCU v10.6/MCU/ARM_GCC_Support/ewl/lib/armv6-m\libc.a(ctype_aeabi.o)
 .bss           0x00000000        0x0 C:/Freescale/CW MCU v10.6/MCU/ARM_GCC_Support/ewl/lib/armv6-m\libc.a(ctype_aeabi.o)
 .text.isalnum  0x00000000       0x1c C:/Freescale/CW MCU v10.6/MCU/ARM_GCC_Support/ewl/lib/armv6-m\libc.a(ctype_aeabi.o)
 .text.iscntrl  0x00000000       0x20 C:/Freescale/CW MCU v10.6/MCU/ARM_GCC_Support/ewl/lib/armv6-m\libc.a(ctype_aeabi.o)
 .text.isdigit  0x00000000        0xe C:/Freescale/CW MCU v10.6/MCU/ARM_GCC_Support/ewl/lib/armv6-m\libc.a(ctype_aeabi.o)
 .text.isgraph  0x00000000       0x1c C:/Freescale/CW MCU v10.6/MCU/ARM_GCC_Support/ewl/lib/armv6-m\libc.a(ctype_aeabi.o)
 .text.islower  0x00000000       0x20 C:/Freescale/CW MCU v10.6/MCU/ARM_GCC_Support/ewl/lib/armv6-m\libc.a(ctype_aeabi.o)
 .text.isprint  0x00000000       0x1c C:/Freescale/CW MCU v10.6/MCU/ARM_GCC_Support/ewl/lib/armv6-m\libc.a(ctype_aeabi.o)
 .text.ispunct  0x00000000       0x20 C:/Freescale/CW MCU v10.6/MCU/ARM_GCC_Support/ewl/lib/armv6-m\libc.a(ctype_aeabi.o)
 .text.isupper  0x00000000       0x20 C:/Freescale/CW MCU v10.6/MCU/ARM_GCC_Support/ewl/lib/armv6-m\libc.a(ctype_aeabi.o)
 .text.isxdigit
                0x00000000       0x20 C:/Freescale/CW MCU v10.6/MCU/ARM_GCC_Support/ewl/lib/armv6-m\libc.a(ctype_aeabi.o)
 .text.isblank  0x00000000       0x28 C:/Freescale/CW MCU v10.6/MCU/ARM_GCC_Support/ewl/lib/armv6-m\libc.a(ctype_aeabi.o)
 .text.tolower  0x00000000        0xe C:/Freescale/CW MCU v10.6/MCU/ARM_GCC_Support/ewl/lib/armv6-m\libc.a(ctype_aeabi.o)
 .text          0x00000000        0x0 C:/Freescale/CW MCU v10.6/MCU/ARM_GCC_Support/ewl/lib/armv6-m\libc.a(__strtoul.o)
 .data          0x00000000        0x0 C:/Freescale/CW MCU v10.6/MCU/ARM_GCC_Support/ewl/lib/armv6-m\libc.a(__strtoul.o)
 .bss           0x00000000        0x0 C:/Freescale/CW MCU v10.6/MCU/ARM_GCC_Support/ewl/lib/armv6-m\libc.a(__strtoul.o)
 .text          0x00000000        0x0 C:/Freescale/CW MCU v10.6/MCU/ARM_GCC_Support/ewl/lib/armv6-m\libc.a(__filll_mem.o)
 .data          0x00000000        0x0 C:/Freescale/CW MCU v10.6/MCU/ARM_GCC_Support/ewl/lib/armv6-m\libc.a(__filll_mem.o)
 .bss           0x00000000        0x0 C:/Freescale/CW MCU v10.6/MCU/ARM_GCC_Support/ewl/lib/armv6-m\libc.a(__filll_mem.o)
 .text          0x00000000        0x0 C:/Freescale/CW MCU v10.6/MCU/ARM_GCC_Support/ewl/lib/armv6-m\libc.a(memchr.o)
 .data          0x00000000        0x0 C:/Freescale/CW MCU v10.6/MCU/ARM_GCC_Support/ewl/lib/armv6-m\libc.a(memchr.o)
 .bss           0x00000000        0x0 C:/Freescale/CW MCU v10.6/MCU/ARM_GCC_Support/ewl/lib/armv6-m\libc.a(memchr.o)
 .text          0x00000000        0x0 C:/Freescale/CW MCU v10.6/MCU/ARM_GCC_Support/ewl/lib/armv6-m\libc.a(strchr.o)
 .data          0x00000000        0x0 C:/Freescale/CW MCU v10.6/MCU/ARM_GCC_Support/ewl/lib/armv6-m\libc.a(strchr.o)
 .bss           0x00000000        0x0 C:/Freescale/CW MCU v10.6/MCU/ARM_GCC_Support/ewl/lib/armv6-m\libc.a(strchr.o)
 .text          0x00000000        0x0 C:/Freescale/CW MCU v10.6/MCU/ARM_GCC_Support/ewl/lib/armv6-m\libc.a(strlen.o)
 .data          0x00000000        0x0 C:/Freescale/CW MCU v10.6/MCU/ARM_GCC_Support/ewl/lib/armv6-m\libc.a(strlen.o)
 .bss           0x00000000        0x0 C:/Freescale/CW MCU v10.6/MCU/ARM_GCC_Support/ewl/lib/armv6-m\libc.a(strlen.o)
 .data          0x00000000        0x0 c:/freescale/cw mcu v10.6/cross_tools/arm-none-eabi-gcc-4_7_3/bin/../lib/gcc/arm-none-eabi/4.7.3/armv6-m\libgcc.a(_thumb1_case_sqi.o)
 .bss           0x00000000        0x0 c:/freescale/cw mcu v10.6/cross_tools/arm-none-eabi-gcc-4_7_3/bin/../lib/gcc/arm-none-eabi/4.7.3/armv6-m\libgcc.a(_thumb1_case_sqi.o)
 .data          0x00000000        0x0 c:/freescale/cw mcu v10.6/cross_tools/arm-none-eabi-gcc-4_7_3/bin/../lib/gcc/arm-none-eabi/4.7.3/armv6-m\libgcc.a(_thumb1_case_uqi.o)
 .bss           0x00000000        0x0 c:/freescale/cw mcu v10.6/cross_tools/arm-none-eabi-gcc-4_7_3/bin/../lib/gcc/arm-none-eabi/4.7.3/armv6-m\libgcc.a(_thumb1_case_uqi.o)
 .data          0x00000000        0x0 c:/freescale/cw mcu v10.6/cross_tools/arm-none-eabi-gcc-4_7_3/bin/../lib/gcc/arm-none-eabi/4.7.3/armv6-m\libgcc.a(_udivsi3.o)
 .bss           0x00000000        0x0 c:/freescale/cw mcu v10.6/cross_tools/arm-none-eabi-gcc-4_7_3/bin/../lib/gcc/arm-none-eabi/4.7.3/armv6-m\libgcc.a(_udivsi3.o)
 .data          0x00000000        0x0 c:/freescale/cw mcu v10.6/cross_tools/arm-none-eabi-gcc-4_7_3/bin/../lib/gcc/arm-none-eabi/4.7.3/armv6-m\libgcc.a(_divsi3.o)
 .bss           0x00000000        0x0 c:/freescale/cw mcu v10.6/cross_tools/arm-none-eabi-gcc-4_7_3/bin/../lib/gcc/arm-none-eabi/4.7.3/armv6-m\libgcc.a(_divsi3.o)
 .data          0x00000000        0x0 c:/freescale/cw mcu v10.6/cross_tools/arm-none-eabi-gcc-4_7_3/bin/../lib/gcc/arm-none-eabi/4.7.3/armv6-m\libgcc.a(_dvmd_tls.o)
 .bss           0x00000000        0x0 c:/freescale/cw mcu v10.6/cross_tools/arm-none-eabi-gcc-4_7_3/bin/../lib/gcc/arm-none-eabi/4.7.3/armv6-m\libgcc.a(_dvmd_tls.o)
 .text          0x00000000        0x0 C:/Freescale/CW MCU v10.6/MCU/ARM_GCC_Support/ewl/lib/armv6-m\librt.a(gcc_ctor_dtor.o)
 .data          0x00000000        0x0 C:/Freescale/CW MCU v10.6/MCU/ARM_GCC_Support/ewl/lib/armv6-m\librt.a(gcc_ctor_dtor.o)
 .bss           0x00000000        0x0 C:/Freescale/CW MCU v10.6/MCU/ARM_GCC_Support/ewl/lib/armv6-m\librt.a(gcc_ctor_dtor.o)
 .bss.__dso_handle
                0x00000000        0x4 C:/Freescale/CW MCU v10.6/MCU/ARM_GCC_Support/ewl/lib/armv6-m\librt.a(gcc_ctor_dtor.o)
 .text          0x00000000        0x0 C:/Freescale/CW MCU v10.6/MCU/ARM_GCC_Support/ewl/lib/armv6-m\librt.a(ROMCopy.o)
 .data          0x00000000        0x0 C:/Freescale/CW MCU v10.6/MCU/ARM_GCC_Support/ewl/lib/armv6-m\librt.a(ROMCopy.o)
 .bss           0x00000000        0x0 C:/Freescale/CW MCU v10.6/MCU/ARM_GCC_Support/ewl/lib/armv6-m\librt.a(ROMCopy.o)
 .text.__flush_cache
                0x00000000        0x2 C:/Freescale/CW MCU v10.6/MCU/ARM_GCC_Support/ewl/lib/armv6-m\librt.a(ROMCopy.o)
 .text          0x00000000        0x0 C:/Freescale/CW MCU v10.6/MCU/ARM_GCC_Support/ewl/lib/armv6-m\librt.a(__arm_eabi_init.o)
 .data          0x00000000        0x0 C:/Freescale/CW MCU v10.6/MCU/ARM_GCC_Support/ewl/lib/armv6-m\librt.a(__arm_eabi_init.o)
 .bss           0x00000000        0x0 C:/Freescale/CW MCU v10.6/MCU/ARM_GCC_Support/ewl/lib/armv6-m\librt.a(__arm_eabi_init.o)
 .text.__register_global_object
                0x00000000       0x14 C:/Freescale/CW MCU v10.6/MCU/ARM_GCC_Support/ewl/lib/armv6-m\librt.a(__arm_eabi_init.o)
 .text.__cxa_atexit
                0x00000000       0x38 C:/Freescale/CW MCU v10.6/MCU/ARM_GCC_Support/ewl/lib/armv6-m\librt.a(__arm_eabi_init.o)
 .text.__aeabi_atexit
                0x00000000        0xe C:/Freescale/CW MCU v10.6/MCU/ARM_GCC_Support/ewl/lib/armv6-m\librt.a(__arm_eabi_init.o)
 .text.__register_atexit
                0x00000000        0xc C:/Freescale/CW MCU v10.6/MCU/ARM_GCC_Support/ewl/lib/armv6-m\librt.a(__arm_eabi_init.o)
 .text.__init_hardware
                0x00000000        0x4 C:/Freescale/CW MCU v10.6/MCU/ARM_GCC_Support/ewl/lib/armv6-m\librt.a(__arm_eabi_init.o)
 .bss.atexit_curr_func
                0x00000000        0x4 C:/Freescale/CW MCU v10.6/MCU/ARM_GCC_Support/ewl/lib/armv6-m\librt.a(__arm_eabi_init.o)
 .bss.atexit_funcs
                0x00000000      0x300 C:/Freescale/CW MCU v10.6/MCU/ARM_GCC_Support/ewl/lib/armv6-m\librt.a(__arm_eabi_init.o)

Memory Configuration

Name             Origin             Length             Attributes
m_interrupts     0x00000000         0x000000c0         xr
m_cfmprotrom     0x00000400         0x00000010         xr
m_text           0x00000800         0x0001f800         xr
m_data           0x1ffff000         0x00004000         xrw
*default*        0x00000000         0xffffffff

Linker script and memory map

LOAD ./Modules/App/ElectroTherapy/ET.o
LOAD ./Modules/App/HeartBit/HeartBit.o
LOAD ./Modules/App/Test/Test.o
LOAD ./Modules/HMI/HMI.o
LOAD ./Modules/LowDrivers/ADC/ADC.o
LOAD ./Modules/LowDrivers/GPIO/GPIO.o
LOAD ./Modules/LowDrivers/IIC/IIC.o
LOAD ./Modules/LowDrivers/PIT/PIT.o
LOAD ./Modules/LowDrivers/TPM/TPM.o
LOAD ./Modules/MidDrivers/BUZZER/BZR.o
LOAD ./Modules/MidDrivers/DBNCR/Debouncer.o
LOAD ./Modules/MidDrivers/IRQ/IRQ.o
LOAD ./Modules/MidDrivers/LCD/LCD.o
LOAD ./Project_Settings/Startup_Code/kinetis_sysinit.o
LOAD ./Project_Settings/Startup_Code/__arm_start.o
LOAD ./Project_Settings/Startup_Code/__arm_end.o
LOAD ./Sources/sa_mtb.o
LOAD ./Sources/main.o
LOAD ./System/Scheduler/Sch.o
LOAD ./System/SysInit/SysInit.o
                0x0000256c                __pformatter = __pformatter_
                [0x00002994]                __sformatter = __sformatter
START GROUP
LOAD C:/Freescale/CW MCU v10.6/MCU/ARM_GCC_Support/ewl/lib/armv6-m\libc.a
LOAD C:/Freescale/CW MCU v10.6/MCU/ARM_GCC_Support/ewl/lib/armv6-m\libm.a
LOAD c:/freescale/cw mcu v10.6/cross_tools/arm-none-eabi-gcc-4_7_3/bin/../lib/gcc/arm-none-eabi/4.7.3/armv6-m\libgcc.a
LOAD C:/Freescale/CW MCU v10.6/MCU/ARM_GCC_Support/ewl/lib/armv6-m\librt.a
LOAD C:/Freescale/CW MCU v10.6/MCU/ARM_GCC_Support/ewl/lib/armv6-m\libuart.a
END GROUP
                0x20003000                _estack = 0x20003000
                0x20003000                __SP_INIT = _estack
                0x00000400                __heap_size = 0x400
                0x00000400                __stack_size = 0x400

.interrupts     0x00000000       0xc0
                0x00000000                __vector_table = .
                0x00000000                . = ALIGN (0x4)
 *(.vectortable)
 .vectortable   0x00000000       0xc0 ./Project_Settings/Startup_Code/kinetis_sysinit.o
                0x00000000                InterruptVector
                0x000000c0                . = ALIGN (0x4)

.cfmprotect     0x00000400        0x0
                0x00000400                . = ALIGN (0x4)
 *(.cfmconfig)
                0x00000400                . = ALIGN (0x4)

.text           0x00000800     0x2f28
                0x00000800                . = ALIGN (0x4)
 *(.text)
 .text          0x00000800       0x14 c:/freescale/cw mcu v10.6/cross_tools/arm-none-eabi-gcc-4_7_3/bin/../lib/gcc/arm-none-eabi/4.7.3/armv6-m\libgcc.a(_thumb1_case_sqi.o)
                0x00000800                __gnu_thumb1_case_sqi
 .text          0x00000814       0x14 c:/freescale/cw mcu v10.6/cross_tools/arm-none-eabi-gcc-4_7_3/bin/../lib/gcc/arm-none-eabi/4.7.3/armv6-m\libgcc.a(_thumb1_case_uqi.o)
                0x00000814                __gnu_thumb1_case_uqi
 .text          0x00000828       0x9c c:/freescale/cw mcu v10.6/cross_tools/arm-none-eabi-gcc-4_7_3/bin/../lib/gcc/arm-none-eabi/4.7.3/armv6-m\libgcc.a(_udivsi3.o)
                0x00000828                __aeabi_uidiv
                0x00000828                __udivsi3
                0x000008b0                __aeabi_uidivmod
 .text          0x000008c4       0xc0 c:/freescale/cw mcu v10.6/cross_tools/arm-none-eabi-gcc-4_7_3/bin/../lib/gcc/arm-none-eabi/4.7.3/armv6-m\libgcc.a(_divsi3.o)
                0x000008c4                __divsi3
                0x000008c4                __aeabi_idiv
                0x00000970                __aeabi_idivmod
 .text          0x00000984        0x4 c:/freescale/cw mcu v10.6/cross_tools/arm-none-eabi-gcc-4_7_3/bin/../lib/gcc/arm-none-eabi/4.7.3/armv6-m\libgcc.a(_dvmd_tls.o)
                0x00000984                __aeabi_idiv0
                0x00000984                __aeabi_ldiv0
 *(.text*)
 .text.ET_vMain
                0x00000988       0xb0 ./Modules/App/ElectroTherapy/ET.o
                0x00000988                ET_vMain
 .text.HB_vInit
                0x00000a38       0x18 ./Modules/App/HeartBit/HeartBit.o
                0x00000a38                HB_vInit
 .text.HB_vTask
                0x00000a50       0x18 ./Modules/App/HeartBit/HeartBit.o
                0x00000a50                HB_vTask
 .text._vWelcomeScreen
                0x00000a68       0x9c ./Modules/HMI/HMI.o
                0x00000a68                _vWelcomeScreen
 .text._vTherapySelectedScreen
                0x00000b04       0xa0 ./Modules/HMI/HMI.o
                0x00000b04                _vTherapySelectedScreen
 .text._vPressureSelectedScreen
                0x00000ba4       0xa0 ./Modules/HMI/HMI.o
                0x00000ba4                _vPressureSelectedScreen
 .text._vFreqSelectedScreen
                0x00000c44       0xc0 ./Modules/HMI/HMI.o
                0x00000c44                _vFreqSelectedScreen
 .text._vIntsSelectedScreen
                0x00000d04       0xc0 ./Modules/HMI/HMI.o
                0x00000d04                _vIntsSelectedScreen
 .text._vFreqValueScreen
                0x00000dc4       0xe8 ./Modules/HMI/HMI.o
                0x00000dc4                _vFreqValueScreen
 .text._vIntsValueScreen
                0x00000eac       0xe8 ./Modules/HMI/HMI.o
                0x00000eac                _vIntsValueScreen
 .text._vPressureValueScreen
                0x00000f94       0x84 ./Modules/HMI/HMI.o
                0x00000f94                _vPressureValueScreen
 .text._vClearScreen
                0x00001018       0x24 ./Modules/HMI/HMI.o
                0x00001018                _vClearScreen
 .text._vEmergencyState
                0x0000103c       0x8c ./Modules/HMI/HMI.o
                0x0000103c                _vEmergencyState
 .text._vPswrdState0
                0x000010c8      0x100 ./Modules/HMI/HMI.o
                0x000010c8                _vPswrdState0
 .text._vPswrdState1
                0x000011c8      0x108 ./Modules/HMI/HMI.o
                0x000011c8                _vPswrdState1
 .text._vPswrdState2
                0x000012d0      0x108 ./Modules/HMI/HMI.o
                0x000012d0                _vPswrdState2
 .text._vPswrdState3
                0x000013d8       0x9c ./Modules/HMI/HMI.o
                0x000013d8                _vPswrdState3
 .text._vPswrdState4
                0x00001474       0x94 ./Modules/HMI/HMI.o
                0x00001474                _vPswrdState4
 .text.HMI_vMain
                0x00001508       0x64 ./Modules/HMI/HMI.o
                0x00001508                HMI_vMain
 .text.HMI_vSetEmergencyStop
                0x0000156c       0x14 ./Modules/HMI/HMI.o
                0x0000156c                HMI_vSetEmergencyStop
 .text.HMI_vGetEmergencyStop
                0x00001580       0x14 ./Modules/HMI/HMI.o
                0x00001580                HMI_vGetEmergencyStop
 .text.HMI_u8GetFreqValue
                0x00001594       0x14 ./Modules/HMI/HMI.o
                0x00001594                HMI_u8GetFreqValue
 .text.HMI_u8GetIntsValue
                0x000015a8       0x14 ./Modules/HMI/HMI.o
                0x000015a8                HMI_u8GetIntsValue
 .text.ADC_vInit
                0x000015bc       0x38 ./Modules/LowDrivers/ADC/ADC.o
                0x000015bc                ADC_vInit
 .text.GPIO_vPinsInit
                0x000015f4      0x208 ./Modules/LowDrivers/GPIO/GPIO.o
                0x000015f4                GPIO_vPinsInit
 .text.PIT_vInit
                0x000017fc       0x74 ./Modules/LowDrivers/PIT/PIT.o
                0x000017fc                PIT_vInit
 .text.TPM_vInit
                0x00001870       0x98 ./Modules/LowDrivers/TPM/TPM.o
                0x00001870                TPM_vInit
 .text.TPM_vSetPWM
                0x00001908       0x78 ./Modules/LowDrivers/TPM/TPM.o
                0x00001908                TPM_vSetPWM
 .text.TPM_vChangeDutyCycle
                0x00001980       0xa0 ./Modules/LowDrivers/TPM/TPM.o
                0x00001980                TPM_vChangeDutyCycle
 .text.TPM_vChangeFrecuency
                0x00001a20       0x74 ./Modules/LowDrivers/TPM/TPM.o
                0x00001a20                TPM_vChangeFrecuency
 .text.BZR_vMain
                0x00001a94       0x48 ./Modules/MidDrivers/BUZZER/BZR.o
                0x00001a94                BZR_vMain
 .text.BZR_vActivateBuzzer
                0x00001adc       0x14 ./Modules/MidDrivers/BUZZER/BZR.o
                0x00001adc                BZR_vActivateBuzzer
 .text.BZR_vDeactivateBuzzer
                0x00001af0       0x1c ./Modules/MidDrivers/BUZZER/BZR.o
                0x00001af0                BZR_vDeactivateBuzzer
 .text.DBNCR_vUpdate
                0x00001b0c      0x14c ./Modules/MidDrivers/DBNCR/Debouncer.o
                0x00001b0c                DBNCR_vUpdate
 .text.DBNCR_vMonitor
                0x00001c58        0xc ./Modules/MidDrivers/DBNCR/Debouncer.o
                0x00001c58                DBNCR_vMonitor
 .text.DBNCR_u8ReadButtonState
                0x00001c64       0x44 ./Modules/MidDrivers/DBNCR/Debouncer.o
                0x00001c64                DBNCR_u8ReadButtonState
 .text.IRQ_vInit
                0x00001ca8       0x74 ./Modules/MidDrivers/IRQ/IRQ.o
                0x00001ca8                IRQ_vInit
 .text.PORTA_IRQHandler
                0x00001d1c       0x38 ./Modules/MidDrivers/IRQ/IRQ.o
                0x00001d1c                PORTA_IRQHandler
 .text.LCD_vWriteData
                0x00001d54      0x150 ./Modules/MidDrivers/LCD/LCD.o
                0x00001d54                LCD_vWriteData
 .text.LCD_vInit
                0x00001ea4       0x24 ./Modules/MidDrivers/LCD/LCD.o
                0x00001ea4                LCD_vInit
 .text.LCD_vDriver
                0x00001ec8       0x20 ./Modules/MidDrivers/LCD/LCD.o
                0x00001ec8                LCD_vDriver
 .text._vIdle   0x00001ee8        0x8 ./Modules/MidDrivers/LCD/LCD.o
                0x00001ee8                _vIdle
 .text._vWriteCMD
                0x00001ef0       0x60 ./Modules/MidDrivers/LCD/LCD.o
                0x00001ef0                _vWriteCMD
 .text._vWriteData
                0x00001f50       0xb0 ./Modules/MidDrivers/LCD/LCD.o
                0x00001f50                _vWriteData
 .text._vEnable
                0x00002000       0x24 ./Modules/MidDrivers/LCD/LCD.o
                0x00002000                _vEnable
 .text._vDisable
                0x00002024       0x24 ./Modules/MidDrivers/LCD/LCD.o
                0x00002024                _vDisable
 .text._vDelayCMD
                0x00002048       0x28 ./Modules/MidDrivers/LCD/LCD.o
                0x00002048                _vDelayCMD
 .text.LCD_vUpdateScreen
                0x00002070       0x34 ./Modules/MidDrivers/LCD/LCD.o
                0x00002070                LCD_vUpdateScreen
 .text.LCD_vClearScreen
                0x000020a4       0x24 ./Modules/MidDrivers/LCD/LCD.o
                0x000020a4                LCD_vClearScreen
 .text.LCD_u8IsBusy
                0x000020c8       0x2c ./Modules/MidDrivers/LCD/LCD.o
                0x000020c8                LCD_u8IsBusy
 .text.Default_Handler
                0x000020f4        0xc ./Project_Settings/Startup_Code/kinetis_sysinit.o
                0x000020f4                RTC_Alarm_IRQHandler
                0x000020f4                I2C0_IRQHandler
                0x000020f4                HardFault_Handler
                0x000020f4                SysTick_Handler
                0x000020f4                PendSV_Handler
                0x000020f4                NMI_Handler
                0x000020f4                I2C1_IRQHandler
                0x000020f4                UART1_IRQHandler
                0x000020f4                DMA2_IRQHandler
                0x000020f4                TSI0_IRQHandler
                0x000020f4                UART0_IRQHandler
                0x000020f4                ADC0_IRQHandler
                0x000020f4                SPI1_IRQHandler
                0x000020f4                PORTD_IRQHandler
                0x000020f4                LPTimer_IRQHandler
                0x000020f4                FTM1_IRQHandler
                0x000020f4                RTC_Seconds_IRQHandler
                0x000020f4                MCG_IRQHandler
                0x000020f4                UART2_IRQHandler
                0x000020f4                Default_Handler
                0x000020f4                LLW_IRQHandler
                0x000020f4                SVC_Handler
                0x000020f4                USBOTG_IRQHandler
                0x000020f4                DMA3_IRQHandler
                0x000020f4                DMA0_IRQHandler
                0x000020f4                DAC0_IRQHandler
                0x000020f4                PMC_IRQHandler
                0x000020f4                SPI0_IRQHandler
                0x000020f4                FTM0_IRQHandler
                0x000020f4                MCM_IRQHandler
                0x000020f4                FTFL_IRQHandler
                0x000020f4                FTM2_IRQHandler
                0x000020f4                CMP0_IRQHandler
                0x000020f4                DMA1_IRQHandler
 .text.__init_hardware
                0x00002100       0x2c ./Project_Settings/Startup_Code/kinetis_sysinit.o
                0x00002100                __init_hardware
 .text.zero_fill_bss
                0x0000212c       0x24 ./Project_Settings/Startup_Code/__arm_start.o
 .text.__thumb_startup
                0x00002150       0x30 ./Project_Settings/Startup_Code/__arm_start.o
                0x00002150                __thumb_startup
 .text._ExitProcess
                0x00002180        0xc ./Project_Settings/Startup_Code/__arm_end.o
                0x00002180                _ExitProcess
 .text.main     0x0000218c       0x10 ./Sources/main.o
                0x0000218c                main
 .text.SCH_vMonitor
                0x0000219c       0x70 ./System/Scheduler/Sch.o
                0x0000219c                SCH_vMonitor
 .text.PIT_IRQHandler
                0x0000220c       0xd0 ./System/Scheduler/Sch.o
                0x0000220c                PIT_IRQHandler
 .text.SI_vInitSystem
                0x000022dc       0x24 ./System/SysInit/SysInit.o
                0x000022dc                SI_vInitSystem
 .text.sprintf  0x00002300       0x1a C:/Freescale/CW MCU v10.6/MCU/ARM_GCC_Support/ewl/lib/armv6-m\libc.a(sprintf.o)
                0x00002300                sprintf
 .text.__StringWrite
                0x0000231a       0x26 C:/Freescale/CW MCU v10.6/MCU/ARM_GCC_Support/ewl/lib/armv6-m\libc.a(vsnprintf.o)
                0x0000231a                __StringWrite
 .text.vsnprintf
                0x00002340       0x38 C:/Freescale/CW MCU v10.6/MCU/ARM_GCC_Support/ewl/lib/armv6-m\libc.a(vsnprintf.o)
                0x00002340                vsnprintf
 .text.exit     0x00002378       0x38 C:/Freescale/CW MCU v10.6/MCU/ARM_GCC_Support/ewl/lib/armv6-m\libc.a(exit.o)
                0x00002378                exit
 .text.memcpy   0x000023b0       0x12 C:/Freescale/CW MCU v10.6/MCU/ARM_GCC_Support/ewl/lib/armv6-m\libc.a(memcpy.o)
                0x000023b0                memcpy
 .text.memset   0x000023c2        0xc C:/Freescale/CW MCU v10.6/MCU/ARM_GCC_Support/ewl/lib/armv6-m\libc.a(memset.o)
                0x000023c2                memset
 *fill*         0x000023ce        0x2 00
 .text.long2str.isra.0
                0x000023d0      0x19c C:/Freescale/CW MCU v10.6/MCU/ARM_GCC_Support/ewl/lib/armv6-m\libc.a(printformat_.o)
 .text.__pformatter_
                0x0000256c      0x428 C:/Freescale/CW MCU v10.6/MCU/ARM_GCC_Support/ewl/lib/armv6-m\libc.a(printformat_.o)
                0x0000256c                __pformatter_
 .text.__sformatter
                0x00002994      0x698 C:/Freescale/CW MCU v10.6/MCU/ARM_GCC_Support/ewl/lib/armv6-m\libc.a(scanformat_.o)
                0x00002994                __sformatter
 .text.isalpha  0x0000302c       0x20 C:/Freescale/CW MCU v10.6/MCU/ARM_GCC_Support/ewl/lib/armv6-m\libc.a(ctype_aeabi.o)
                0x0000302c                isalpha
 .text.isspace  0x0000304c       0x20 C:/Freescale/CW MCU v10.6/MCU/ARM_GCC_Support/ewl/lib/armv6-m\libc.a(ctype_aeabi.o)
                0x0000304c                isspace
 .text.toupper  0x0000306c        0xe C:/Freescale/CW MCU v10.6/MCU/ARM_GCC_Support/ewl/lib/armv6-m\libc.a(ctype_aeabi.o)
                0x0000306c                toupper
 .text.__strtoul
                0x0000307a      0x1ce C:/Freescale/CW MCU v10.6/MCU/ARM_GCC_Support/ewl/lib/armv6-m\libc.a(__strtoul.o)
                0x0000307a                __strtoul
 .text.__fill_mem
                0x00003248       0x7e C:/Freescale/CW MCU v10.6/MCU/ARM_GCC_Support/ewl/lib/armv6-m\libc.a(__filll_mem.o)
                0x00003248                __fill_mem
 .text.memchr   0x000032c6       0x1a C:/Freescale/CW MCU v10.6/MCU/ARM_GCC_Support/ewl/lib/armv6-m\libc.a(memchr.o)
                0x000032c6                memchr
 .text.strchr   0x000032e0       0x1e C:/Freescale/CW MCU v10.6/MCU/ARM_GCC_Support/ewl/lib/armv6-m\libc.a(strchr.o)
                0x000032e0                strchr
 .text.strlen   0x000032fe       0x10 C:/Freescale/CW MCU v10.6/MCU/ARM_GCC_Support/ewl/lib/armv6-m\libc.a(strlen.o)
                0x000032fe                strlen
 *fill*         0x0000330e        0x2 00
 .text.__init_cpp
                0x00003310       0x48 C:/Freescale/CW MCU v10.6/MCU/ARM_GCC_Support/ewl/lib/armv6-m\librt.a(gcc_ctor_dtor.o)
                0x00003310                __init_cpp
 .text.__fini_cpp
                0x00003358       0x34 C:/Freescale/CW MCU v10.6/MCU/ARM_GCC_Support/ewl/lib/armv6-m\librt.a(gcc_ctor_dtor.o)
                0x00003358                __fini_cpp
 .text.__copy_rom_section
                0x0000338c       0x48 C:/Freescale/CW MCU v10.6/MCU/ARM_GCC_Support/ewl/lib/armv6-m\librt.a(ROMCopy.o)
                0x0000338c                __copy_rom_section
 .text.__copy_rom_sections_to_ram
                0x000033d4       0x34 C:/Freescale/CW MCU v10.6/MCU/ARM_GCC_Support/ewl/lib/armv6-m\librt.a(ROMCopy.o)
                0x000033d4                __copy_rom_sections_to_ram
 .text.__destroy_global_chain
                0x00003408       0x1c C:/Freescale/CW MCU v10.6/MCU/ARM_GCC_Support/ewl/lib/armv6-m\librt.a(__arm_eabi_init.o)
                0x00003408                __destroy_global_chain
 .text.__init_registers
                0x00003424       0x1c C:/Freescale/CW MCU v10.6/MCU/ARM_GCC_Support/ewl/lib/armv6-m\librt.a(__arm_eabi_init.o)
                0x00003424                __init_registers
 .text.__init_user
                0x00003440        0x4 C:/Freescale/CW MCU v10.6/MCU/ARM_GCC_Support/ewl/lib/armv6-m\librt.a(__arm_eabi_init.o)
                0x00003440                __init_user
 *(.rodata)
 .rodata        0x00003444      0x1cc ./Modules/HMI/HMI.o
 *(.rodata*)
 .rodata.u16KeyMask
                0x00003610        0x8 ./Modules/MidDrivers/DBNCR/Debouncer.o
 .rodata.au8LCDConfig
                0x00003618        0x4 ./Modules/MidDrivers/LCD/LCD.o
 .rodata.str1.1
                0x0000361c        0x1 C:/Freescale/CW MCU v10.6/MCU/ARM_GCC_Support/ewl/lib/armv6-m\libc.a(printformat_.o)
 .rodata.CSWTCH.20
                0x0000361d        0x5 C:/Freescale/CW MCU v10.6/MCU/ARM_GCC_Support/ewl/lib/armv6-m\libc.a(printformat_.o)
 .rodata.CSWTCH.21
                0x00003622        0x5 C:/Freescale/CW MCU v10.6/MCU/ARM_GCC_Support/ewl/lib/armv6-m\libc.a(printformat_.o)
 .rodata.__aeabi_ctype_table_C
                0x00003627      0x101 C:/Freescale/CW MCU v10.6/MCU/ARM_GCC_Support/ewl/lib/armv6-m\libc.a(ctype_aeabi.o)
                0x00003627                __aeabi_ctype_table_C
 *(.glue_7)
 .glue_7        0x00000000        0x0 linker stubs
 *(.glue_7t)
 .glue_7t       0x00000000        0x0 linker stubs
 *(.eh_frame)
 *(.init)
 *(.fini)
                0x00003728                . = ALIGN (0x4)
                0x00003728                _etext = .

.vfp11_veneer   0x00003728        0x0
 .vfp11_veneer  0x00000000        0x0 linker stubs

.v4_bx          0x00003728        0x0
 .v4_bx         0x00000000        0x0 linker stubs

.iplt           0x00003728        0x0
 .iplt          0x00000000        0x0 ./Modules/App/ElectroTherapy/ET.o

.rel.dyn        0x00003728        0x0
 .rel.iplt      0x00000000        0x0 ./Modules/App/ElectroTherapy/ET.o

.ARM.extab
 *(.ARM.extab* .gnu.linkonce.armextab.*)

.ARM            0x00003728        0x0
                0x00003728                __exidx_start = .
 *(.ARM.exidx*)
                0x00003728                __exidx_end = .

.ctors          0x00003728        0x0
                0x00003728                __CTOR_LIST__ = .
 *crtbegin.o(.ctors)
 *(EXCLUDE_FILE(*crtend.o) .ctors)
 *(SORT(.ctors.*))
 *(.ctors)
                0x00003728                __CTOR_END__ = .

.dtors          0x00003728        0x0
                0x00003728                __DTOR_LIST__ = .
 *crtbegin.o(.dtors)
 *(EXCLUDE_FILE(*crtend.o) .dtors)
 *(SORT(.dtors.*))
 *(.dtors)
                0x00003728                __DTOR_END__ = .

.preinit_array  0x00003728        0x0
                0x00003728                PROVIDE (__preinit_array_start, .)
 *(.preinit_array*)
                0x00003728                PROVIDE (__preinit_array_end, .)

.init_array     0x00003728        0x0
                0x00003728                PROVIDE (__init_array_start, .)
 *(SORT(.init_array.*))
 *(.init_array*)
                0x00003728                PROVIDE (__init_array_end, .)

.fini_array     0x00003728        0x0
                0x00003728                PROVIDE (__fini_array_start, .)
 *(SORT(.fini_array.*))
 *(.fini_array*)
                0x00003728                PROVIDE (__fini_array_end, .)
                0x00003728                ___ROM_AT = .

.mtb            0x1ffff000        0x0
                0x1ffff000                . = ALIGN (0x8)
                0x1ffff000                _mtb_start = .
 *(.mtb_buf)
                0x1ffff000                . = ALIGN (0x8)
                0x1ffff000                _mtb_end = .

.data           0x1ffff000       0x9c load address 0x00003728
                0x1ffff000                . = ALIGN (0x4)
                0x1ffff000                _sdata = .
 *(.data)
 *(.data*)
 .data.HMI_vpaStates
                0x1ffff000       0x3c ./Modules/HMI/HMI.o
                0x1ffff000                HMI_vpaStates
 .data.vpaStates
                0x1ffff03c       0x18 ./Modules/MidDrivers/LCD/LCD.o
                0x1ffff03c                vpaStates
 .data._astTasks
                0x1ffff054       0x48 ./System/Scheduler/Sch.o
                0x1ffff09c                . = ALIGN (0x4)
                0x1ffff09c                _edata = .
                0x0000009c                ___data_size = (_edata - _sdata)

.igot.plt       0x1ffff09c        0x0 load address 0x000037c4
 .igot.plt      0x00000000        0x0 ./Modules/App/ElectroTherapy/ET.o
                0x1ffff09c                . = ALIGN (0x4)

.bss            0x1ffff09c       0x88 load address 0x000037c4
                0x1ffff09c                __START_BSS = .
                0x1ffff09c                PROVIDE (__bss_start__, __START_BSS)
 *(.bss)
 *(.bss*)
 .bss.u8PrevFreq.4705
                0x1ffff09c        0x1 ./Modules/App/ElectroTherapy/ET.o
 .bss.u8PrevInts.4706
                0x1ffff09d        0x1 ./Modules/App/ElectroTherapy/ET.o
 *fill*         0x1ffff09e        0x2 00
 .bss._stHMISM  0x1ffff0a0        0x4 ./Modules/HMI/HMI.o
 .bss.au8TransferBuffer
                0x1ffff0a4       0x28 ./Modules/HMI/HMI.o
 .bss.u8ScreenUpdated
                0x1ffff0cc        0x1 ./Modules/HMI/HMI.o
 .bss.u8FreqValue
                0x1ffff0cd        0x1 ./Modules/HMI/HMI.o
 .bss.u8IntsValue
                0x1ffff0ce        0x1 ./Modules/HMI/HMI.o
 .bss.u8EmergencyStop
                0x1ffff0cf        0x1 ./Modules/HMI/HMI.o
 .bss.u8CorrectPassword
                0x1ffff0d0        0x1 ./Modules/HMI/HMI.o
 .bss.u8EmergencyActive
                0x1ffff0d1        0x1 ./Modules/HMI/HMI.o
 .bss.u16CurrentMod
                0x1ffff0d2        0x2 ./Modules/LowDrivers/TPM/TPM.o
 .bss.u16CurrentDutyCycle
                0x1ffff0d4        0x2 ./Modules/LowDrivers/TPM/TPM.o
 .bss.u8Activate
                0x1ffff0d6        0x1 ./Modules/MidDrivers/BUZZER/BZR.o
 .bss.u8Status  0x1ffff0d7        0x1 ./Modules/MidDrivers/BUZZER/BZR.o
 .bss.stButtons
                0x1ffff0d8       0x20 ./Modules/MidDrivers/DBNCR/Debouncer.o
 .bss.u8Entry.4683
                0x1ffff0f8        0x1 ./Modules/MidDrivers/IRQ/IRQ.o
 *fill*         0x1ffff0f9        0x3 00
 .bss._stLCDDriver
                0x1ffff0fc        0xc ./Modules/MidDrivers/LCD/LCD.o
 .bss.argv      0x1ffff108        0x4 ./Project_Settings/Startup_Code/__arm_start.o
 .bss.__stdio_exit
                0x1ffff10c        0x4 C:/Freescale/CW MCU v10.6/MCU/ARM_GCC_Support/ewl/lib/armv6-m\libc.a(exit.o)
                0x1ffff10c                __stdio_exit
 .bss.__console_exit
                0x1ffff110        0x4 C:/Freescale/CW MCU v10.6/MCU/ARM_GCC_Support/ewl/lib/armv6-m\libc.a(exit.o)
                0x1ffff110                __console_exit
 .bss.__S_romp  0x1ffff114        0xc C:/Freescale/CW MCU v10.6/MCU/ARM_GCC_Support/ewl/lib/armv6-m\librt.a(ROMCopy.o)
 .bss.__global_destructor_chain
                0x1ffff120        0x4 C:/Freescale/CW MCU v10.6/MCU/ARM_GCC_Support/ewl/lib/armv6-m\librt.a(__arm_eabi_init.o)
                0x1ffff120                __global_destructor_chain
 *(COMMON)
                0x1ffff124                . = ALIGN (0x4)
                0x1ffff124                __END_BSS = .
                0x1ffff124                PROVIDE (__bss_end__, __END_BSS)
                0x000037c4                _romp_at = (___ROM_AT + SIZEOF (.data))

.romp           0x1ffff124       0x18 load address 0x000037c4
                0x000037c4                __S_romp = _romp_at
                0x1ffff124        0x4 LONG 0x3728 ___ROM_AT
                0x1ffff128        0x4 LONG 0x1ffff000 _sdata
                0x1ffff12c        0x4 LONG 0x9c ___data_size
                0x1ffff130        0x4 LONG 0x0
                0x1ffff134        0x4 LONG 0x0
                0x1ffff138        0x4 LONG 0x0

._user_heap_stack
                0x1ffff13c      0x800 load address 0x000037dc
                0x1ffff13c                . = ALIGN (0x4)
                0x1ffff13c                PROVIDE (end, .)
                0x1ffff13c                PROVIDE (_end, .)
                0x1ffff13c                __heap_addr = .
                0x1ffff53c                . = (. + __heap_size)
 *fill*         0x1ffff13c      0x400 00
                0x1ffff93c                . = (. + __stack_size)
 *fill*         0x1ffff53c      0x400 00
                0x1ffff93c                . = ALIGN (0x4)

.ARM.attributes
                0x00000000       0x31
 *(.ARM.attributes)
 .ARM.attributes
                0x00000000       0x31 ./Modules/App/ElectroTherapy/ET.o
 .ARM.attributes
                0x00000031       0x31 ./Modules/App/HeartBit/HeartBit.o
 .ARM.attributes
                0x00000062       0x31 ./Modules/HMI/HMI.o
 .ARM.attributes
                0x00000093       0x31 ./Modules/LowDrivers/ADC/ADC.o
 .ARM.attributes
                0x000000c4       0x31 ./Modules/LowDrivers/GPIO/GPIO.o
 .ARM.attributes
                0x000000f5       0x31 ./Modules/LowDrivers/PIT/PIT.o
 .ARM.attributes
                0x00000126       0x31 ./Modules/LowDrivers/TPM/TPM.o
 .ARM.attributes
                0x00000157       0x31 ./Modules/MidDrivers/BUZZER/BZR.o
 .ARM.attributes
                0x00000188       0x31 ./Modules/MidDrivers/DBNCR/Debouncer.o
 .ARM.attributes
                0x000001b9       0x31 ./Modules/MidDrivers/IRQ/IRQ.o
 .ARM.attributes
                0x000001ea       0x31 ./Modules/MidDrivers/LCD/LCD.o
 .ARM.attributes
                0x0000021b       0x31 ./Project_Settings/Startup_Code/kinetis_sysinit.o
 .ARM.attributes
                0x0000024c       0x31 ./Project_Settings/Startup_Code/__arm_start.o
 .ARM.attributes
                0x0000027d       0x31 ./Project_Settings/Startup_Code/__arm_end.o
 .ARM.attributes
                0x000002ae       0x31 ./Sources/main.o
 .ARM.attributes
                0x000002df       0x31 ./System/Scheduler/Sch.o
 .ARM.attributes
                0x00000310       0x31 ./System/SysInit/SysInit.o
 .ARM.attributes
                0x00000341       0x31 C:/Freescale/CW MCU v10.6/MCU/ARM_GCC_Support/ewl/lib/armv6-m\libc.a(sprintf.o)
 .ARM.attributes
                0x00000372       0x31 C:/Freescale/CW MCU v10.6/MCU/ARM_GCC_Support/ewl/lib/armv6-m\libc.a(vsnprintf.o)
 .ARM.attributes
                0x000003a3       0x31 C:/Freescale/CW MCU v10.6/MCU/ARM_GCC_Support/ewl/lib/armv6-m\libc.a(exit.o)
 .ARM.attributes
                0x000003d4       0x31 C:/Freescale/CW MCU v10.6/MCU/ARM_GCC_Support/ewl/lib/armv6-m\libc.a(memcpy.o)
 .ARM.attributes
                0x00000405       0x31 C:/Freescale/CW MCU v10.6/MCU/ARM_GCC_Support/ewl/lib/armv6-m\libc.a(memset.o)
 .ARM.attributes
                0x00000436       0x31 C:/Freescale/CW MCU v10.6/MCU/ARM_GCC_Support/ewl/lib/armv6-m\libc.a(printformat_.o)
 .ARM.attributes
                0x00000467       0x31 C:/Freescale/CW MCU v10.6/MCU/ARM_GCC_Support/ewl/lib/armv6-m\libc.a(scanformat_.o)
 .ARM.attributes
                0x00000498       0x31 C:/Freescale/CW MCU v10.6/MCU/ARM_GCC_Support/ewl/lib/armv6-m\libc.a(ctype_aeabi.o)
 .ARM.attributes
                0x000004c9       0x31 C:/Freescale/CW MCU v10.6/MCU/ARM_GCC_Support/ewl/lib/armv6-m\libc.a(__strtoul.o)
 .ARM.attributes
                0x000004fa       0x31 C:/Freescale/CW MCU v10.6/MCU/ARM_GCC_Support/ewl/lib/armv6-m\libc.a(__filll_mem.o)
 .ARM.attributes
                0x0000052b       0x31 C:/Freescale/CW MCU v10.6/MCU/ARM_GCC_Support/ewl/lib/armv6-m\libc.a(memchr.o)
 .ARM.attributes
                0x0000055c       0x31 C:/Freescale/CW MCU v10.6/MCU/ARM_GCC_Support/ewl/lib/armv6-m\libc.a(strchr.o)
 .ARM.attributes
                0x0000058d       0x31 C:/Freescale/CW MCU v10.6/MCU/ARM_GCC_Support/ewl/lib/armv6-m\libc.a(strlen.o)
 .ARM.attributes
                0x000005be       0x1e c:/freescale/cw mcu v10.6/cross_tools/arm-none-eabi-gcc-4_7_3/bin/../lib/gcc/arm-none-eabi/4.7.3/armv6-m\libgcc.a(_thumb1_case_sqi.o)
 .ARM.attributes
                0x000005dc       0x1e c:/freescale/cw mcu v10.6/cross_tools/arm-none-eabi-gcc-4_7_3/bin/../lib/gcc/arm-none-eabi/4.7.3/armv6-m\libgcc.a(_thumb1_case_uqi.o)
 .ARM.attributes
                0x000005fa       0x1e c:/freescale/cw mcu v10.6/cross_tools/arm-none-eabi-gcc-4_7_3/bin/../lib/gcc/arm-none-eabi/4.7.3/armv6-m\libgcc.a(_udivsi3.o)
 .ARM.attributes
                0x00000618       0x1e c:/freescale/cw mcu v10.6/cross_tools/arm-none-eabi-gcc-4_7_3/bin/../lib/gcc/arm-none-eabi/4.7.3/armv6-m\libgcc.a(_divsi3.o)
 .ARM.attributes
                0x00000636       0x1e c:/freescale/cw mcu v10.6/cross_tools/arm-none-eabi-gcc-4_7_3/bin/../lib/gcc/arm-none-eabi/4.7.3/armv6-m\libgcc.a(_dvmd_tls.o)
 .ARM.attributes
                0x00000654       0x31 C:/Freescale/CW MCU v10.6/MCU/ARM_GCC_Support/ewl/lib/armv6-m\librt.a(gcc_ctor_dtor.o)
 .ARM.attributes
                0x00000685       0x31 C:/Freescale/CW MCU v10.6/MCU/ARM_GCC_Support/ewl/lib/armv6-m\librt.a(ROMCopy.o)
 .ARM.attributes
                0x000006b6       0x31 C:/Freescale/CW MCU v10.6/MCU/ARM_GCC_Support/ewl/lib/armv6-m\librt.a(__arm_eabi_init.o)
OUTPUT(ProyectoTerapiaPresion.elf elf32-littlearm)

.debug_info     0x00000000     0x4fec
 .debug_info    0x00000000       0xfe ./Modules/App/ElectroTherapy/ET.o
 .debug_info    0x000000fe      0x14d ./Modules/App/HeartBit/HeartBit.o
 .debug_info    0x0000024b      0x616 ./Modules/HMI/HMI.o
 .debug_info    0x00000861      0x497 ./Modules/LowDrivers/ADC/ADC.o
 .debug_info    0x00000cf8      0x3ca ./Modules/LowDrivers/GPIO/GPIO.o
 .debug_info    0x000010c2      0x495 ./Modules/LowDrivers/PIT/PIT.o
 .debug_info    0x00001557      0x4fd ./Modules/LowDrivers/TPM/TPM.o
 .debug_info    0x00001a54      0x10b ./Modules/MidDrivers/BUZZER/BZR.o
 .debug_info    0x00001b5f      0x27d ./Modules/MidDrivers/DBNCR/Debouncer.o
 .debug_info    0x00001ddc      0x610 ./Modules/MidDrivers/IRQ/IRQ.o
 .debug_info    0x000023ec      0x39a ./Modules/MidDrivers/LCD/LCD.o
 .debug_info    0x00002786      0x447 ./Project_Settings/Startup_Code/kinetis_sysinit.o
 .debug_info    0x00002bcd      0x12a ./Project_Settings/Startup_Code/__arm_start.o
 .debug_info    0x00002cf7       0x54 ./Project_Settings/Startup_Code/__arm_end.o
 .debug_info    0x00002d4b       0x88 ./Sources/main.o
 .debug_info    0x00002dd3      0x25a ./System/Scheduler/Sch.o
 .debug_info    0x0000302d       0x84 ./System/SysInit/SysInit.o
 .debug_info    0x000030b1      0x11e C:/Freescale/CW MCU v10.6/MCU/ARM_GCC_Support/ewl/lib/armv6-m\libc.a(sprintf.o)
 .debug_info    0x000031cf      0x205 C:/Freescale/CW MCU v10.6/MCU/ARM_GCC_Support/ewl/lib/armv6-m\libc.a(vsnprintf.o)
 .debug_info    0x000033d4       0xe8 C:/Freescale/CW MCU v10.6/MCU/ARM_GCC_Support/ewl/lib/armv6-m\libc.a(exit.o)
 .debug_info    0x000034bc      0x10f C:/Freescale/CW MCU v10.6/MCU/ARM_GCC_Support/ewl/lib/armv6-m\libc.a(memcpy.o)
 .debug_info    0x000035cb       0xec C:/Freescale/CW MCU v10.6/MCU/ARM_GCC_Support/ewl/lib/armv6-m\libc.a(memset.o)
 .debug_info    0x000036b7      0x50d C:/Freescale/CW MCU v10.6/MCU/ARM_GCC_Support/ewl/lib/armv6-m\libc.a(printformat_.o)
 .debug_info    0x00003bc4      0x568 C:/Freescale/CW MCU v10.6/MCU/ARM_GCC_Support/ewl/lib/armv6-m\libc.a(scanformat_.o)
 .debug_info    0x0000412c      0x313 C:/Freescale/CW MCU v10.6/MCU/ARM_GCC_Support/ewl/lib/armv6-m\libc.a(ctype_aeabi.o)
 .debug_info    0x0000443f      0x1d6 C:/Freescale/CW MCU v10.6/MCU/ARM_GCC_Support/ewl/lib/armv6-m\libc.a(__strtoul.o)
 .debug_info    0x00004615      0x137 C:/Freescale/CW MCU v10.6/MCU/ARM_GCC_Support/ewl/lib/armv6-m\libc.a(__filll_mem.o)
 .debug_info    0x0000474c      0x121 C:/Freescale/CW MCU v10.6/MCU/ARM_GCC_Support/ewl/lib/armv6-m\libc.a(memchr.o)
 .debug_info    0x0000486d      0x10b C:/Freescale/CW MCU v10.6/MCU/ARM_GCC_Support/ewl/lib/armv6-m\libc.a(strchr.o)
 .debug_info    0x00004978       0xea C:/Freescale/CW MCU v10.6/MCU/ARM_GCC_Support/ewl/lib/armv6-m\libc.a(strlen.o)
 .debug_info    0x00004a62      0x136 C:/Freescale/CW MCU v10.6/MCU/ARM_GCC_Support/ewl/lib/armv6-m\librt.a(gcc_ctor_dtor.o)
 .debug_info    0x00004b98      0x19b C:/Freescale/CW MCU v10.6/MCU/ARM_GCC_Support/ewl/lib/armv6-m\librt.a(ROMCopy.o)
 .debug_info    0x00004d33      0x2b9 C:/Freescale/CW MCU v10.6/MCU/ARM_GCC_Support/ewl/lib/armv6-m\librt.a(__arm_eabi_init.o)

.debug_abbrev   0x00000000     0x1a5b
 .debug_abbrev  0x00000000       0x6f ./Modules/App/ElectroTherapy/ET.o
 .debug_abbrev  0x0000006f       0x85 ./Modules/App/HeartBit/HeartBit.o
 .debug_abbrev  0x000000f4      0x132 ./Modules/HMI/HMI.o
 .debug_abbrev  0x00000226       0xf3 ./Modules/LowDrivers/ADC/ADC.o
 .debug_abbrev  0x00000319       0xbe ./Modules/LowDrivers/GPIO/GPIO.o
 .debug_abbrev  0x000003d7       0xbc ./Modules/LowDrivers/PIT/PIT.o
 .debug_abbrev  0x00000493      0x116 ./Modules/LowDrivers/TPM/TPM.o
 .debug_abbrev  0x000005a9       0x6f ./Modules/MidDrivers/BUZZER/BZR.o
 .debug_abbrev  0x00000618      0x11e ./Modules/MidDrivers/DBNCR/Debouncer.o
 .debug_abbrev  0x00000736       0xf8 ./Modules/MidDrivers/IRQ/IRQ.o
 .debug_abbrev  0x0000082e      0x136 ./Modules/MidDrivers/LCD/LCD.o
 .debug_abbrev  0x00000964       0xe7 ./Project_Settings/Startup_Code/kinetis_sysinit.o
 .debug_abbrev  0x00000a4b       0x92 ./Project_Settings/Startup_Code/__arm_start.o
 .debug_abbrev  0x00000add       0x4c ./Project_Settings/Startup_Code/__arm_end.o
 .debug_abbrev  0x00000b29       0x3f ./Sources/main.o
 .debug_abbrev  0x00000b68       0xe7 ./System/Scheduler/Sch.o
 .debug_abbrev  0x00000c4f       0x3d ./System/SysInit/SysInit.o
 .debug_abbrev  0x00000c8c       0xb1 C:/Freescale/CW MCU v10.6/MCU/ARM_GCC_Support/ewl/lib/armv6-m\libc.a(sprintf.o)
 .debug_abbrev  0x00000d3d       0xf0 C:/Freescale/CW MCU v10.6/MCU/ARM_GCC_Support/ewl/lib/armv6-m\libc.a(vsnprintf.o)
 .debug_abbrev  0x00000e2d       0x7a C:/Freescale/CW MCU v10.6/MCU/ARM_GCC_Support/ewl/lib/armv6-m\libc.a(exit.o)
 .debug_abbrev  0x00000ea7       0x95 C:/Freescale/CW MCU v10.6/MCU/ARM_GCC_Support/ewl/lib/armv6-m\libc.a(memcpy.o)
 .debug_abbrev  0x00000f3c       0x62 C:/Freescale/CW MCU v10.6/MCU/ARM_GCC_Support/ewl/lib/armv6-m\libc.a(memset.o)
 .debug_abbrev  0x00000f9e      0x200 C:/Freescale/CW MCU v10.6/MCU/ARM_GCC_Support/ewl/lib/armv6-m\libc.a(printformat_.o)
 .debug_abbrev  0x0000119e      0x1f0 C:/Freescale/CW MCU v10.6/MCU/ARM_GCC_Support/ewl/lib/armv6-m\libc.a(scanformat_.o)
 .debug_abbrev  0x0000138e       0x9e C:/Freescale/CW MCU v10.6/MCU/ARM_GCC_Support/ewl/lib/armv6-m\libc.a(ctype_aeabi.o)
 .debug_abbrev  0x0000142c       0xc2 C:/Freescale/CW MCU v10.6/MCU/ARM_GCC_Support/ewl/lib/armv6-m\libc.a(__strtoul.o)
 .debug_abbrev  0x000014ee       0x78 C:/Freescale/CW MCU v10.6/MCU/ARM_GCC_Support/ewl/lib/armv6-m\libc.a(__filll_mem.o)
 .debug_abbrev  0x00001566       0x95 C:/Freescale/CW MCU v10.6/MCU/ARM_GCC_Support/ewl/lib/armv6-m\libc.a(memchr.o)
 .debug_abbrev  0x000015fb       0x7a C:/Freescale/CW MCU v10.6/MCU/ARM_GCC_Support/ewl/lib/armv6-m\libc.a(strchr.o)
 .debug_abbrev  0x00001675       0x7a C:/Freescale/CW MCU v10.6/MCU/ARM_GCC_Support/ewl/lib/armv6-m\libc.a(strlen.o)
 .debug_abbrev  0x000016ef       0x99 C:/Freescale/CW MCU v10.6/MCU/ARM_GCC_Support/ewl/lib/armv6-m\librt.a(gcc_ctor_dtor.o)
 .debug_abbrev  0x00001788      0x120 C:/Freescale/CW MCU v10.6/MCU/ARM_GCC_Support/ewl/lib/armv6-m\librt.a(ROMCopy.o)
 .debug_abbrev  0x000018a8      0x1b3 C:/Freescale/CW MCU v10.6/MCU/ARM_GCC_Support/ewl/lib/armv6-m\librt.a(__arm_eabi_init.o)

.debug_loc      0x00000000     0x3347
 .debug_loc     0x00000000       0x38 ./Modules/App/ElectroTherapy/ET.o
 .debug_loc     0x00000038       0xb0 ./Modules/App/HeartBit/HeartBit.o
 .debug_loc     0x000000e8      0x370 ./Modules/HMI/HMI.o
 .debug_loc     0x00000458       0x64 ./Modules/LowDrivers/ADC/ADC.o
 .debug_loc     0x000004bc       0x2c ./Modules/LowDrivers/GPIO/GPIO.o
 .debug_loc     0x000004e8       0x2c ./Modules/LowDrivers/PIT/PIT.o
 .debug_loc     0x00000514       0xd4 ./Modules/LowDrivers/TPM/TPM.o
 .debug_loc     0x000005e8       0x84 ./Modules/MidDrivers/BUZZER/BZR.o
 .debug_loc     0x0000066c       0x9c ./Modules/MidDrivers/DBNCR/Debouncer.o
 .debug_loc     0x00000708       0x58 ./Modules/MidDrivers/IRQ/IRQ.o
 .debug_loc     0x00000760      0x234 ./Modules/MidDrivers/LCD/LCD.o
 .debug_loc     0x00000994       0x58 ./Project_Settings/Startup_Code/kinetis_sysinit.o
 .debug_loc     0x000009ec       0x2c ./Project_Settings/Startup_Code/__arm_start.o
 .debug_loc     0x00000a18       0x38 ./Project_Settings/Startup_Code/__arm_end.o
 .debug_loc     0x00000a50       0x2c ./Sources/main.o
 .debug_loc     0x00000a7c       0x70 ./System/Scheduler/Sch.o
 .debug_loc     0x00000aec       0x2c ./System/SysInit/SysInit.o
 .debug_loc     0x00000b18       0x3f C:/Freescale/CW MCU v10.6/MCU/ARM_GCC_Support/ewl/lib/armv6-m\libc.a(sprintf.o)
 .debug_loc     0x00000b57      0x105 C:/Freescale/CW MCU v10.6/MCU/ARM_GCC_Support/ewl/lib/armv6-m\libc.a(vsnprintf.o)
 .debug_loc     0x00000c5c       0x3e C:/Freescale/CW MCU v10.6/MCU/ARM_GCC_Support/ewl/lib/armv6-m\libc.a(exit.o)
 .debug_loc     0x00000c9a       0x59 C:/Freescale/CW MCU v10.6/MCU/ARM_GCC_Support/ewl/lib/armv6-m\libc.a(memcpy.o)
 .debug_loc     0x00000cf3       0x6f C:/Freescale/CW MCU v10.6/MCU/ARM_GCC_Support/ewl/lib/armv6-m\libc.a(memset.o)
 .debug_loc     0x00000d62     0x104b C:/Freescale/CW MCU v10.6/MCU/ARM_GCC_Support/ewl/lib/armv6-m\libc.a(printformat_.o)
 .debug_loc     0x00001dad      0x9d8 C:/Freescale/CW MCU v10.6/MCU/ARM_GCC_Support/ewl/lib/armv6-m\libc.a(scanformat_.o)
 .debug_loc     0x00002785      0x30d C:/Freescale/CW MCU v10.6/MCU/ARM_GCC_Support/ewl/lib/armv6-m\libc.a(ctype_aeabi.o)
 .debug_loc     0x00002a92      0x305 C:/Freescale/CW MCU v10.6/MCU/ARM_GCC_Support/ewl/lib/armv6-m\libc.a(__strtoul.o)
 .debug_loc     0x00002d97      0x14a C:/Freescale/CW MCU v10.6/MCU/ARM_GCC_Support/ewl/lib/armv6-m\libc.a(__filll_mem.o)
 .debug_loc     0x00002ee1       0x77 C:/Freescale/CW MCU v10.6/MCU/ARM_GCC_Support/ewl/lib/armv6-m\libc.a(memchr.o)
 .debug_loc     0x00002f58       0xaf C:/Freescale/CW MCU v10.6/MCU/ARM_GCC_Support/ewl/lib/armv6-m\libc.a(strchr.o)
 .debug_loc     0x00003007       0x33 C:/Freescale/CW MCU v10.6/MCU/ARM_GCC_Support/ewl/lib/armv6-m\libc.a(strlen.o)
 .debug_loc     0x0000303a       0x9d C:/Freescale/CW MCU v10.6/MCU/ARM_GCC_Support/ewl/lib/armv6-m\librt.a(gcc_ctor_dtor.o)
 .debug_loc     0x000030d7       0xd9 C:/Freescale/CW MCU v10.6/MCU/ARM_GCC_Support/ewl/lib/armv6-m\librt.a(ROMCopy.o)
 .debug_loc     0x000031b0      0x197 C:/Freescale/CW MCU v10.6/MCU/ARM_GCC_Support/ewl/lib/armv6-m\librt.a(__arm_eabi_init.o)

.debug_aranges  0x00000000      0x658
 .debug_aranges
                0x00000000       0x20 ./Modules/App/ElectroTherapy/ET.o
 .debug_aranges
                0x00000020       0x38 ./Modules/App/HeartBit/HeartBit.o
 .debug_aranges
                0x00000058       0xb8 ./Modules/HMI/HMI.o
 .debug_aranges
                0x00000110       0x28 ./Modules/LowDrivers/ADC/ADC.o
 .debug_aranges
                0x00000138       0x20 ./Modules/LowDrivers/GPIO/GPIO.o
 .debug_aranges
                0x00000158       0x20 ./Modules/LowDrivers/PIT/PIT.o
 .debug_aranges
                0x00000178       0x38 ./Modules/LowDrivers/TPM/TPM.o
 .debug_aranges
                0x000001b0       0x30 ./Modules/MidDrivers/BUZZER/BZR.o
 .debug_aranges
                0x000001e0       0x30 ./Modules/MidDrivers/DBNCR/Debouncer.o
 .debug_aranges
                0x00000210       0x28 ./Modules/MidDrivers/IRQ/IRQ.o
 .debug_aranges
                0x00000238       0x78 ./Modules/MidDrivers/LCD/LCD.o
 .debug_aranges
                0x000002b0       0x28 ./Project_Settings/Startup_Code/kinetis_sysinit.o
 .debug_aranges
                0x000002d8       0x30 ./Project_Settings/Startup_Code/__arm_start.o
 .debug_aranges
                0x00000308       0x20 ./Project_Settings/Startup_Code/__arm_end.o
 .debug_aranges
                0x00000328       0x20 ./Sources/main.o
 .debug_aranges
                0x00000348       0x28 ./System/Scheduler/Sch.o
 .debug_aranges
                0x00000370       0x20 ./System/SysInit/SysInit.o
 .debug_aranges
                0x00000390       0x20 C:/Freescale/CW MCU v10.6/MCU/ARM_GCC_Support/ewl/lib/armv6-m\libc.a(sprintf.o)
 .debug_aranges
                0x000003b0       0x28 C:/Freescale/CW MCU v10.6/MCU/ARM_GCC_Support/ewl/lib/armv6-m\libc.a(vsnprintf.o)
 .debug_aranges
                0x000003d8       0x20 C:/Freescale/CW MCU v10.6/MCU/ARM_GCC_Support/ewl/lib/armv6-m\libc.a(exit.o)
 .debug_aranges
                0x000003f8       0x20 C:/Freescale/CW MCU v10.6/MCU/ARM_GCC_Support/ewl/lib/armv6-m\libc.a(memcpy.o)
 .debug_aranges
                0x00000418       0x20 C:/Freescale/CW MCU v10.6/MCU/ARM_GCC_Support/ewl/lib/armv6-m\libc.a(memset.o)
 .debug_aranges
                0x00000438       0x28 C:/Freescale/CW MCU v10.6/MCU/ARM_GCC_Support/ewl/lib/armv6-m\libc.a(printformat_.o)
 .debug_aranges
                0x00000460       0x20 C:/Freescale/CW MCU v10.6/MCU/ARM_GCC_Support/ewl/lib/armv6-m\libc.a(scanformat_.o)
 .debug_aranges
                0x00000480       0x88 C:/Freescale/CW MCU v10.6/MCU/ARM_GCC_Support/ewl/lib/armv6-m\libc.a(ctype_aeabi.o)
 .debug_aranges
                0x00000508       0x20 C:/Freescale/CW MCU v10.6/MCU/ARM_GCC_Support/ewl/lib/armv6-m\libc.a(__strtoul.o)
 .debug_aranges
                0x00000528       0x20 C:/Freescale/CW MCU v10.6/MCU/ARM_GCC_Support/ewl/lib/armv6-m\libc.a(__filll_mem.o)
 .debug_aranges
                0x00000548       0x20 C:/Freescale/CW MCU v10.6/MCU/ARM_GCC_Support/ewl/lib/armv6-m\libc.a(memchr.o)
 .debug_aranges
                0x00000568       0x20 C:/Freescale/CW MCU v10.6/MCU/ARM_GCC_Support/ewl/lib/armv6-m\libc.a(strchr.o)
 .debug_aranges
                0x00000588       0x20 C:/Freescale/CW MCU v10.6/MCU/ARM_GCC_Support/ewl/lib/armv6-m\libc.a(strlen.o)
 .debug_aranges
                0x000005a8       0x28 C:/Freescale/CW MCU v10.6/MCU/ARM_GCC_Support/ewl/lib/armv6-m\librt.a(gcc_ctor_dtor.o)
 .debug_aranges
                0x000005d0       0x30 C:/Freescale/CW MCU v10.6/MCU/ARM_GCC_Support/ewl/lib/armv6-m\librt.a(ROMCopy.o)
 .debug_aranges
                0x00000600       0x58 C:/Freescale/CW MCU v10.6/MCU/ARM_GCC_Support/ewl/lib/armv6-m\librt.a(__arm_eabi_init.o)

.debug_macinfo  0x00000000   0x248658
 .debug_macinfo
                0x00000000    0x26961 ./Modules/App/ElectroTherapy/ET.o
 .debug_macinfo
                0x00026961    0x265e9 ./Modules/App/HeartBit/HeartBit.o
 .debug_macinfo
                0x0004cf4a    0x269a5 ./Modules/HMI/HMI.o
 .debug_macinfo
                0x000738ef    0x26559 ./Modules/LowDrivers/ADC/ADC.o
 .debug_macinfo
                0x00099e48    0x2650d ./Modules/LowDrivers/GPIO/GPIO.o
 .debug_macinfo
                0x000c0355    0x2650c ./Modules/LowDrivers/PIT/PIT.o
 .debug_macinfo
                0x000e6861    0x26588 ./Modules/LowDrivers/TPM/TPM.o
 .debug_macinfo
                0x0010cde9    0x26596 ./Modules/MidDrivers/BUZZER/BZR.o
 .debug_macinfo
                0x0013337f    0x265cb ./Modules/MidDrivers/DBNCR/Debouncer.o
 .debug_macinfo
                0x0015994a    0x268f9 ./Modules/MidDrivers/IRQ/IRQ.o
 .debug_macinfo
                0x00180243    0x268d5 ./Modules/MidDrivers/LCD/LCD.o
 .debug_macinfo
                0x001a6b18    0x2653c ./Project_Settings/Startup_Code/kinetis_sysinit.o
 .debug_macinfo
                0x001cd054     0x3eb9 ./Project_Settings/Startup_Code/__arm_start.o
 .debug_macinfo
                0x001d0f0d     0x34a2 ./Project_Settings/Startup_Code/__arm_end.o
 .debug_macinfo
                0x001d43af    0x26c7b ./Sources/main.o
 .debug_macinfo
                0x001fb02a    0x26b67 ./System/Scheduler/Sch.o
 .debug_macinfo
                0x00221b91    0x26ac7 ./System/SysInit/SysInit.o

.debug_line     0x00000000     0x43d0
 .debug_line    0x00000000      0x302 ./Modules/App/ElectroTherapy/ET.o
 .debug_line    0x00000302      0x252 ./Modules/App/HeartBit/HeartBit.o
 .debug_line    0x00000554      0x572 ./Modules/HMI/HMI.o
 .debug_line    0x00000ac6      0x233 ./Modules/LowDrivers/ADC/ADC.o
 .debug_line    0x00000cf9      0x203 ./Modules/LowDrivers/GPIO/GPIO.o
 .debug_line    0x00000efc      0x1d7 ./Modules/LowDrivers/PIT/PIT.o
 .debug_line    0x000010d3      0x268 ./Modules/LowDrivers/TPM/TPM.o
 .debug_line    0x0000133b      0x28a ./Modules/MidDrivers/BUZZER/BZR.o
 .debug_line    0x000015c5      0x263 ./Modules/MidDrivers/DBNCR/Debouncer.o
 .debug_line    0x00001828      0x2c6 ./Modules/MidDrivers/IRQ/IRQ.o
 .debug_line    0x00001aee      0x324 ./Modules/MidDrivers/LCD/LCD.o
 .debug_line    0x00001e12      0x215 ./Project_Settings/Startup_Code/kinetis_sysinit.o
 .debug_line    0x00002027      0x298 ./Project_Settings/Startup_Code/__arm_start.o
 .debug_line    0x000022bf      0x266 ./Project_Settings/Startup_Code/__arm_end.o
 .debug_line    0x00002525      0x5fa ./Sources/main.o
 .debug_line    0x00002b1f      0x401 ./System/Scheduler/Sch.o
 .debug_line    0x00002f20      0x46d ./System/SysInit/SysInit.o
 .debug_line    0x0000338d       0x93 C:/Freescale/CW MCU v10.6/MCU/ARM_GCC_Support/ewl/lib/armv6-m\libc.a(sprintf.o)
 .debug_line    0x00003420       0xd4 C:/Freescale/CW MCU v10.6/MCU/ARM_GCC_Support/ewl/lib/armv6-m\libc.a(vsnprintf.o)
 .debug_line    0x000034f4       0x8d C:/Freescale/CW MCU v10.6/MCU/ARM_GCC_Support/ewl/lib/armv6-m\libc.a(exit.o)
 .debug_line    0x00003581       0x8b C:/Freescale/CW MCU v10.6/MCU/ARM_GCC_Support/ewl/lib/armv6-m\libc.a(memcpy.o)
 .debug_line    0x0000360c       0x90 C:/Freescale/CW MCU v10.6/MCU/ARM_GCC_Support/ewl/lib/armv6-m\libc.a(memset.o)
 .debug_line    0x0000369c      0x2c3 C:/Freescale/CW MCU v10.6/MCU/ARM_GCC_Support/ewl/lib/armv6-m\libc.a(printformat_.o)
 .debug_line    0x0000395f      0x2be C:/Freescale/CW MCU v10.6/MCU/ARM_GCC_Support/ewl/lib/armv6-m\libc.a(scanformat_.o)
 .debug_line    0x00003c1d      0x1be C:/Freescale/CW MCU v10.6/MCU/ARM_GCC_Support/ewl/lib/armv6-m\libc.a(ctype_aeabi.o)
 .debug_line    0x00003ddb      0x11e C:/Freescale/CW MCU v10.6/MCU/ARM_GCC_Support/ewl/lib/armv6-m\libc.a(__strtoul.o)
 .debug_line    0x00003ef9       0xf6 C:/Freescale/CW MCU v10.6/MCU/ARM_GCC_Support/ewl/lib/armv6-m\libc.a(__filll_mem.o)
 .debug_line    0x00003fef       0x9f C:/Freescale/CW MCU v10.6/MCU/ARM_GCC_Support/ewl/lib/armv6-m\libc.a(memchr.o)
 .debug_line    0x0000408e       0x7d C:/Freescale/CW MCU v10.6/MCU/ARM_GCC_Support/ewl/lib/armv6-m\libc.a(strchr.o)
 .debug_line    0x0000410b       0x85 C:/Freescale/CW MCU v10.6/MCU/ARM_GCC_Support/ewl/lib/armv6-m\libc.a(strlen.o)
 .debug_line    0x00004190       0x6c C:/Freescale/CW MCU v10.6/MCU/ARM_GCC_Support/ewl/lib/armv6-m\librt.a(gcc_ctor_dtor.o)
 .debug_line    0x000041fc       0xbd C:/Freescale/CW MCU v10.6/MCU/ARM_GCC_Support/ewl/lib/armv6-m\librt.a(ROMCopy.o)
 .debug_line    0x000042b9      0x117 C:/Freescale/CW MCU v10.6/MCU/ARM_GCC_Support/ewl/lib/armv6-m\librt.a(__arm_eabi_init.o)

.debug_str      0x00000000     0x1aaa
 .debug_str     0x00000000      0x168 ./Modules/App/ElectroTherapy/ET.o
                                0x19c (size before relaxing)
 .debug_str     0x00000168       0x99 ./Modules/App/HeartBit/HeartBit.o
                                0x1a6 (size before relaxing)
 .debug_str     0x00000201      0x3af ./Modules/HMI/HMI.o
                                0x4d5 (size before relaxing)
 .debug_str     0x000005b0      0x19b ./Modules/LowDrivers/ADC/ADC.o
                                0x2c1 (size before relaxing)
 .debug_str     0x0000074b       0x5d ./Modules/LowDrivers/GPIO/GPIO.o
                                0x28d (size before relaxing)
 .debug_str     0x000007a8       0xa0 ./Modules/LowDrivers/PIT/PIT.o
                                0x297 (size before relaxing)
 .debug_str     0x00000848      0x108 ./Modules/LowDrivers/TPM/TPM.o
                                0x344 (size before relaxing)
 .debug_str     0x00000950       0x6b ./Modules/MidDrivers/BUZZER/BZR.o
                                0x1a9 (size before relaxing)
 .debug_str     0x000009bb      0x10b ./Modules/MidDrivers/DBNCR/Debouncer.o
                                0x299 (size before relaxing)
 .debug_str     0x00000ac6      0x27b ./Modules/MidDrivers/IRQ/IRQ.o
                                0x519 (size before relaxing)
 .debug_str     0x00000d41      0x1ce ./Modules/MidDrivers/LCD/LCD.o
                                0x354 (size before relaxing)
 .debug_str     0x00000f0f       0xc6 ./Project_Settings/Startup_Code/kinetis_sysinit.o
                                0x2bd (size before relaxing)
 .debug_str     0x00000fd5       0x85 ./Project_Settings/Startup_Code/__arm_start.o
                                0x197 (size before relaxing)
 .debug_str     0x0000105a       0x41 ./Project_Settings/Startup_Code/__arm_end.o
                                 0xce (size before relaxing)
 .debug_str     0x0000109b       0x17 ./Sources/main.o
                                0x124 (size before relaxing)
 .debug_str     0x000010b2       0xa1 ./System/Scheduler/Sch.o
                                0x229 (size before relaxing)
 .debug_str     0x00001153       0x2b ./System/SysInit/SysInit.o
                                0x138 (size before relaxing)
 .debug_str     0x0000117e       0x54 C:/Freescale/CW MCU v10.6/MCU/ARM_GCC_Support/ewl/lib/armv6-m\libc.a(sprintf.o)
                                0x163 (size before relaxing)
 .debug_str     0x000011d2       0x83 C:/Freescale/CW MCU v10.6/MCU/ARM_GCC_Support/ewl/lib/armv6-m\libc.a(vsnprintf.o)
                                0x1cc (size before relaxing)
 .debug_str     0x00001255       0x2e C:/Freescale/CW MCU v10.6/MCU/ARM_GCC_Support/ewl/lib/armv6-m\libc.a(exit.o)
                                0x157 (size before relaxing)
 .debug_str     0x00001283       0x1c C:/Freescale/CW MCU v10.6/MCU/ARM_GCC_Support/ewl/lib/armv6-m\libc.a(memcpy.o)
                                0x138 (size before relaxing)
 .debug_str     0x0000129f       0x1c C:/Freescale/CW MCU v10.6/MCU/ARM_GCC_Support/ewl/lib/armv6-m\libc.a(memset.o)
                                0x140 (size before relaxing)
 .debug_str     0x000012bb      0x235 C:/Freescale/CW MCU v10.6/MCU/ARM_GCC_Support/ewl/lib/armv6-m\libc.a(printformat_.o)
                                0x3b3 (size before relaxing)
 .debug_str     0x000014f0      0x184 C:/Freescale/CW MCU v10.6/MCU/ARM_GCC_Support/ewl/lib/armv6-m\libc.a(scanformat_.o)
                                0x3f9 (size before relaxing)
 .debug_str     0x00001674       0x9d C:/Freescale/CW MCU v10.6/MCU/ARM_GCC_Support/ewl/lib/armv6-m\libc.a(ctype_aeabi.o)
                                0x1bc (size before relaxing)
 .debug_str     0x00001711       0x61 C:/Freescale/CW MCU v10.6/MCU/ARM_GCC_Support/ewl/lib/armv6-m\libc.a(__strtoul.o)
                                0x1fb (size before relaxing)
 .debug_str     0x00001772       0x25 C:/Freescale/CW MCU v10.6/MCU/ARM_GCC_Support/ewl/lib/armv6-m\libc.a(__filll_mem.o)
                                0x152 (size before relaxing)
 .debug_str     0x00001797       0x1c C:/Freescale/CW MCU v10.6/MCU/ARM_GCC_Support/ewl/lib/armv6-m\libc.a(memchr.o)
                                0x148 (size before relaxing)
 .debug_str     0x000017b3       0x1c C:/Freescale/CW MCU v10.6/MCU/ARM_GCC_Support/ewl/lib/armv6-m\libc.a(strchr.o)
                                0x137 (size before relaxing)
 .debug_str     0x000017cf       0x1c C:/Freescale/CW MCU v10.6/MCU/ARM_GCC_Support/ewl/lib/armv6-m\libc.a(strlen.o)
                                0x140 (size before relaxing)
 .debug_str     0x000017eb      0x126 C:/Freescale/CW MCU v10.6/MCU/ARM_GCC_Support/ewl/lib/armv6-m\librt.a(gcc_ctor_dtor.o)
                                0x181 (size before relaxing)
 .debug_str     0x00001911       0xa1 C:/Freescale/CW MCU v10.6/MCU/ARM_GCC_Support/ewl/lib/armv6-m\librt.a(ROMCopy.o)
                                0x13c (size before relaxing)
 .debug_str     0x000019b2       0xf8 C:/Freescale/CW MCU v10.6/MCU/ARM_GCC_Support/ewl/lib/armv6-m\librt.a(__arm_eabi_init.o)
                                0x1b5 (size before relaxing)

.comment        0x00000000       0x79
 .comment       0x00000000       0x79 ./Modules/App/ElectroTherapy/ET.o
                                 0x7a (size before relaxing)
 .comment       0x00000000       0x7a ./Modules/App/HeartBit/HeartBit.o
 .comment       0x00000000       0x7a ./Modules/HMI/HMI.o
 .comment       0x00000000       0x7a ./Modules/LowDrivers/ADC/ADC.o
 .comment       0x00000000       0x7a ./Modules/LowDrivers/GPIO/GPIO.o
 .comment       0x00000000       0x7a ./Modules/LowDrivers/PIT/PIT.o
 .comment       0x00000000       0x7a ./Modules/LowDrivers/TPM/TPM.o
 .comment       0x00000000       0x7a ./Modules/MidDrivers/BUZZER/BZR.o
 .comment       0x00000000       0x7a ./Modules/MidDrivers/DBNCR/Debouncer.o
 .comment       0x00000000       0x7a ./Modules/MidDrivers/IRQ/IRQ.o
 .comment       0x00000000       0x7a ./Modules/MidDrivers/LCD/LCD.o
 .comment       0x00000000       0x7a ./Project_Settings/Startup_Code/kinetis_sysinit.o
 .comment       0x00000000       0x7a ./Project_Settings/Startup_Code/__arm_start.o
 .comment       0x00000000       0x7a ./Project_Settings/Startup_Code/__arm_end.o
 .comment       0x00000000       0x7a ./Sources/main.o
 .comment       0x00000000       0x7a ./System/Scheduler/Sch.o
 .comment       0x00000000       0x7a ./System/SysInit/SysInit.o
 .comment       0x00000000       0x7a C:/Freescale/CW MCU v10.6/MCU/ARM_GCC_Support/ewl/lib/armv6-m\libc.a(sprintf.o)
 .comment       0x00000000       0x7a C:/Freescale/CW MCU v10.6/MCU/ARM_GCC_Support/ewl/lib/armv6-m\libc.a(vsnprintf.o)
 .comment       0x00000000       0x7a C:/Freescale/CW MCU v10.6/MCU/ARM_GCC_Support/ewl/lib/armv6-m\libc.a(exit.o)
 .comment       0x00000000       0x7a C:/Freescale/CW MCU v10.6/MCU/ARM_GCC_Support/ewl/lib/armv6-m\libc.a(memcpy.o)
 .comment       0x00000000       0x7a C:/Freescale/CW MCU v10.6/MCU/ARM_GCC_Support/ewl/lib/armv6-m\libc.a(memset.o)
 .comment       0x00000000       0x7a C:/Freescale/CW MCU v10.6/MCU/ARM_GCC_Support/ewl/lib/armv6-m\libc.a(printformat_.o)
 .comment       0x00000000       0x7a C:/Freescale/CW MCU v10.6/MCU/ARM_GCC_Support/ewl/lib/armv6-m\libc.a(scanformat_.o)
 .comment       0x00000000       0x7a C:/Freescale/CW MCU v10.6/MCU/ARM_GCC_Support/ewl/lib/armv6-m\libc.a(ctype_aeabi.o)
 .comment       0x00000000       0x7a C:/Freescale/CW MCU v10.6/MCU/ARM_GCC_Support/ewl/lib/armv6-m\libc.a(__strtoul.o)
 .comment       0x00000000       0x7a C:/Freescale/CW MCU v10.6/MCU/ARM_GCC_Support/ewl/lib/armv6-m\libc.a(__filll_mem.o)
 .comment       0x00000000       0x7a C:/Freescale/CW MCU v10.6/MCU/ARM_GCC_Support/ewl/lib/armv6-m\libc.a(memchr.o)
 .comment       0x00000000       0x7a C:/Freescale/CW MCU v10.6/MCU/ARM_GCC_Support/ewl/lib/armv6-m\libc.a(strchr.o)
 .comment       0x00000000       0x7a C:/Freescale/CW MCU v10.6/MCU/ARM_GCC_Support/ewl/lib/armv6-m\libc.a(strlen.o)
 .comment       0x00000000       0x7a C:/Freescale/CW MCU v10.6/MCU/ARM_GCC_Support/ewl/lib/armv6-m\librt.a(gcc_ctor_dtor.o)
 .comment       0x00000000       0x7a C:/Freescale/CW MCU v10.6/MCU/ARM_GCC_Support/ewl/lib/armv6-m\librt.a(ROMCopy.o)
 .comment       0x00000000       0x7a C:/Freescale/CW MCU v10.6/MCU/ARM_GCC_Support/ewl/lib/armv6-m\librt.a(__arm_eabi_init.o)

.debug_frame    0x00000000      0xd80
 .debug_frame   0x00000000       0x30 ./Modules/App/ElectroTherapy/ET.o
 .debug_frame   0x00000030       0x80 ./Modules/App/HeartBit/HeartBit.o
 .debug_frame   0x000000b0      0x278 ./Modules/HMI/HMI.o
 .debug_frame   0x00000328       0x4c ./Modules/LowDrivers/ADC/ADC.o
 .debug_frame   0x00000374       0x2c ./Modules/LowDrivers/GPIO/GPIO.o
 .debug_frame   0x000003a0       0x2c ./Modules/LowDrivers/PIT/PIT.o
 .debug_frame   0x000003cc       0x8c ./Modules/LowDrivers/TPM/TPM.o
 .debug_frame   0x00000458       0x64 ./Modules/MidDrivers/BUZZER/BZR.o
 .debug_frame   0x000004bc       0x6c ./Modules/MidDrivers/DBNCR/Debouncer.o
 .debug_frame   0x00000528       0x48 ./Modules/MidDrivers/IRQ/IRQ.o
 .debug_frame   0x00000570      0x16c ./Modules/MidDrivers/LCD/LCD.o
 .debug_frame   0x000006dc       0x48 ./Project_Settings/Startup_Code/kinetis_sysinit.o
 .debug_frame   0x00000724       0x4c ./Project_Settings/Startup_Code/__arm_start.o
 .debug_frame   0x00000770       0x30 ./Project_Settings/Startup_Code/__arm_end.o
 .debug_frame   0x000007a0       0x2c ./Sources/main.o
 .debug_frame   0x000007cc       0x50 ./System/Scheduler/Sch.o
 .debug_frame   0x0000081c       0x2c ./System/SysInit/SysInit.o
 .debug_frame   0x00000848       0x2c C:/Freescale/CW MCU v10.6/MCU/ARM_GCC_Support/ewl/lib/armv6-m\libc.a(sprintf.o)
 .debug_frame   0x00000874       0x4c C:/Freescale/CW MCU v10.6/MCU/ARM_GCC_Support/ewl/lib/armv6-m\libc.a(vsnprintf.o)
 .debug_frame   0x000008c0       0x2c C:/Freescale/CW MCU v10.6/MCU/ARM_GCC_Support/ewl/lib/armv6-m\libc.a(exit.o)
 .debug_frame   0x000008ec       0x28 C:/Freescale/CW MCU v10.6/MCU/ARM_GCC_Support/ewl/lib/armv6-m\libc.a(memcpy.o)
 .debug_frame   0x00000914       0x28 C:/Freescale/CW MCU v10.6/MCU/ARM_GCC_Support/ewl/lib/armv6-m\libc.a(memset.o)
 .debug_frame   0x0000093c       0x54 C:/Freescale/CW MCU v10.6/MCU/ARM_GCC_Support/ewl/lib/armv6-m\libc.a(printformat_.o)
 .debug_frame   0x00000990       0x34 C:/Freescale/CW MCU v10.6/MCU/ARM_GCC_Support/ewl/lib/armv6-m\libc.a(scanformat_.o)
 .debug_frame   0x000009c4      0x158 C:/Freescale/CW MCU v10.6/MCU/ARM_GCC_Support/ewl/lib/armv6-m\libc.a(ctype_aeabi.o)
 .debug_frame   0x00000b1c       0x30 C:/Freescale/CW MCU v10.6/MCU/ARM_GCC_Support/ewl/lib/armv6-m\libc.a(__strtoul.o)
 .debug_frame   0x00000b4c       0x2c C:/Freescale/CW MCU v10.6/MCU/ARM_GCC_Support/ewl/lib/armv6-m\libc.a(__filll_mem.o)
 .debug_frame   0x00000b78       0x28 C:/Freescale/CW MCU v10.6/MCU/ARM_GCC_Support/ewl/lib/armv6-m\libc.a(memchr.o)
 .debug_frame   0x00000ba0       0x28 C:/Freescale/CW MCU v10.6/MCU/ARM_GCC_Support/ewl/lib/armv6-m\libc.a(strchr.o)
 .debug_frame   0x00000bc8       0x28 C:/Freescale/CW MCU v10.6/MCU/ARM_GCC_Support/ewl/lib/armv6-m\libc.a(strlen.o)
 .debug_frame   0x00000bf0       0x20 c:/freescale/cw mcu v10.6/cross_tools/arm-none-eabi-gcc-4_7_3/bin/../lib/gcc/arm-none-eabi/4.7.3/armv6-m\libgcc.a(_udivsi3.o)
 .debug_frame   0x00000c10       0x20 c:/freescale/cw mcu v10.6/cross_tools/arm-none-eabi-gcc-4_7_3/bin/../lib/gcc/arm-none-eabi/4.7.3/armv6-m\libgcc.a(_divsi3.o)
 .debug_frame   0x00000c30       0x40 C:/Freescale/CW MCU v10.6/MCU/ARM_GCC_Support/ewl/lib/armv6-m\librt.a(gcc_ctor_dtor.o)
 .debug_frame   0x00000c70       0x54 C:/Freescale/CW MCU v10.6/MCU/ARM_GCC_Support/ewl/lib/armv6-m\librt.a(ROMCopy.o)
 .debug_frame   0x00000cc4       0xbc C:/Freescale/CW MCU v10.6/MCU/ARM_GCC_Support/ewl/lib/armv6-m\librt.a(__arm_eabi_init.o)
