Archive member included because of file (symbol)

C:/Freescale/CW MCU v10.7/MCU/ARM_GCC_Support/ewl/lib/armv6-m\libc.a(sprintf.o)
                              ./Modules/HMI/HMI.o (sprintf)
C:/Freescale/CW MCU v10.7/MCU/ARM_GCC_Support/ewl/lib/armv6-m\libc.a(exit.o)
                              ./Project_Settings/Startup_Code/__arm_start.o (exit)
C:/Freescale/CW MCU v10.7/MCU/ARM_GCC_Support/ewl/lib/armv6-m\libc.a(memset.o)
                              ./Project_Settings/Startup_Code/__arm_start.o (memset)
C:/Freescale/CW MCU v10.7/MCU/ARM_GCC_Support/ewl/lib/armv6-m\libc.a(__filll_mem.o)
                              C:/Freescale/CW MCU v10.7/MCU/ARM_GCC_Support/ewl/lib/armv6-m\libc.a(memset.o) (__fill_mem)
C:/Freescale/CW MCU v10.7/MCU/ARM_GCC_Support/ewl/lib/armv6-m\libc.a(memcpy.o)
                              ./Modules/HMI/HMI.o (memcpy)
C:/Freescale/CW MCU v10.7/MCU/ARM_GCC_Support/ewl/lib/armv6-m\libc.a(printformat_.o)
                              (__pformatter_)
C:/Freescale/CW MCU v10.7/MCU/ARM_GCC_Support/ewl/lib/armv6-m\libc.a(scanformat_.o)
                              (__sformatter)
C:/Freescale/CW MCU v10.7/MCU/ARM_GCC_Support/ewl/lib/armv6-m\libc.a(ctype_aeabi.o)
                              C:/Freescale/CW MCU v10.7/MCU/ARM_GCC_Support/ewl/lib/armv6-m\libc.a(scanformat_.o) (isspace)
C:/Freescale/CW MCU v10.7/MCU/ARM_GCC_Support/ewl/lib/armv6-m\libc.a(vsnprintf.o)
                              C:/Freescale/CW MCU v10.7/MCU/ARM_GCC_Support/ewl/lib/armv6-m\libc.a(sprintf.o) (vsnprintf)
C:/Freescale/CW MCU v10.7/MCU/ARM_GCC_Support/ewl/lib/armv6-m\libc.a(__strtoul.o)
                              C:/Freescale/CW MCU v10.7/MCU/ARM_GCC_Support/ewl/lib/armv6-m\libc.a(scanformat_.o) (__strtoul)
C:/Freescale/CW MCU v10.7/MCU/ARM_GCC_Support/ewl/lib/armv6-m\libc.a(strchr.o)
                              C:/Freescale/CW MCU v10.7/MCU/ARM_GCC_Support/ewl/lib/armv6-m\libc.a(printformat_.o) (strchr)
C:/Freescale/CW MCU v10.7/MCU/ARM_GCC_Support/ewl/lib/armv6-m\libc.a(strlen.o)
                              C:/Freescale/CW MCU v10.7/MCU/ARM_GCC_Support/ewl/lib/armv6-m\libc.a(printformat_.o) (strlen)
C:/Freescale/CW MCU v10.7/MCU/ARM_GCC_Support/ewl/lib/armv6-m\libc.a(memchr.o)
                              C:/Freescale/CW MCU v10.7/MCU/ARM_GCC_Support/ewl/lib/armv6-m\libc.a(printformat_.o) (memchr)
C:/Freescale/CW MCU v10.7/MCU/ARM_GCC_Support/ewl/lib/armv6-m\libm.a(w_exp.o)
                              ./Modules/App/MTPRESS/MTPRESS.o (exp)
C:/Freescale/CW MCU v10.7/MCU/ARM_GCC_Support/ewl/lib/armv6-m\libm.a(e_exp.o)
                              C:/Freescale/CW MCU v10.7/MCU/ARM_GCC_Support/ewl/lib/armv6-m\libm.a(w_exp.o) (__ieee754_exp)
c:/freescale/cw mcu v10.7/cross_tools/arm-none-eabi-gcc-4_7_3/bin/../lib/gcc/arm-none-eabi/4.7.3/armv6-m\libgcc.a(_thumb1_case_sqi.o)
                              C:/Freescale/CW MCU v10.7/MCU/ARM_GCC_Support/ewl/lib/armv6-m\libc.a(__strtoul.o) (__gnu_thumb1_case_sqi)
c:/freescale/cw mcu v10.7/cross_tools/arm-none-eabi-gcc-4_7_3/bin/../lib/gcc/arm-none-eabi/4.7.3/armv6-m\libgcc.a(_thumb1_case_uqi.o)
                              C:/Freescale/CW MCU v10.7/MCU/ARM_GCC_Support/ewl/lib/armv6-m\libc.a(scanformat_.o) (__gnu_thumb1_case_uqi)
c:/freescale/cw mcu v10.7/cross_tools/arm-none-eabi-gcc-4_7_3/bin/../lib/gcc/arm-none-eabi/4.7.3/armv6-m\libgcc.a(_udivsi3.o)
                              C:/Freescale/CW MCU v10.7/MCU/ARM_GCC_Support/ewl/lib/armv6-m\libc.a(printformat_.o) (__aeabi_uidiv)
c:/freescale/cw mcu v10.7/cross_tools/arm-none-eabi-gcc-4_7_3/bin/../lib/gcc/arm-none-eabi/4.7.3/armv6-m\libgcc.a(_divsi3.o)
                              ./Modules/LowDrivers/TPM/TPM.o (__aeabi_idiv)
c:/freescale/cw mcu v10.7/cross_tools/arm-none-eabi-gcc-4_7_3/bin/../lib/gcc/arm-none-eabi/4.7.3/armv6-m\libgcc.a(_dvmd_tls.o)
                              c:/freescale/cw mcu v10.7/cross_tools/arm-none-eabi-gcc-4_7_3/bin/../lib/gcc/arm-none-eabi/4.7.3/armv6-m\libgcc.a(_udivsi3.o) (__aeabi_idiv0)
c:/freescale/cw mcu v10.7/cross_tools/arm-none-eabi-gcc-4_7_3/bin/../lib/gcc/arm-none-eabi/4.7.3/armv6-m\libgcc.a(_arm_cmpdf2.o)
                              C:/Freescale/CW MCU v10.7/MCU/ARM_GCC_Support/ewl/lib/armv6-m\libm.a(e_exp.o) (__aeabi_dcmplt)
c:/freescale/cw mcu v10.7/cross_tools/arm-none-eabi-gcc-4_7_3/bin/../lib/gcc/arm-none-eabi/4.7.3/armv6-m\libgcc.a(_fixunsdfsi.o)
                              ./Modules/App/MTPRESS/MTPRESS.o (__aeabi_d2uiz)
c:/freescale/cw mcu v10.7/cross_tools/arm-none-eabi-gcc-4_7_3/bin/../lib/gcc/arm-none-eabi/4.7.3/armv6-m\libgcc.a(adddf3.o)
                              C:/Freescale/CW MCU v10.7/MCU/ARM_GCC_Support/ewl/lib/armv6-m\libm.a(e_exp.o) (__aeabi_dadd)
c:/freescale/cw mcu v10.7/cross_tools/arm-none-eabi-gcc-4_7_3/bin/../lib/gcc/arm-none-eabi/4.7.3/armv6-m\libgcc.a(divdf3.o)
                              C:/Freescale/CW MCU v10.7/MCU/ARM_GCC_Support/ewl/lib/armv6-m\libm.a(e_exp.o) (__aeabi_ddiv)
[...]
Memory Configuration

Name             Origin             Length             Attributes
m_interrupts     0x00000000         0x000000c0         xr
m_cfmprotrom     0x00000400         0x00000010         xr
m_text           0x00000800         0x0001f800         xr
m_data           0x1ffff000         0x00004000         xrw
*default*        0x00000000         0xffffffff

Linker script and memory map

LOAD ./Modules/App/ElectroTherapy/ET.o
LOAD ./Modules/App/HeartBit/HeartBit.o
LOAD ./Modules/App/MTPRESS/MTPRESS.o
LOAD ./Modules/App/Test/Test.o
LOAD ./Modules/HMI/HMI.o
LOAD ./Modules/LowDrivers/ADC/ADC.o
LOAD ./Modules/LowDrivers/GPIO/GPIO.o
LOAD ./Modules/LowDrivers/IIC/IIC.o
LOAD ./Modules/LowDrivers/MCG/MGCDvr.o
LOAD ./Modules/LowDrivers/NVIC/NVIC.o
LOAD ./Modules/LowDrivers/PIT/PIT.o
LOAD ./Modules/LowDrivers/TPM/TPM.o
LOAD ./Modules/LowDrivers/UART/UART.o
LOAD ./Modules/MidDrivers/BUZZER/BZR.o
LOAD ./Modules/MidDrivers/DBNCR/Debouncer.o
LOAD ./Modules/MidDrivers/IRQ/IRQ.o
LOAD ./Modules/MidDrivers/LCD/LCD.o
LOAD ./Project_Settings/Startup_Code/kinetis_sysinit.o
LOAD ./Project_Settings/Startup_Code/__arm_start.o
LOAD ./Project_Settings/Startup_Code/__arm_end.o
LOAD ./Sources/sa_mtb.o
LOAD ./Sources/main.o
LOAD ./System/Scheduler/Sch.o
LOAD ./System/SysInit/SysInit.o
                0x00004864                __pformatter = __pformatter_
                [0x00004c8c]                __sformatter = __sformatter
START GROUP
LOAD C:/Freescale/CW MCU v10.7/MCU/ARM_GCC_Support/ewl/lib/armv6-m\libc.a
LOAD C:/Freescale/CW MCU v10.7/MCU/ARM_GCC_Support/ewl/lib/armv6-m\libm.a
LOAD c:/freescale/cw mcu v10.7/cross_tools/arm-none-eabi-gcc-4_7_3/bin/../lib/gcc/arm-none-eabi/4.7.3/armv6-m\libgcc.a
LOAD C:/Freescale/CW MCU v10.7/MCU/ARM_GCC_Support/ewl/lib/armv6-m\librt.a
LOAD C:/Freescale/CW MCU v10.7/MCU/ARM_GCC_Support/ewl/lib/armv6-m\libuart.a
END GROUP
                0x20003000                _estack = 0x20003000
                0x20003000                __SP_INIT = _estack
                0x00000400                __heap_size = 0x400
                0x00000400                __stack_size = 0x400

.interrupts     0x00000000       0xc0
                0x00000000                __vector_table = .
                0x00000000                . = ALIGN (0x4)
 *(.vectortable)
 .vectortable   0x00000000       0xc0 ./Project_Settings/Startup_Code/kinetis_sysinit.o
                0x00000000                InterruptVector
                0x000000c0                . = ALIGN (0x4)

.cfmprotect     0x00000400        0x0
                0x00000400                . = ALIGN (0x4)
 *(.cfmconfig)
                0x00000400                . = ALIGN (0x4)

.text           0x00000800     0x5660
                0x00000800                . = ALIGN (0x4)
 *(.text)
 .text          0x00000800       0x14 c:/freescale/cw mcu v10.7/cross_tools/arm-none-eabi-gcc-4_7_3/bin/../lib/gcc/arm-none-eabi/4.7.3/armv6-m\libgcc.a(_thumb1_case_sqi.o)
                0x00000800                __gnu_thumb1_case_sqi
 .text          0x00000814       0x14 c:/freescale/cw mcu v10.7/cross_tools/arm-none-eabi-gcc-4_7_3/bin/../lib/gcc/arm-none-eabi/4.7.3/armv6-m\libgcc.a(_thumb1_case_uqi.o)
                0x00000814                __gnu_thumb1_case_uqi
 .text          0x00000828       0x9c c:/freescale/cw mcu v10.7/cross_tools/arm-none-eabi-gcc-4_7_3/bin/../lib/gcc/arm-none-eabi/4.7.3/armv6-m\libgcc.a(_udivsi3.o)
                0x00000828                __aeabi_uidiv
                0x00000828                __udivsi3
                0x000008b0                __aeabi_uidivmod
 .text          0x000008c4       0xc0 c:/freescale/cw mcu v10.7/cross_tools/arm-none-eabi-gcc-4_7_3/bin/../lib/gcc/arm-none-eabi/4.7.3/armv6-m\libgcc.a(_divsi3.o)
                0x000008c4                __divsi3
                0x000008c4                __aeabi_idiv
                0x00000970                __aeabi_idivmod
 .text          0x00000984        0x4 c:/freescale/cw mcu v10.7/cross_tools/arm-none-eabi-gcc-4_7_3/bin/../lib/gcc/arm-none-eabi/4.7.3/armv6-m\libgcc.a(_dvmd_tls.o)
                0x00000984                __aeabi_idiv0
                0x00000984                __aeabi_ldiv0
 .text          0x00000988       0x7c c:/freescale/cw mcu v10.7/cross_tools/arm-none-eabi-gcc-4_7_3/bin/../lib/gcc/arm-none-eabi/4.7.3/armv6-m\libgcc.a(_arm_cmpdf2.o)
                0x00000988                __aeabi_cdrcmple
                0x00000998                __aeabi_cdcmple
                0x00000998                __aeabi_cdcmpeq
                0x000009a8                __aeabi_dcmpeq
                0x000009b4                __aeabi_dcmplt
                0x000009c8                __aeabi_dcmple
                0x000009dc                __aeabi_dcmpgt
                0x000009f0                __aeabi_dcmpge
 *fill*         0x00000a04        0x4 00
 .text          0x00000a08       0x40 c:/freescale/cw mcu v10.7/cross_tools/arm-none-eabi-gcc-4_7_3/bin/../lib/gcc/arm-none-eabi/4.7.3/armv6-m\libgcc.a(_fixunsdfsi.o)
                0x00000a08                __aeabi_d2uiz
                0x00000a08                __fixunsdfsi
 .text          0x00000a48      0x758 c:/freescale/cw mcu v10.7/cross_tools/arm-none-eabi-gcc-4_7_3/bin/../lib/gcc/arm-none-eabi/4.7.3/armv6-m\libgcc.a(adddf3.o)
                0x00000a48                __aeabi_dadd
 .text          0x000011a0      0x5b8 c:/freescale/cw mcu v10.7/cross_tools/arm-none-eabi-gcc-4_7_3/bin/../lib/gcc/arm-none-eabi/4.7.3/armv6-m\libgcc.a(divdf3.o)
                0x000011a0                __aeabi_ddiv
 .text          0x00001758       0x7c c:/freescale/cw mcu v10.7/cross_tools/arm-none-eabi-gcc-4_7_3/bin/../lib/gcc/arm-none-eabi/4.7.3/armv6-m\libgcc.a(eqdf2.o)
                0x00001758                __nedf2
                0x00001758                __eqdf2
 .text          0x000017d4       0xe8 c:/freescale/cw mcu v10.7/cross_tools/arm-none-eabi-gcc-4_7_3/bin/../lib/gcc/arm-none-eabi/4.7.3/armv6-m\libgcc.a(gedf2.o)
                0x000017d4                __gedf2
                0x000017d4                __gtdf2
 .text          0x000018bc       0xd8 c:/freescale/cw mcu v10.7/cross_tools/arm-none-eabi-gcc-4_7_3/bin/../lib/gcc/arm-none-eabi/4.7.3/armv6-m\libgcc.a(ledf2.o)
                0x000018bc                __ledf2
                0x000018bc                __ltdf2
 .text          0x00001994      0x4e4 c:/freescale/cw mcu v10.7/cross_tools/arm-none-eabi-gcc-4_7_3/bin/../lib/gcc/arm-none-eabi/4.7.3/armv6-m\libgcc.a(muldf3.o)
                0x00001994                __aeabi_dmul
 .text          0x00001e78      0x6f8 c:/freescale/cw mcu v10.7/cross_tools/arm-none-eabi-gcc-4_7_3/bin/../lib/gcc/arm-none-eabi/4.7.3/armv6-m\libgcc.a(subdf3.o)
                0x00001e78                __aeabi_dsub
 .text          0x00002570       0x68 c:/freescale/cw mcu v10.7/cross_tools/arm-none-eabi-gcc-4_7_3/bin/../lib/gcc/arm-none-eabi/4.7.3/armv6-m\libgcc.a(fixdfsi.o)
                0x00002570                __aeabi_d2iz
 .text          0x000025d8       0x74 c:/freescale/cw mcu v10.7/cross_tools/arm-none-eabi-gcc-4_7_3/bin/../lib/gcc/arm-none-eabi/4.7.3/armv6-m\libgcc.a(floatsidf.o)
                0x000025d8                __aeabi_i2d
 .text          0x0000264c       0x3c c:/freescale/cw mcu v10.7/cross_tools/arm-none-eabi-gcc-4_7_3/bin/../lib/gcc/arm-none-eabi/4.7.3/armv6-m\libgcc.a(_clzsi2.o)
                0x0000264c                __clzsi2
 *(.text*)
 .text.ET_vMain
                0x00002688       0x88 ./Modules/App/ElectroTherapy/ET.o
                0x00002688                ET_vMain
 .text.HB_vInit
                0x00002710       0x18 ./Modules/App/HeartBit/HeartBit.o
                0x00002710                HB_vInit
 .text.HB_vTask
                0x00002728       0x38 ./Modules/App/HeartBit/HeartBit.o
                0x00002728                HB_vTask
 .text.HB_vActiveYellowLed
                0x00002760       0x14 ./Modules/App/HeartBit/HeartBit.o
                0x00002760                HB_vActiveYellowLed
 .text.HB_vDeactiveYellowLed
                0x00002774       0x28 ./Modules/App/HeartBit/HeartBit.o
                0x00002774                HB_vDeactiveYellowLed
 *fill*         0x0000279c        0x4 00
 .text.MTPRESS_vMain
                0x000027a0       0xa8 ./Modules/App/MTPRESS/MTPRESS.o
                0x000027a0                MTPRESS_vMain
 .text._vWelcomeScreen
                0x00002848       0x9c ./Modules/HMI/HMI.o
                0x00002848                _vWelcomeScreen
 .text._vTherapySelectedScreen
                0x000028e4       0xa0 ./Modules/HMI/HMI.o
                0x000028e4                _vTherapySelectedScreen
 .text._vPressureSelectedScreen
                0x00002984       0xa0 ./Modules/HMI/HMI.o
                0x00002984                _vPressureSelectedScreen
 .text._vFreqSelectedScreen
                0x00002a24       0xc0 ./Modules/HMI/HMI.o
                0x00002a24                _vFreqSelectedScreen
 .text._vIntsSelectedScreen
                0x00002ae4       0xc0 ./Modules/HMI/HMI.o
                0x00002ae4                _vIntsSelectedScreen
 .text._vFreqValueScreen
                0x00002ba4       0xe8 ./Modules/HMI/HMI.o
                0x00002ba4                _vFreqValueScreen
 .text._vIntsValueScreen
                0x00002c8c       0xe8 ./Modules/HMI/HMI.o
                0x00002c8c                _vIntsValueScreen
 .text._vPressureValueScreen
                0x00002d74       0x84 ./Modules/HMI/HMI.o
                0x00002d74                _vPressureValueScreen
 .text._vClearScreen
                0x00002df8       0x24 ./Modules/HMI/HMI.o
                0x00002df8                _vClearScreen
 .text._vEmergencyState
                0x00002e1c       0x8c ./Modules/HMI/HMI.o
                0x00002e1c                _vEmergencyState
 .text._vPswrdState0
                0x00002ea8      0x100 ./Modules/HMI/HMI.o
                0x00002ea8                _vPswrdState0
 .text._vPswrdState1
                0x00002fa8      0x108 ./Modules/HMI/HMI.o
                0x00002fa8                _vPswrdState1
 .text._vPswrdState2
                0x000030b0      0x108 ./Modules/HMI/HMI.o
                0x000030b0                _vPswrdState2
 .text._vPswrdState3
                0x000031b8       0x9c ./Modules/HMI/HMI.o
                0x000031b8                _vPswrdState3
 .text._vPswrdState4
                0x00003254       0x94 ./Modules/HMI/HMI.o
                0x00003254                _vPswrdState4
 .text.HMI_vMain
                0x000032e8       0x64 ./Modules/HMI/HMI.o
                0x000032e8                HMI_vMain
 .text.HMI_vSetEmergencyStop
                0x0000334c       0x14 ./Modules/HMI/HMI.o
                0x0000334c                HMI_vSetEmergencyStop
 .text.HMI_vGetEmergencyStop
                0x00003360       0x14 ./Modules/HMI/HMI.o
                0x00003360                HMI_vGetEmergencyStop
 .text.HMI_u8GetFreqValue
                0x00003374       0x14 ./Modules/HMI/HMI.o
                0x00003374                HMI_u8GetFreqValue
 .text.HMI_u8GetIntsValue
                0x00003388       0x14 ./Modules/HMI/HMI.o
                0x00003388                HMI_u8GetIntsValue
 .text.HMI_vSetPressure
                0x0000339c       0x28 ./Modules/HMI/HMI.o
                0x0000339c                HMI_vSetPressure
 .text.ADC_vInit
                0x000033c4       0x38 ./Modules/LowDrivers/ADC/ADC.o
                0x000033c4                ADC_vInit
 .text.GPIO_vPinsInit
                0x000033fc      0x218 ./Modules/LowDrivers/GPIO/GPIO.o
                0x000033fc                GPIO_vPinsInit
 .text.vfnMGCInit
                0x00003614      0x154 ./Modules/LowDrivers/MCG/MGCDvr.o
                0x00003614                vfnMGCInit
 .text.NVIC_vfnEnableIRQ
                0x00003768       0x34 ./Modules/LowDrivers/NVIC/NVIC.o
                0x00003768                NVIC_vfnEnableIRQ
 .text.PIT_vInit
                0x0000379c       0x74 ./Modules/LowDrivers/PIT/PIT.o
                0x0000379c                PIT_vInit
 .text.TPM_vInit
                0x00003810       0x98 ./Modules/LowDrivers/TPM/TPM.o
                0x00003810                TPM_vInit
 .text.TPM_vSetPWM
                0x000038a8       0x78 ./Modules/LowDrivers/TPM/TPM.o
                0x000038a8                TPM_vSetPWM
 .text.TPM_vChangeDutyCycle
                0x00003920       0xa0 ./Modules/LowDrivers/TPM/TPM.o
                0x00003920                TPM_vChangeDutyCycle
 .text.TPM_vChangeFrecuency
                0x000039c0       0x74 ./Modules/LowDrivers/TPM/TPM.o
                0x000039c0                TPM_vChangeFrecuency
 .text.UART_vfnInit
                0x00003a34      0x110 ./Modules/LowDrivers/UART/UART.o
                0x00003a34                UART_vfnInit
 .text.UART_bfnRxBuffer
                0x00003b44       0x28 ./Modules/LowDrivers/UART/UART.o
                0x00003b44                UART_bfnRxBuffer
 .text.UART0_IRQHandler
                0x00003b6c      0x114 ./Modules/LowDrivers/UART/UART.o
                0x00003b6c                UART0_IRQHandler
 .text.UART1_IRQHandler
                0x00003c80       0x70 ./Modules/LowDrivers/UART/UART.o
                0x00003c80                UART1_IRQHandler
 .text.UART2_IRQHandler
                0x00003cf0       0x70 ./Modules/LowDrivers/UART/UART.o
                0x00003cf0                UART2_IRQHandler
 .text.BZR_vMain
                0x00003d60       0x44 ./Modules/MidDrivers/BUZZER/BZR.o
                0x00003d60                BZR_vMain
 .text.BZR_vActivateBuzzer
                0x00003da4       0x14 ./Modules/MidDrivers/BUZZER/BZR.o
                0x00003da4                BZR_vActivateBuzzer
 .text.BZR_vDeactivateBuzzer
                0x00003db8       0x1c ./Modules/MidDrivers/BUZZER/BZR.o
                0x00003db8                BZR_vDeactivateBuzzer
 .text.DBNCR_vUpdate
                0x00003dd4      0x14c ./Modules/MidDrivers/DBNCR/Debouncer.o
                0x00003dd4                DBNCR_vUpdate
 .text.DBNCR_vMonitor
                0x00003f20        0xc ./Modules/MidDrivers/DBNCR/Debouncer.o
                0x00003f20                DBNCR_vMonitor
 .text.DBNCR_u8ReadButtonState
                0x00003f2c       0x44 ./Modules/MidDrivers/DBNCR/Debouncer.o
                0x00003f2c                DBNCR_u8ReadButtonState
 .text.IRQ_vInit
                0x00003f70       0x74 ./Modules/MidDrivers/IRQ/IRQ.o
                0x00003f70                IRQ_vInit
 .text.PORTA_IRQHandler
                0x00003fe4       0x38 ./Modules/MidDrivers/IRQ/IRQ.o
                0x00003fe4                PORTA_IRQHandler
 .text.LCD_vWriteData
                0x0000401c      0x150 ./Modules/MidDrivers/LCD/LCD.o
                0x0000401c                LCD_vWriteData
 .text.LCD_vInit
                0x0000416c       0x24 ./Modules/MidDrivers/LCD/LCD.o
                0x0000416c                LCD_vInit
 .text.LCD_vDriver
                0x00004190       0x20 ./Modules/MidDrivers/LCD/LCD.o
                0x00004190                LCD_vDriver
 .text._vIdle   0x000041b0        0x8 ./Modules/MidDrivers/LCD/LCD.o
                0x000041b0                _vIdle
 .text._vWriteCMD
                0x000041b8       0x60 ./Modules/MidDrivers/LCD/LCD.o
                0x000041b8                _vWriteCMD
 .text._vWriteData
                0x00004218       0xb0 ./Modules/MidDrivers/LCD/LCD.o
                0x00004218                _vWriteData
 .text._vEnable
                0x000042c8       0x24 ./Modules/MidDrivers/LCD/LCD.o
                0x000042c8                _vEnable
 .text._vDisable
                0x000042ec       0x24 ./Modules/MidDrivers/LCD/LCD.o
                0x000042ec                _vDisable
 .text._vDelayCMD
                0x00004310       0x28 ./Modules/MidDrivers/LCD/LCD.o
                0x00004310                _vDelayCMD
 .text.LCD_vUpdateScreen
                0x00004338       0x34 ./Modules/MidDrivers/LCD/LCD.o
                0x00004338                LCD_vUpdateScreen
 .text.LCD_vClearScreen
                0x0000436c       0x24 ./Modules/MidDrivers/LCD/LCD.o
                0x0000436c                LCD_vClearScreen
 .text.LCD_u8IsBusy
                0x00004390       0x2c ./Modules/MidDrivers/LCD/LCD.o
                0x00004390                LCD_u8IsBusy
 .text.Default_Handler
                0x000043bc        0xc ./Project_Settings/Startup_Code/kinetis_sysinit.o
                0x000043bc                RTC_Alarm_IRQHandler
                0x000043bc                I2C0_IRQHandler
                0x000043bc                HardFault_Handler
                0x000043bc                SysTick_Handler
                0x000043bc                PendSV_Handler
                0x000043bc                NMI_Handler
                0x000043bc                I2C1_IRQHandler
                0x000043bc                DMA2_IRQHandler
                0x000043bc                TSI0_IRQHandler
                0x000043bc                ADC0_IRQHandler
                0x000043bc                SPI1_IRQHandler
                0x000043bc                PORTD_IRQHandler
                0x000043bc                LPTimer_IRQHandler
                0x000043bc                FTM1_IRQHandler
                0x000043bc                RTC_Seconds_IRQHandler
                0x000043bc                MCG_IRQHandler
                0x000043bc                Default_Handler
                0x000043bc                LLW_IRQHandler
                0x000043bc                SVC_Handler
                0x000043bc                USBOTG_IRQHandler
                0x000043bc                DMA3_IRQHandler
                0x000043bc                DMA0_IRQHandler
                0x000043bc                DAC0_IRQHandler
                0x000043bc                PMC_IRQHandler
                0x000043bc                SPI0_IRQHandler
                0x000043bc                FTM0_IRQHandler
                0x000043bc                MCM_IRQHandler
                0x000043bc                FTFL_IRQHandler
                0x000043bc                FTM2_IRQHandler
                0x000043bc                CMP0_IRQHandler
                0x000043bc                DMA1_IRQHandler
 .text.__init_hardware
                0x000043c8       0x2c ./Project_Settings/Startup_Code/kinetis_sysinit.o
                0x000043c8                __init_hardware
 .text.zero_fill_bss
                0x000043f4       0x24 ./Project_Settings/Startup_Code/__arm_start.o
 .text.__thumb_startup
                0x00004418       0x30 ./Project_Settings/Startup_Code/__arm_start.o
                0x00004418                __thumb_startup
 .text._ExitProcess
                0x00004448        0xc ./Project_Settings/Startup_Code/__arm_end.o
                0x00004448                _ExitProcess
 .text.main     0x00004454       0x10 ./Sources/main.o
                0x00004454                main
 .text.SCH_vMonitor
                0x00004464       0x70 ./System/Scheduler/Sch.o
                0x00004464                SCH_vMonitor
 .text.PIT_IRQHandler
                0x000044d4       0xd0 ./System/Scheduler/Sch.o
                0x000044d4                PIT_IRQHandler
 .text.SI_vInitSystem
                0x000045a4       0x34 ./System/SysInit/SysInit.o
                0x000045a4                SI_vInitSystem
 .text.sprintf  0x000045d8       0x1a C:/Freescale/CW MCU v10.7/MCU/ARM_GCC_Support/ewl/lib/armv6-m\libc.a(sprintf.o)
                0x000045d8                sprintf
 *fill*         0x000045f2        0x2 00
 .text.exit     0x000045f4       0x38 C:/Freescale/CW MCU v10.7/MCU/ARM_GCC_Support/ewl/lib/armv6-m\libc.a(exit.o)
                0x000045f4                exit
 .text.memset   0x0000462c        0xc C:/Freescale/CW MCU v10.7/MCU/ARM_GCC_Support/ewl/lib/armv6-m\libc.a(memset.o)
                0x0000462c                memset
 .text.__fill_mem
                0x00004638       0x7e C:/Freescale/CW MCU v10.7/MCU/ARM_GCC_Support/ewl/lib/armv6-m\libc.a(__filll_mem.o)
                0x00004638                __fill_mem
 .text.memcpy   0x000046b6       0x12 C:/Freescale/CW MCU v10.7/MCU/ARM_GCC_Support/ewl/lib/armv6-m\libc.a(memcpy.o)
                0x000046b6                memcpy
 .text.long2str.isra.0
                0x000046c8      0x19c C:/Freescale/CW MCU v10.7/MCU/ARM_GCC_Support/ewl/lib/armv6-m\libc.a(printformat_.o)
 .text.__pformatter_
                0x00004864      0x428 C:/Freescale/CW MCU v10.7/MCU/ARM_GCC_Support/ewl/lib/armv6-m\libc.a(printformat_.o)
                0x00004864                __pformatter_
 .text.__sformatter
                0x00004c8c      0x698 C:/Freescale/CW MCU v10.7/MCU/ARM_GCC_Support/ewl/lib/armv6-m\libc.a(scanformat_.o)
                0x00004c8c                __sformatter
 .text.isalpha  0x00005324       0x20 C:/Freescale/CW MCU v10.7/MCU/ARM_GCC_Support/ewl/lib/armv6-m\libc.a(ctype_aeabi.o)
                0x00005324                isalpha
 .text.isspace  0x00005344       0x20 C:/Freescale/CW MCU v10.7/MCU/ARM_GCC_Support/ewl/lib/armv6-m\libc.a(ctype_aeabi.o)
                0x00005344                isspace
 .text.toupper  0x00005364        0xe C:/Freescale/CW MCU v10.7/MCU/ARM_GCC_Support/ewl/lib/armv6-m\libc.a(ctype_aeabi.o)
                0x00005364                toupper
 .text.__StringWrite
                0x00005372       0x26 C:/Freescale/CW MCU v10.7/MCU/ARM_GCC_Support/ewl/lib/armv6-m\libc.a(vsnprintf.o)
                0x00005372                __StringWrite
 .text.vsnprintf
                0x00005398       0x38 C:/Freescale/CW MCU v10.7/MCU/ARM_GCC_Support/ewl/lib/armv6-m\libc.a(vsnprintf.o)
                0x00005398                vsnprintf
 .text.__strtoul
                0x000053d0      0x1ce C:/Freescale/CW MCU v10.7/MCU/ARM_GCC_Support/ewl/lib/armv6-m\libc.a(__strtoul.o)
                0x000053d0                __strtoul
 .text.strchr   0x0000559e       0x1e C:/Freescale/CW MCU v10.7/MCU/ARM_GCC_Support/ewl/lib/armv6-m\libc.a(strchr.o)
                0x0000559e                strchr
 .text.strlen   0x000055bc       0x10 C:/Freescale/CW MCU v10.7/MCU/ARM_GCC_Support/ewl/lib/armv6-m\libc.a(strlen.o)
                0x000055bc                strlen
 .text.memchr   0x000055cc       0x1a C:/Freescale/CW MCU v10.7/MCU/ARM_GCC_Support/ewl/lib/armv6-m\libc.a(memchr.o)
                0x000055cc                memchr
 .text.exp      0x000055e6        0x8 C:/Freescale/CW MCU v10.7/MCU/ARM_GCC_Support/ewl/lib/armv6-m\libm.a(w_exp.o)
                0x000055e6                exp
 *fill*         0x000055ee        0x2 00
 .text.__ieee754_exp
                0x000055f0      0x318 C:/Freescale/CW MCU v10.7/MCU/ARM_GCC_Support/ewl/lib/armv6-m\libm.a(e_exp.o)
                0x000055f0                __ieee754_exp
 .text.__init_cpp
                0x00005908       0x48 C:/Freescale/CW MCU v10.7/MCU/ARM_GCC_Support/ewl/lib/armv6-m\librt.a(gcc_ctor_dtor.o)
                0x00005908                __init_cpp
 .text.__fini_cpp
                0x00005950       0x34 C:/Freescale/CW MCU v10.7/MCU/ARM_GCC_Support/ewl/lib/armv6-m\librt.a(gcc_ctor_dtor.o)
                0x00005950                __fini_cpp
 .text.__destroy_global_chain
                0x00005984       0x1c C:/Freescale/CW MCU v10.7/MCU/ARM_GCC_Support/ewl/lib/armv6-m\librt.a(__arm_eabi_init.o)
                0x00005984                __destroy_global_chain
 .text.__init_registers
                0x000059a0       0x1c C:/Freescale/CW MCU v10.7/MCU/ARM_GCC_Support/ewl/lib/armv6-m\librt.a(__arm_eabi_init.o)
                0x000059a0                __init_registers
 .text.__init_user
                0x000059bc        0x4 C:/Freescale/CW MCU v10.7/MCU/ARM_GCC_Support/ewl/lib/armv6-m\librt.a(__arm_eabi_init.o)
                0x000059bc                __init_user
 .text.__copy_rom_section
                0x000059c0       0x48 C:/Freescale/CW MCU v10.7/MCU/ARM_GCC_Support/ewl/lib/armv6-m\librt.a(ROMCopy.o)
                0x000059c0                __copy_rom_section
 .text.__copy_rom_sections_to_ram
                0x00005a08       0x34 C:/Freescale/CW MCU v10.7/MCU/ARM_GCC_Support/ewl/lib/armv6-m\librt.a(ROMCopy.o)
                0x00005a08                __copy_rom_sections_to_ram
 *(.rodata)
 .rodata        0x00005a3c      0x1e0 ./Modules/HMI/HMI.o
 .rodata        0x00005c1c       0x40 c:/freescale/cw mcu v10.7/cross_tools/arm-none-eabi-gcc-4_7_3/bin/../lib/gcc/arm-none-eabi/4.7.3/armv6-m\libgcc.a(divdf3.o)
 .rodata        0x00005c5c       0x40 c:/freescale/cw mcu v10.7/cross_tools/arm-none-eabi-gcc-4_7_3/bin/../lib/gcc/arm-none-eabi/4.7.3/armv6-m\libgcc.a(muldf3.o)
 *(.rodata*)
 .rodata.UART_gau32ClockGateMask
                0x00005c9c        0xc ./Modules/LowDrivers/UART/UART.o
 .rodata.UART_gapu8Registers
                0x00005ca8       0x6c ./Modules/LowDrivers/UART/UART.o
 .rodata.u16KeyMask
                0x00005d14        0x8 ./Modules/MidDrivers/DBNCR/Debouncer.o
 .rodata.au8LCDConfig
                0x00005d1c        0x4 ./Modules/MidDrivers/LCD/LCD.o
 .rodata.str1.1
                0x00005d20        0x1 C:/Freescale/CW MCU v10.7/MCU/ARM_GCC_Support/ewl/lib/armv6-m\libc.a(printformat_.o)
 .rodata.CSWTCH.20
                0x00005d21        0x5 C:/Freescale/CW MCU v10.7/MCU/ARM_GCC_Support/ewl/lib/armv6-m\libc.a(printformat_.o)
 .rodata.CSWTCH.21
                0x00005d26        0x5 C:/Freescale/CW MCU v10.7/MCU/ARM_GCC_Support/ewl/lib/armv6-m\libc.a(printformat_.o)
 .rodata.__aeabi_ctype_table_C
                0x00005d2b      0x101 C:/Freescale/CW MCU v10.7/MCU/ARM_GCC_Support/ewl/lib/armv6-m\libc.a(ctype_aeabi.o)
                0x00005d2b                __aeabi_ctype_table_C
 *fill*         0x00005e2c        0x4 00
 .rodata.halF   0x00005e30       0x10 C:/Freescale/CW MCU v10.7/MCU/ARM_GCC_Support/ewl/lib/armv6-m\libm.a(e_exp.o)
 .rodata.ln2LO  0x00005e40       0x10 C:/Freescale/CW MCU v10.7/MCU/ARM_GCC_Support/ewl/lib/armv6-m\libm.a(e_exp.o)
 .rodata.ln2HI  0x00005e50       0x10 C:/Freescale/CW MCU v10.7/MCU/ARM_GCC_Support/ewl/lib/armv6-m\libm.a(e_exp.o)
 *(.glue_7)
 .glue_7        0x00000000        0x0 linker stubs
 *(.glue_7t)
 .glue_7t       0x00000000        0x0 linker stubs
 *(.eh_frame)
 *(.init)
 *(.fini)
                0x00005e60                . = ALIGN (0x4)
                0x00005e60                _etext = .

.vfp11_veneer   0x00005e60        0x0
 .vfp11_veneer  0x00000000        0x0 linker stubs

.v4_bx          0x00005e60        0x0
 .v4_bx         0x00000000        0x0 linker stubs

.iplt           0x00005e60        0x0
 .iplt          0x00000000        0x0 ./Modules/App/ElectroTherapy/ET.o

.rel.dyn        0x00005e60        0x0
 .rel.iplt      0x00000000        0x0 ./Modules/App/ElectroTherapy/ET.o

.ARM.extab
 *(.ARM.extab* .gnu.linkonce.armextab.*)

.ARM            0x00005e60        0x0
                0x00005e60                __exidx_start = .
 *(.ARM.exidx*)
                0x00005e60                __exidx_end = .

.ctors          0x00005e60        0x0
                0x00005e60                __CTOR_LIST__ = .
 *crtbegin.o(.ctors)
 *(EXCLUDE_FILE(*crtend.o) .ctors)
 *(SORT(.ctors.*))
 *(.ctors)
                0x00005e60                __CTOR_END__ = .

.dtors          0x00005e60        0x0
                0x00005e60                __DTOR_LIST__ = .
 *crtbegin.o(.dtors)
 *(EXCLUDE_FILE(*crtend.o) .dtors)
 *(SORT(.dtors.*))
 *(.dtors)
                0x00005e60                __DTOR_END__ = .

.preinit_array  0x00005e60        0x0
                0x00005e60                PROVIDE (__preinit_array_start, .)
 *(.preinit_array*)
                0x00005e60                PROVIDE (__preinit_array_end, .)

.init_array     0x00005e60        0x0
                0x00005e60                PROVIDE (__init_array_start, .)
 *(SORT(.init_array.*))
 *(.init_array*)
                0x00005e60                PROVIDE (__init_array_end, .)

.fini_array     0x00005e60        0x0
                0x00005e60                PROVIDE (__fini_array_start, .)
 *(SORT(.fini_array.*))
 *(.fini_array*)
                0x00005e60                PROVIDE (__fini_array_end, .)
                0x00005e60                ___ROM_AT = .

.mtb            0x1ffff000        0x0
                0x1ffff000                . = ALIGN (0x8)
                0x1ffff000                _mtb_start = .
 *(.mtb_buf)
                0x1ffff000                . = ALIGN (0x8)
                0x1ffff000                _mtb_end = .

.data           0x1ffff000       0xa8 load address 0x00005e60
                0x1ffff000                . = ALIGN (0x4)
                0x1ffff000                _sdata = .
 *(.data)
 *(.data*)
 .data.HMI_vpaStates
                0x1ffff000       0x3c ./Modules/HMI/HMI.o
                0x1ffff000                HMI_vpaStates
 .data.vpaStates
                0x1ffff03c       0x18 ./Modules/MidDrivers/LCD/LCD.o
                0x1ffff03c                vpaStates
 .data._astTasks
                0x1ffff054       0x54 ./System/Scheduler/Sch.o
                0x1ffff0a8                . = ALIGN (0x4)
                0x1ffff0a8                _edata = .
                0x000000a8                ___data_size = (_edata - _sdata)

.igot.plt       0x1ffff0a8        0x0 load address 0x00005f08
 .igot.plt      0x00000000        0x0 ./Modules/App/ElectroTherapy/ET.o
                0x1ffff0a8                . = ALIGN (0x4)

.bss            0x1ffff0a8       0xa4 load address 0x00005f08
                0x1ffff0a8                __START_BSS = .
                0x1ffff0a8                PROVIDE (__bss_start__, __START_BSS)
 *(.bss)
 *(.bss*)
 .bss.u8PrevFreq.4707
                0x1ffff0a8        0x1 ./Modules/App/ElectroTherapy/ET.o
 .bss.u8PrevInts.4708
                0x1ffff0a9        0x1 ./Modules/App/ElectroTherapy/ET.o
 .bss.u8WarningYellowLed
                0x1ffff0aa        0x1 ./Modules/App/HeartBit/HeartBit.o
 .bss.u8DataArduino_SPO2.5353
                0x1ffff0ab        0x1 ./Modules/App/MTPRESS/MTPRESS.o
 .bss.u8DataPression.5354
                0x1ffff0ac        0x1 ./Modules/App/MTPRESS/MTPRESS.o
 *fill*         0x1ffff0ad        0x3 00
 .bss._stHMISM  0x1ffff0b0        0x4 ./Modules/HMI/HMI.o
 .bss.au8TransferBuffer
                0x1ffff0b4       0x28 ./Modules/HMI/HMI.o
 .bss.u8ScreenUpdated
                0x1ffff0dc        0x1 ./Modules/HMI/HMI.o
 .bss.u8FreqValue
                0x1ffff0dd        0x1 ./Modules/HMI/HMI.o
 .bss.u8IntsValue
                0x1ffff0de        0x1 ./Modules/HMI/HMI.o
 .bss.u8EmergencyStop
                0x1ffff0df        0x1 ./Modules/HMI/HMI.o
 .bss.u8CorrectPassword
                0x1ffff0e0        0x1 ./Modules/HMI/HMI.o
 .bss.u8EmergencyActive
                0x1ffff0e1        0x1 ./Modules/HMI/HMI.o
 .bss.u8Pressure
                0x1ffff0e2        0x1 ./Modules/HMI/HMI.o
 *fill*         0x1ffff0e3        0x1 00
 .bss.u16CurrentMod
                0x1ffff0e4        0x2 ./Modules/LowDrivers/TPM/TPM.o
 .bss.u16CurrentDutyCycle
                0x1ffff0e6        0x2 ./Modules/LowDrivers/TPM/TPM.o
 .bss.UART_u32DriverStatus
                0x1ffff0e8        0x4 ./Modules/LowDrivers/UART/UART.o
                0x1ffff0e8                UART_u32DriverStatus
 .bss.UART_gpu8OutputBuffer
                0x1ffff0ec        0x4 ./Modules/LowDrivers/UART/UART.o
 .bss.UART_gu16DataOutCounter
                0x1ffff0f0        0x2 ./Modules/LowDrivers/UART/UART.o
 .bss.UART_gbRxData
                0x1ffff0f2        0x1 ./Modules/LowDrivers/UART/UART.o
 *fill*         0x1ffff0f3        0x1 00
 .bss.gwFramingErrorCounter
                0x1ffff0f4        0x2 ./Modules/LowDrivers/UART/UART.o
                0x1ffff0f4                gwFramingErrorCounter
 .bss.gwOverRunCounter
                0x1ffff0f6        0x2 ./Modules/LowDrivers/UART/UART.o
                0x1ffff0f6                gwOverRunCounter
 .bss.gwRxDataCounter
                0x1ffff0f8        0x2 ./Modules/LowDrivers/UART/UART.o
                0x1ffff0f8                gwRxDataCounter
 .bss.u8Activate
                0x1ffff0fa        0x1 ./Modules/MidDrivers/BUZZER/BZR.o
 .bss.u8Status  0x1ffff0fb        0x1 ./Modules/MidDrivers/BUZZER/BZR.o
 .bss.stButtons
                0x1ffff0fc       0x20 ./Modules/MidDrivers/DBNCR/Debouncer.o
 .bss.u8Entry.4685
                0x1ffff11c        0x1 ./Modules/MidDrivers/IRQ/IRQ.o
 *fill*         0x1ffff11d        0x3 00
 .bss._stLCDDriver
                0x1ffff120        0xc ./Modules/MidDrivers/LCD/LCD.o
 .bss.argv      0x1ffff12c        0x4 ./Project_Settings/Startup_Code/__arm_start.o
 .bss.__stdio_exit
                0x1ffff130        0x4 C:/Freescale/CW MCU v10.7/MCU/ARM_GCC_Support/ewl/lib/armv6-m\libc.a(exit.o)
                0x1ffff130                __stdio_exit
 .bss.__console_exit
                0x1ffff134        0x4 C:/Freescale/CW MCU v10.7/MCU/ARM_GCC_Support/ewl/lib/armv6-m\libc.a(exit.o)
                0x1ffff134                __console_exit
 .bss.__global_destructor_chain
                0x1ffff138        0x4 C:/Freescale/CW MCU v10.7/MCU/ARM_GCC_Support/ewl/lib/armv6-m\librt.a(__arm_eabi_init.o)
                0x1ffff138                __global_destructor_chain
 .bss.__S_romp  0x1ffff13c        0xc C:/Freescale/CW MCU v10.7/MCU/ARM_GCC_Support/ewl/lib/armv6-m\librt.a(ROMCopy.o)
 *(COMMON)
 COMMON         0x1ffff148        0x4 C:/Freescale/CW MCU v10.7/MCU/ARM_GCC_Support/ewl/lib/armv6-m\libc.a(errno.o)
                0x1ffff148                errno
                0x1ffff14c                . = ALIGN (0x4)
                0x1ffff14c                __END_BSS = .
                0x1ffff14c                PROVIDE (__bss_end__, __END_BSS)
                0x00005f08                _romp_at = (___ROM_AT + SIZEOF (.data))

.romp           0x1ffff14c       0x18 load address 0x00005f08
                0x00005f08                __S_romp = _romp_at
                0x1ffff14c        0x4 LONG 0x5e60 ___ROM_AT
                0x1ffff150        0x4 LONG 0x1ffff000 _sdata
                0x1ffff154        0x4 LONG 0xa8 ___data_size
                0x1ffff158        0x4 LONG 0x0
                0x1ffff15c        0x4 LONG 0x0
                0x1ffff160        0x4 LONG 0x0

._user_heap_stack
                0x1ffff164      0x800 load address 0x00005f20
                0x1ffff164                . = ALIGN (0x4)
                0x1ffff164                PROVIDE (end, .)
                0x1ffff164                PROVIDE (_end, .)
                0x1ffff164                __heap_addr = .
                0x1ffff564                . = (. + __heap_size)
 *fill*         0x1ffff164      0x400 00
                0x1ffff964                . = (. + __stack_size)
 *fill*         0x1ffff564      0x400 00
                0x1ffff964                . = ALIGN (0x4)

.ARM.attributes
                0x00000000       0x31
 *(.ARM.attributes)
 .ARM.attributes
                0x00000000       0x31 ./Modules/App/ElectroTherapy/ET.o
 .ARM.attributes
                0x00000031       0x31 ./Modules/App/HeartBit/HeartBit.o
 .ARM.attributes
                0x00000062       0x31 ./Modules/App/MTPRESS/MTPRESS.o
 .ARM.attributes
                0x00000093       0x31 ./Modules/HMI/HMI.o
 .ARM.attributes
                0x000000c4       0x31 ./Modules/LowDrivers/ADC/ADC.o
 .ARM.attributes
                0x000000f5       0x31 ./Modules/LowDrivers/GPIO/GPIO.o
 .ARM.attributes
                0x00000126       0x31 ./Modules/LowDrivers/MCG/MGCDvr.o
 .ARM.attributes
                0x00000157       0x31 ./Modules/LowDrivers/NVIC/NVIC.o
 .ARM.attributes
                0x00000188       0x31 ./Modules/LowDrivers/PIT/PIT.o
 .ARM.attributes
                0x000001b9       0x31 ./Modules/LowDrivers/TPM/TPM.o
 .ARM.attributes
                0x000001ea       0x31 ./Modules/LowDrivers/UART/UART.o
 .ARM.attributes
                0x0000021b       0x31 ./Modules/MidDrivers/BUZZER/BZR.o
 .ARM.attributes
                0x0000024c       0x31 ./Modules/MidDrivers/DBNCR/Debouncer.o
 .ARM.attributes
                0x0000027d       0x31 ./Modules/MidDrivers/IRQ/IRQ.o
 .ARM.attributes
                0x000002ae       0x31 ./Modules/MidDrivers/LCD/LCD.o
 .ARM.attributes
                0x000002df       0x31 ./Project_Settings/Startup_Code/kinetis_sysinit.o
 .ARM.attributes
                0x00000310       0x31 ./Project_Settings/Startup_Code/__arm_start.o
 .ARM.attributes
                0x00000341       0x31 ./Project_Settings/Startup_Code/__arm_end.o
 .ARM.attributes
                0x00000372       0x31 ./Sources/main.o
 .ARM.attributes
                0x000003a3       0x31 ./System/Scheduler/Sch.o
 .ARM.attributes
                0x000003d4       0x31 ./System/SysInit/SysInit.o
 .ARM.attributes
                0x00000405       0x31 C:/Freescale/CW MCU v10.7/MCU/ARM_GCC_Support/ewl/lib/armv6-m\libc.a(sprintf.o)
 .ARM.attributes
                0x00000436       0x31 C:/Freescale/CW MCU v10.7/MCU/ARM_GCC_Support/ewl/lib/armv6-m\libc.a(exit.o)
 .ARM.attributes
                0x00000467       0x31 C:/Freescale/CW MCU v10.7/MCU/ARM_GCC_Support/ewl/lib/armv6-m\libc.a(memset.o)
 .ARM.attributes
                0x00000498       0x31 C:/Freescale/CW MCU v10.7/MCU/ARM_GCC_Support/ewl/lib/armv6-m\libc.a(__filll_mem.o)
 .ARM.attributes
                0x000004c9       0x31 C:/Freescale/CW MCU v10.7/MCU/ARM_GCC_Support/ewl/lib/armv6-m\libc.a(memcpy.o)
 .ARM.attributes
                0x000004fa       0x31 C:/Freescale/CW MCU v10.7/MCU/ARM_GCC_Support/ewl/lib/armv6-m\libc.a(printformat_.o)
 .ARM.attributes
                0x0000052b       0x31 C:/Freescale/CW MCU v10.7/MCU/ARM_GCC_Support/ewl/lib/armv6-m\libc.a(scanformat_.o)
 .ARM.attributes
                0x0000055c       0x31 C:/Freescale/CW MCU v10.7/MCU/ARM_GCC_Support/ewl/lib/armv6-m\libc.a(ctype_aeabi.o)
 .ARM.attributes
                0x0000058d       0x31 C:/Freescale/CW MCU v10.7/MCU/ARM_GCC_Support/ewl/lib/armv6-m\libc.a(vsnprintf.o)
 .ARM.attributes
                0x000005be       0x31 C:/Freescale/CW MCU v10.7/MCU/ARM_GCC_Support/ewl/lib/armv6-m\libc.a(__strtoul.o)
 .ARM.attributes
                0x000005ef       0x31 C:/Freescale/CW MCU v10.7/MCU/ARM_GCC_Support/ewl/lib/armv6-m\libc.a(strchr.o)
 .ARM.attributes
                0x00000620       0x31 C:/Freescale/CW MCU v10.7/MCU/ARM_GCC_Support/ewl/lib/armv6-m\libc.a(strlen.o)
 .ARM.attributes
                0x00000651       0x31 C:/Freescale/CW MCU v10.7/MCU/ARM_GCC_Support/ewl/lib/armv6-m\libc.a(memchr.o)
 .ARM.attributes
                0x00000682       0x31 C:/Freescale/CW MCU v10.7/MCU/ARM_GCC_Support/ewl/lib/armv6-m\libm.a(w_exp.o)
 .ARM.attributes
                0x000006b3       0x31 C:/Freescale/CW MCU v10.7/MCU/ARM_GCC_Support/ewl/lib/armv6-m\libm.a(e_exp.o)
 .ARM.attributes
                0x000006e4       0x1e c:/freescale/cw mcu v10.7/cross_tools/arm-none-eabi-gcc-4_7_3/bin/../lib/gcc/arm-none-eabi/4.7.3/armv6-m\libgcc.a(_thumb1_case_sqi.o)
 .ARM.attributes
                0x00000702       0x1e c:/freescale/cw mcu v10.7/cross_tools/arm-none-eabi-gcc-4_7_3/bin/../lib/gcc/arm-none-eabi/4.7.3/armv6-m\libgcc.a(_thumb1_case_uqi.o)
 .ARM.attributes
                0x00000720       0x1e c:/freescale/cw mcu v10.7/cross_tools/arm-none-eabi-gcc-4_7_3/bin/../lib/gcc/arm-none-eabi/4.7.3/armv6-m\libgcc.a(_udivsi3.o)
 .ARM.attributes
                0x0000073e       0x1e c:/freescale/cw mcu v10.7/cross_tools/arm-none-eabi-gcc-4_7_3/bin/../lib/gcc/arm-none-eabi/4.7.3/armv6-m\libgcc.a(_divsi3.o)
 .ARM.attributes
                0x0000075c       0x1e c:/freescale/cw mcu v10.7/cross_tools/arm-none-eabi-gcc-4_7_3/bin/../lib/gcc/arm-none-eabi/4.7.3/armv6-m\libgcc.a(_dvmd_tls.o)
 .ARM.attributes
                0x0000077a       0x1e c:/freescale/cw mcu v10.7/cross_tools/arm-none-eabi-gcc-4_7_3/bin/../lib/gcc/arm-none-eabi/4.7.3/armv6-m\libgcc.a(_arm_cmpdf2.o)
 .ARM.attributes
                0x00000798       0x2c c:/freescale/cw mcu v10.7/cross_tools/arm-none-eabi-gcc-4_7_3/bin/../lib/gcc/arm-none-eabi/4.7.3/armv6-m\libgcc.a(_fixunsdfsi.o)
 .ARM.attributes
                0x000007c4       0x2c c:/freescale/cw mcu v10.7/cross_tools/arm-none-eabi-gcc-4_7_3/bin/../lib/gcc/arm-none-eabi/4.7.3/armv6-m\libgcc.a(adddf3.o)
 .ARM.attributes
                0x000007f0       0x2c c:/freescale/cw mcu v10.7/cross_tools/arm-none-eabi-gcc-4_7_3/bin/../lib/gcc/arm-none-eabi/4.7.3/armv6-m\libgcc.a(divdf3.o)
 .ARM.attributes
                0x0000081c       0x2c c:/freescale/cw mcu v10.7/cross_tools/arm-none-eabi-gcc-4_7_3/bin/../lib/gcc/arm-none-eabi/4.7.3/armv6-m\libgcc.a(eqdf2.o)
 .ARM.attributes
                0x00000848       0x2c c:/freescale/cw mcu v10.7/cross_tools/arm-none-eabi-gcc-4_7_3/bin/../lib/gcc/arm-none-eabi/4.7.3/armv6-m\libgcc.a(gedf2.o)
 .ARM.attributes
                0x00000874       0x2c c:/freescale/cw mcu v10.7/cross_tools/arm-none-eabi-gcc-4_7_3/bin/../lib/gcc/arm-none-eabi/4.7.3/armv6-m\libgcc.a(ledf2.o)
 .ARM.attributes
                0x000008a0       0x2c c:/freescale/cw mcu v10.7/cross_tools/arm-none-eabi-gcc-4_7_3/bin/../lib/gcc/arm-none-eabi/4.7.3/armv6-m\libgcc.a(muldf3.o)
 .ARM.attributes
                0x000008cc       0x2c c:/freescale/cw mcu v10.7/cross_tools/arm-none-eabi-gcc-4_7_3/bin/../lib/gcc/arm-none-eabi/4.7.3/armv6-m\libgcc.a(subdf3.o)
 .ARM.attributes
                0x000008f8       0x2c c:/freescale/cw mcu v10.7/cross_tools/arm-none-eabi-gcc-4_7_3/bin/../lib/gcc/arm-none-eabi/4.7.3/armv6-m\libgcc.a(fixdfsi.o)
 .ARM.attributes
                0x00000924       0x2c c:/freescale/cw mcu v10.7/cross_tools/arm-none-eabi-gcc-4_7_3/bin/../lib/gcc/arm-none-eabi/4.7.3/armv6-m\libgcc.a(floatsidf.o)
 .ARM.attributes
                0x00000950       0x1e c:/freescale/cw mcu v10.7/cross_tools/arm-none-eabi-gcc-4_7_3/bin/../lib/gcc/arm-none-eabi/4.7.3/armv6-m\libgcc.a(_clzsi2.o)
 .ARM.attributes
                0x0000096e       0x31 C:/Freescale/CW MCU v10.7/MCU/ARM_GCC_Support/ewl/lib/armv6-m\librt.a(gcc_ctor_dtor.o)
 .ARM.attributes
                0x0000099f       0x31 C:/Freescale/CW MCU v10.7/MCU/ARM_GCC_Support/ewl/lib/armv6-m\librt.a(__arm_eabi_init.o)
 .ARM.attributes
                0x000009d0       0x31 C:/Freescale/CW MCU v10.7/MCU/ARM_GCC_Support/ewl/lib/armv6-m\librt.a(ROMCopy.o)
 .ARM.attributes
                0x00000a01       0x31 C:/Freescale/CW MCU v10.7/MCU/ARM_GCC_Support/ewl/lib/armv6-m\libc.a(errno.o)
OUTPUT(ProyectoTerapiaPresion.elf elf32-littlearm)

.debug_info     0x00000000     0x6558
 .debug_info    0x00000000       0xfe ./Modules/App/ElectroTherapy/ET.o
 .debug_info    0x000000fe      0x169 ./Modules/App/HeartBit/HeartBit.o
 .debug_info    0x00000267      0x124 ./Modules/App/MTPRESS/MTPRESS.o
 .debug_info    0x0000038b      0x651 ./Modules/HMI/HMI.o
 .debug_info    0x000009dc      0x497 ./Modules/LowDrivers/ADC/ADC.o
 .debug_info    0x00000e73      0x3ca ./Modules/LowDrivers/GPIO/GPIO.o
 .debug_info    0x0000123d      0x4e9 ./Modules/LowDrivers/MCG/MGCDvr.o
 .debug_info    0x00001726      0x2f3 ./Modules/LowDrivers/NVIC/NVIC.o
 .debug_info    0x00001a19      0x495 ./Modules/LowDrivers/PIT/PIT.o
 .debug_info    0x00001eae      0x4fd ./Modules/LowDrivers/TPM/TPM.o
 .debug_info    0x000023ab      0x7a0 ./Modules/LowDrivers/UART/UART.o
 .debug_info    0x00002b4b      0x10b ./Modules/MidDrivers/BUZZER/BZR.o
 .debug_info    0x00002c56      0x27d ./Modules/MidDrivers/DBNCR/Debouncer.o
 .debug_info    0x00002ed3      0x610 ./Modules/MidDrivers/IRQ/IRQ.o
 .debug_info    0x000034e3      0x39a ./Modules/MidDrivers/LCD/LCD.o
 .debug_info    0x0000387d      0x447 ./Project_Settings/Startup_Code/kinetis_sysinit.o
 .debug_info    0x00003cc4      0x12a ./Project_Settings/Startup_Code/__arm_start.o
 .debug_info    0x00003dee       0x54 ./Project_Settings/Startup_Code/__arm_end.o
 .debug_info    0x00003e42       0x88 ./Sources/main.o
 .debug_info    0x00003eca      0x25a ./System/Scheduler/Sch.o
 .debug_info    0x00004124       0x84 ./System/SysInit/SysInit.o
 .debug_info    0x000041a8      0x11e C:/Freescale/CW MCU v10.7/MCU/ARM_GCC_Support/ewl/lib/armv6-m\libc.a(sprintf.o)
 .debug_info    0x000042c6       0xe8 C:/Freescale/CW MCU v10.7/MCU/ARM_GCC_Support/ewl/lib/armv6-m\libc.a(exit.o)
 .debug_info    0x000043ae       0xec C:/Freescale/CW MCU v10.7/MCU/ARM_GCC_Support/ewl/lib/armv6-m\libc.a(memset.o)
 .debug_info    0x0000449a      0x137 C:/Freescale/CW MCU v10.7/MCU/ARM_GCC_Support/ewl/lib/armv6-m\libc.a(__filll_mem.o)
 .debug_info    0x000045d1      0x10f C:/Freescale/CW MCU v10.7/MCU/ARM_GCC_Support/ewl/lib/armv6-m\libc.a(memcpy.o)
 .debug_info    0x000046e0      0x50d C:/Freescale/CW MCU v10.7/MCU/ARM_GCC_Support/ewl/lib/armv6-m\libc.a(printformat_.o)
 .debug_info    0x00004bed      0x568 C:/Freescale/CW MCU v10.7/MCU/ARM_GCC_Support/ewl/lib/armv6-m\libc.a(scanformat_.o)
 .debug_info    0x00005155      0x313 C:/Freescale/CW MCU v10.7/MCU/ARM_GCC_Support/ewl/lib/armv6-m\libc.a(ctype_aeabi.o)
 .debug_info    0x00005468      0x205 C:/Freescale/CW MCU v10.7/MCU/ARM_GCC_Support/ewl/lib/armv6-m\libc.a(vsnprintf.o)
 .debug_info    0x0000566d      0x1d6 C:/Freescale/CW MCU v10.7/MCU/ARM_GCC_Support/ewl/lib/armv6-m\libc.a(__strtoul.o)
 .debug_info    0x00005843      0x10b C:/Freescale/CW MCU v10.7/MCU/ARM_GCC_Support/ewl/lib/armv6-m\libc.a(strchr.o)
 .debug_info    0x0000594e       0xea C:/Freescale/CW MCU v10.7/MCU/ARM_GCC_Support/ewl/lib/armv6-m\libc.a(strlen.o)
 .debug_info    0x00005a38      0x121 C:/Freescale/CW MCU v10.7/MCU/ARM_GCC_Support/ewl/lib/armv6-m\libc.a(memchr.o)
 .debug_info    0x00005b59       0xb3 C:/Freescale/CW MCU v10.7/MCU/ARM_GCC_Support/ewl/lib/armv6-m\libm.a(w_exp.o)
 .debug_info    0x00005c0c      0x325 C:/Freescale/CW MCU v10.7/MCU/ARM_GCC_Support/ewl/lib/armv6-m\libm.a(e_exp.o)
 .debug_info    0x00005f31      0x136 C:/Freescale/CW MCU v10.7/MCU/ARM_GCC_Support/ewl/lib/armv6-m\librt.a(gcc_ctor_dtor.o)
 .debug_info    0x00006067      0x2b9 C:/Freescale/CW MCU v10.7/MCU/ARM_GCC_Support/ewl/lib/armv6-m\librt.a(__arm_eabi_init.o)
 .debug_info    0x00006320      0x19b C:/Freescale/CW MCU v10.7/MCU/ARM_GCC_Support/ewl/lib/armv6-m\librt.a(ROMCopy.o)
 .debug_info    0x000064bb       0x9d C:/Freescale/CW MCU v10.7/MCU/ARM_GCC_Support/ewl/lib/armv6-m\libc.a(errno.o)

.debug_abbrev   0x00000000     0x1fb9
 .debug_abbrev  0x00000000       0x6f ./Modules/App/ElectroTherapy/ET.o
 .debug_abbrev  0x0000006f       0x94 ./Modules/App/HeartBit/HeartBit.o
 .debug_abbrev  0x00000103       0x9b ./Modules/App/MTPRESS/MTPRESS.o
 .debug_abbrev  0x0000019e      0x141 ./Modules/HMI/HMI.o
 .debug_abbrev  0x000002df       0xf3 ./Modules/LowDrivers/ADC/ADC.o
 .debug_abbrev  0x000003d2       0xbe ./Modules/LowDrivers/GPIO/GPIO.o
 .debug_abbrev  0x00000490       0xbe ./Modules/LowDrivers/MCG/MGCDvr.o
 .debug_abbrev  0x0000054e       0xfa ./Modules/LowDrivers/NVIC/NVIC.o
 .debug_abbrev  0x00000648       0xbc ./Modules/LowDrivers/PIT/PIT.o
 .debug_abbrev  0x00000704      0x116 ./Modules/LowDrivers/TPM/TPM.o
 .debug_abbrev  0x0000081a      0x13a ./Modules/LowDrivers/UART/UART.o
 .debug_abbrev  0x00000954       0x6f ./Modules/MidDrivers/BUZZER/BZR.o
 .debug_abbrev  0x000009c3      0x11e ./Modules/MidDrivers/DBNCR/Debouncer.o
 .debug_abbrev  0x00000ae1       0xf8 ./Modules/MidDrivers/IRQ/IRQ.o
 .debug_abbrev  0x00000bd9      0x136 ./Modules/MidDrivers/LCD/LCD.o
 .debug_abbrev  0x00000d0f       0xe7 ./Project_Settings/Startup_Code/kinetis_sysinit.o
 .debug_abbrev  0x00000df6       0x92 ./Project_Settings/Startup_Code/__arm_start.o
 .debug_abbrev  0x00000e88       0x4c ./Project_Settings/Startup_Code/__arm_end.o
 .debug_abbrev  0x00000ed4       0x3f ./Sources/main.o
 .debug_abbrev  0x00000f13       0xe7 ./System/Scheduler/Sch.o
 .debug_abbrev  0x00000ffa       0x3d ./System/SysInit/SysInit.o
 .debug_abbrev  0x00001037       0xb1 C:/Freescale/CW MCU v10.7/MCU/ARM_GCC_Support/ewl/lib/armv6-m\libc.a(sprintf.o)
 .debug_abbrev  0x000010e8       0x7a C:/Freescale/CW MCU v10.7/MCU/ARM_GCC_Support/ewl/lib/armv6-m\libc.a(exit.o)
 .debug_abbrev  0x00001162       0x62 C:/Freescale/CW MCU v10.7/MCU/ARM_GCC_Support/ewl/lib/armv6-m\libc.a(memset.o)
 .debug_abbrev  0x000011c4       0x78 C:/Freescale/CW MCU v10.7/MCU/ARM_GCC_Support/ewl/lib/armv6-m\libc.a(__filll_mem.o)
 .debug_abbrev  0x0000123c       0x95 C:/Freescale/CW MCU v10.7/MCU/ARM_GCC_Support/ewl/lib/armv6-m\libc.a(memcpy.o)
 .debug_abbrev  0x000012d1      0x200 C:/Freescale/CW MCU v10.7/MCU/ARM_GCC_Support/ewl/lib/armv6-m\libc.a(printformat_.o)
 .debug_abbrev  0x000014d1      0x1f0 C:/Freescale/CW MCU v10.7/MCU/ARM_GCC_Support/ewl/lib/armv6-m\libc.a(scanformat_.o)
 .debug_abbrev  0x000016c1       0x9e C:/Freescale/CW MCU v10.7/MCU/ARM_GCC_Support/ewl/lib/armv6-m\libc.a(ctype_aeabi.o)
 .debug_abbrev  0x0000175f       0xf0 C:/Freescale/CW MCU v10.7/MCU/ARM_GCC_Support/ewl/lib/armv6-m\libc.a(vsnprintf.o)
 .debug_abbrev  0x0000184f       0xc2 C:/Freescale/CW MCU v10.7/MCU/ARM_GCC_Support/ewl/lib/armv6-m\libc.a(__strtoul.o)
 .debug_abbrev  0x00001911       0x7a C:/Freescale/CW MCU v10.7/MCU/ARM_GCC_Support/ewl/lib/armv6-m\libc.a(strchr.o)
 .debug_abbrev  0x0000198b       0x7a C:/Freescale/CW MCU v10.7/MCU/ARM_GCC_Support/ewl/lib/armv6-m\libc.a(strlen.o)
 .debug_abbrev  0x00001a05       0x95 C:/Freescale/CW MCU v10.7/MCU/ARM_GCC_Support/ewl/lib/armv6-m\libc.a(memchr.o)
 .debug_abbrev  0x00001a9a       0x59 C:/Freescale/CW MCU v10.7/MCU/ARM_GCC_Support/ewl/lib/armv6-m\libm.a(w_exp.o)
 .debug_abbrev  0x00001af3      0x116 C:/Freescale/CW MCU v10.7/MCU/ARM_GCC_Support/ewl/lib/armv6-m\libm.a(e_exp.o)
 .debug_abbrev  0x00001c09       0x99 C:/Freescale/CW MCU v10.7/MCU/ARM_GCC_Support/ewl/lib/armv6-m\librt.a(gcc_ctor_dtor.o)
 .debug_abbrev  0x00001ca2      0x1b3 C:/Freescale/CW MCU v10.7/MCU/ARM_GCC_Support/ewl/lib/armv6-m\librt.a(__arm_eabi_init.o)
 .debug_abbrev  0x00001e55      0x120 C:/Freescale/CW MCU v10.7/MCU/ARM_GCC_Support/ewl/lib/armv6-m\librt.a(ROMCopy.o)
 .debug_abbrev  0x00001f75       0x44 C:/Freescale/CW MCU v10.7/MCU/ARM_GCC_Support/ewl/lib/armv6-m\libc.a(errno.o)

.debug_loc      0x00000000     0x37c9
 .debug_loc     0x00000000       0x38 ./Modules/App/ElectroTherapy/ET.o
 .debug_loc     0x00000038       0xb0 ./Modules/App/HeartBit/HeartBit.o
 .debug_loc     0x000000e8       0x2c ./Modules/App/MTPRESS/MTPRESS.o
 .debug_loc     0x00000114      0x3a8 ./Modules/HMI/HMI.o
 .debug_loc     0x000004bc       0x64 ./Modules/LowDrivers/ADC/ADC.o
 .debug_loc     0x00000520       0x2c ./Modules/LowDrivers/GPIO/GPIO.o
 .debug_loc     0x0000054c       0x2c ./Modules/LowDrivers/MCG/MGCDvr.o
 .debug_loc     0x00000578       0x70 ./Modules/LowDrivers/NVIC/NVIC.o
 .debug_loc     0x000005e8       0x2c ./Modules/LowDrivers/PIT/PIT.o
 .debug_loc     0x00000614       0xd4 ./Modules/LowDrivers/TPM/TPM.o
 .debug_loc     0x000006e8      0x120 ./Modules/LowDrivers/UART/UART.o
 .debug_loc     0x00000808       0x84 ./Modules/MidDrivers/BUZZER/BZR.o
 .debug_loc     0x0000088c       0x9c ./Modules/MidDrivers/DBNCR/Debouncer.o
 .debug_loc     0x00000928       0x58 ./Modules/MidDrivers/IRQ/IRQ.o
 .debug_loc     0x00000980      0x234 ./Modules/MidDrivers/LCD/LCD.o
 .debug_loc     0x00000bb4       0x58 ./Project_Settings/Startup_Code/kinetis_sysinit.o
 .debug_loc     0x00000c0c       0x2c ./Project_Settings/Startup_Code/__arm_start.o
 .debug_loc     0x00000c38       0x38 ./Project_Settings/Startup_Code/__arm_end.o
 .debug_loc     0x00000c70       0x2c ./Sources/main.o
 .debug_loc     0x00000c9c       0x70 ./System/Scheduler/Sch.o
 .debug_loc     0x00000d0c       0x2c ./System/SysInit/SysInit.o
 .debug_loc     0x00000d38       0x3f C:/Freescale/CW MCU v10.7/MCU/ARM_GCC_Support/ewl/lib/armv6-m\libc.a(sprintf.o)
 .debug_loc     0x00000d77       0x3e C:/Freescale/CW MCU v10.7/MCU/ARM_GCC_Support/ewl/lib/armv6-m\libc.a(exit.o)
 .debug_loc     0x00000db5       0x6f C:/Freescale/CW MCU v10.7/MCU/ARM_GCC_Support/ewl/lib/armv6-m\libc.a(memset.o)
 .debug_loc     0x00000e24      0x14a C:/Freescale/CW MCU v10.7/MCU/ARM_GCC_Support/ewl/lib/armv6-m\libc.a(__filll_mem.o)
 .debug_loc     0x00000f6e       0x59 C:/Freescale/CW MCU v10.7/MCU/ARM_GCC_Support/ewl/lib/armv6-m\libc.a(memcpy.o)
 .debug_loc     0x00000fc7     0x104b C:/Freescale/CW MCU v10.7/MCU/ARM_GCC_Support/ewl/lib/armv6-m\libc.a(printformat_.o)
 .debug_loc     0x00002012      0x9d8 C:/Freescale/CW MCU v10.7/MCU/ARM_GCC_Support/ewl/lib/armv6-m\libc.a(scanformat_.o)
 .debug_loc     0x000029ea      0x30d C:/Freescale/CW MCU v10.7/MCU/ARM_GCC_Support/ewl/lib/armv6-m\libc.a(ctype_aeabi.o)
 .debug_loc     0x00002cf7      0x105 C:/Freescale/CW MCU v10.7/MCU/ARM_GCC_Support/ewl/lib/armv6-m\libc.a(vsnprintf.o)
 .debug_loc     0x00002dfc      0x305 C:/Freescale/CW MCU v10.7/MCU/ARM_GCC_Support/ewl/lib/armv6-m\libc.a(__strtoul.o)
 .debug_loc     0x00003101       0xaf C:/Freescale/CW MCU v10.7/MCU/ARM_GCC_Support/ewl/lib/armv6-m\libc.a(strchr.o)
 .debug_loc     0x000031b0       0x33 C:/Freescale/CW MCU v10.7/MCU/ARM_GCC_Support/ewl/lib/armv6-m\libc.a(strlen.o)
 .debug_loc     0x000031e3       0x77 C:/Freescale/CW MCU v10.7/MCU/ARM_GCC_Support/ewl/lib/armv6-m\libc.a(memchr.o)
 .debug_loc     0x0000325a       0x38 C:/Freescale/CW MCU v10.7/MCU/ARM_GCC_Support/ewl/lib/armv6-m\libm.a(w_exp.o)
 .debug_loc     0x00003292      0x22a C:/Freescale/CW MCU v10.7/MCU/ARM_GCC_Support/ewl/lib/armv6-m\libm.a(e_exp.o)
 .debug_loc     0x000034bc       0x9d C:/Freescale/CW MCU v10.7/MCU/ARM_GCC_Support/ewl/lib/armv6-m\librt.a(gcc_ctor_dtor.o)
 .debug_loc     0x00003559      0x197 C:/Freescale/CW MCU v10.7/MCU/ARM_GCC_Support/ewl/lib/armv6-m\librt.a(__arm_eabi_init.o)
 .debug_loc     0x000036f0       0xd9 C:/Freescale/CW MCU v10.7/MCU/ARM_GCC_Support/ewl/lib/armv6-m\librt.a(ROMCopy.o)

.debug_aranges  0x00000000      0x768
 .debug_aranges
                0x00000000       0x20 ./Modules/App/ElectroTherapy/ET.o
 .debug_aranges
                0x00000020       0x38 ./Modules/App/HeartBit/HeartBit.o
 .debug_aranges
                0x00000058       0x20 ./Modules/App/MTPRESS/MTPRESS.o
 .debug_aranges
                0x00000078       0xc0 ./Modules/HMI/HMI.o
 .debug_aranges
                0x00000138       0x28 ./Modules/LowDrivers/ADC/ADC.o
 .debug_aranges
                0x00000160       0x20 ./Modules/LowDrivers/GPIO/GPIO.o
 .debug_aranges
                0x00000180       0x20 ./Modules/LowDrivers/MCG/MGCDvr.o
 .debug_aranges
                0x000001a0       0x28 ./Modules/LowDrivers/NVIC/NVIC.o
 .debug_aranges
                0x000001c8       0x20 ./Modules/LowDrivers/PIT/PIT.o
 .debug_aranges
                0x000001e8       0x38 ./Modules/LowDrivers/TPM/TPM.o
 .debug_aranges
                0x00000220       0x48 ./Modules/LowDrivers/UART/UART.o
 .debug_aranges
                0x00000268       0x30 ./Modules/MidDrivers/BUZZER/BZR.o
 .debug_aranges
                0x00000298       0x30 ./Modules/MidDrivers/DBNCR/Debouncer.o
 .debug_aranges
                0x000002c8       0x28 ./Modules/MidDrivers/IRQ/IRQ.o
 .debug_aranges
                0x000002f0       0x78 ./Modules/MidDrivers/LCD/LCD.o
 .debug_aranges
                0x00000368       0x28 ./Project_Settings/Startup_Code/kinetis_sysinit.o
 .debug_aranges
                0x00000390       0x30 ./Project_Settings/Startup_Code/__arm_start.o
 .debug_aranges
                0x000003c0       0x20 ./Project_Settings/Startup_Code/__arm_end.o
 .debug_aranges
                0x000003e0       0x20 ./Sources/main.o
 .debug_aranges
                0x00000400       0x28 ./System/Scheduler/Sch.o
 .debug_aranges
                0x00000428       0x20 ./System/SysInit/SysInit.o
 .debug_aranges
                0x00000448       0x20 C:/Freescale/CW MCU v10.7/MCU/ARM_GCC_Support/ewl/lib/armv6-m\libc.a(sprintf.o)
 .debug_aranges
                0x00000468       0x20 C:/Freescale/CW MCU v10.7/MCU/ARM_GCC_Support/ewl/lib/armv6-m\libc.a(exit.o)
 .debug_aranges
                0x00000488       0x20 C:/Freescale/CW MCU v10.7/MCU/ARM_GCC_Support/ewl/lib/armv6-m\libc.a(memset.o)
 .debug_aranges
                0x000004a8       0x20 C:/Freescale/CW MCU v10.7/MCU/ARM_GCC_Support/ewl/lib/armv6-m\libc.a(__filll_mem.o)
 .debug_aranges
                0x000004c8       0x20 C:/Freescale/CW MCU v10.7/MCU/ARM_GCC_Support/ewl/lib/armv6-m\libc.a(memcpy.o)
 .debug_aranges
                0x000004e8       0x28 C:/Freescale/CW MCU v10.7/MCU/ARM_GCC_Support/ewl/lib/armv6-m\libc.a(printformat_.o)
 .debug_aranges
                0x00000510       0x20 C:/Freescale/CW MCU v10.7/MCU/ARM_GCC_Support/ewl/lib/armv6-m\libc.a(scanformat_.o)
 .debug_aranges
                0x00000530       0x88 C:/Freescale/CW MCU v10.7/MCU/ARM_GCC_Support/ewl/lib/armv6-m\libc.a(ctype_aeabi.o)
 .debug_aranges
                0x000005b8       0x28 C:/Freescale/CW MCU v10.7/MCU/ARM_GCC_Support/ewl/lib/armv6-m\libc.a(vsnprintf.o)
 .debug_aranges
                0x000005e0       0x20 C:/Freescale/CW MCU v10.7/MCU/ARM_GCC_Support/ewl/lib/armv6-m\libc.a(__strtoul.o)
 .debug_aranges
                0x00000600       0x20 C:/Freescale/CW MCU v10.7/MCU/ARM_GCC_Support/ewl/lib/armv6-m\libc.a(strchr.o)
 .debug_aranges
                0x00000620       0x20 C:/Freescale/CW MCU v10.7/MCU/ARM_GCC_Support/ewl/lib/armv6-m\libc.a(strlen.o)
 .debug_aranges
                0x00000640       0x20 C:/Freescale/CW MCU v10.7/MCU/ARM_GCC_Support/ewl/lib/armv6-m\libc.a(memchr.o)
 .debug_aranges
                0x00000660       0x20 C:/Freescale/CW MCU v10.7/MCU/ARM_GCC_Support/ewl/lib/armv6-m\libm.a(w_exp.o)
 .debug_aranges
                0x00000680       0x20 C:/Freescale/CW MCU v10.7/MCU/ARM_GCC_Support/ewl/lib/armv6-m\libm.a(e_exp.o)
 .debug_aranges
                0x000006a0       0x28 C:/Freescale/CW MCU v10.7/MCU/ARM_GCC_Support/ewl/lib/armv6-m\librt.a(gcc_ctor_dtor.o)
 .debug_aranges
                0x000006c8       0x58 C:/Freescale/CW MCU v10.7/MCU/ARM_GCC_Support/ewl/lib/armv6-m\librt.a(__arm_eabi_init.o)
 .debug_aranges
                0x00000720       0x30 C:/Freescale/CW MCU v10.7/MCU/ARM_GCC_Support/ewl/lib/armv6-m\librt.a(ROMCopy.o)
 .debug_aranges
                0x00000750       0x18 C:/Freescale/CW MCU v10.7/MCU/ARM_GCC_Support/ewl/lib/armv6-m\libc.a(errno.o)

.debug_macinfo  0x00000000   0x2e412a
 .debug_macinfo
                0x00000000    0x26948 ./Modules/App/ElectroTherapy/ET.o
 .debug_macinfo
                0x00026948    0x26636 ./Modules/App/HeartBit/HeartBit.o
 .debug_macinfo
                0x0004cf7e    0x283e6 ./Modules/App/MTPRESS/MTPRESS.o
 .debug_macinfo
                0x00075364    0x2698c ./Modules/HMI/HMI.o
 .debug_macinfo
                0x0009bcf0    0x26540 ./Modules/LowDrivers/ADC/ADC.o
 .debug_macinfo
                0x000c2230    0x264f4 ./Modules/LowDrivers/GPIO/GPIO.o
 .debug_macinfo
                0x000e8724    0x2655f ./Modules/LowDrivers/MCG/MGCDvr.o
 .debug_macinfo
                0x0010ec83    0x26513 ./Modules/LowDrivers/NVIC/NVIC.o
 .debug_macinfo
                0x00135196    0x264f3 ./Modules/LowDrivers/PIT/PIT.o
 .debug_macinfo
                0x0015b689    0x2656f ./Modules/LowDrivers/TPM/TPM.o
 .debug_macinfo
                0x00181bf8    0x26724 ./Modules/LowDrivers/UART/UART.o
 .debug_macinfo
                0x001a831c    0x2657d ./Modules/MidDrivers/BUZZER/BZR.o
 .debug_macinfo
                0x001ce899    0x265b2 ./Modules/MidDrivers/DBNCR/Debouncer.o
 .debug_macinfo
                0x001f4e4b    0x268e0 ./Modules/MidDrivers/IRQ/IRQ.o
 .debug_macinfo
                0x0021b72b    0x268bc ./Modules/MidDrivers/LCD/LCD.o
 .debug_macinfo
                0x00241fe7    0x26523 ./Project_Settings/Startup_Code/kinetis_sysinit.o
 .debug_macinfo
                0x0026850a     0x3ea0 ./Project_Settings/Startup_Code/__arm_start.o
 .debug_macinfo
                0x0026c3aa     0x3489 ./Project_Settings/Startup_Code/__arm_end.o
 .debug_macinfo
                0x0026f833    0x26f55 ./Sources/main.o
 .debug_macinfo
                0x00296788    0x26c1f ./System/Scheduler/Sch.o
 .debug_macinfo
                0x002bd3a7    0x26d83 ./System/SysInit/SysInit.o

.debug_line     0x00000000     0x4aa9
 .debug_line    0x00000000      0x283 ./Modules/App/ElectroTherapy/ET.o
 .debug_line    0x00000283      0x223 ./Modules/App/HeartBit/HeartBit.o
 .debug_line    0x000004a6      0x35e ./Modules/App/MTPRESS/MTPRESS.o
 .debug_line    0x00000804      0x508 ./Modules/HMI/HMI.o
 .debug_line    0x00000d0c      0x201 ./Modules/LowDrivers/ADC/ADC.o
 .debug_line    0x00000f0d      0x1ec ./Modules/LowDrivers/GPIO/GPIO.o
 .debug_line    0x000010f9      0x1f8 ./Modules/LowDrivers/MCG/MGCDvr.o
 .debug_line    0x000012f1      0x1e4 ./Modules/LowDrivers/NVIC/NVIC.o
 .debug_line    0x000014d5      0x1be ./Modules/LowDrivers/PIT/PIT.o
 .debug_line    0x00001693      0x236 ./Modules/LowDrivers/TPM/TPM.o
 .debug_line    0x000018c9      0x288 ./Modules/LowDrivers/UART/UART.o
 .debug_line    0x00001b51      0x23f ./Modules/MidDrivers/BUZZER/BZR.o
 .debug_line    0x00001d90      0x231 ./Modules/MidDrivers/DBNCR/Debouncer.o
 .debug_line    0x00001fc1      0x262 ./Modules/MidDrivers/IRQ/IRQ.o
 .debug_line    0x00002223      0x2f2 ./Modules/MidDrivers/LCD/LCD.o
 .debug_line    0x00002515      0x1fc ./Project_Settings/Startup_Code/kinetis_sysinit.o
 .debug_line    0x00002711      0x27f ./Project_Settings/Startup_Code/__arm_start.o
 .debug_line    0x00002990      0x266 ./Project_Settings/Startup_Code/__arm_end.o
 .debug_line    0x00002bf6      0x52e ./Sources/main.o
 .debug_line    0x00003124      0x369 ./System/Scheduler/Sch.o
 .debug_line    0x0000348d      0x439 ./System/SysInit/SysInit.o
 .debug_line    0x000038c6       0x93 C:/Freescale/CW MCU v10.7/MCU/ARM_GCC_Support/ewl/lib/armv6-m\libc.a(sprintf.o)
 .debug_line    0x00003959       0x8d C:/Freescale/CW MCU v10.7/MCU/ARM_GCC_Support/ewl/lib/armv6-m\libc.a(exit.o)
 .debug_line    0x000039e6       0x90 C:/Freescale/CW MCU v10.7/MCU/ARM_GCC_Support/ewl/lib/armv6-m\libc.a(memset.o)
 .debug_line    0x00003a76       0xf6 C:/Freescale/CW MCU v10.7/MCU/ARM_GCC_Support/ewl/lib/armv6-m\libc.a(__filll_mem.o)
 .debug_line    0x00003b6c       0x8b C:/Freescale/CW MCU v10.7/MCU/ARM_GCC_Support/ewl/lib/armv6-m\libc.a(memcpy.o)
 .debug_line    0x00003bf7      0x2c3 C:/Freescale/CW MCU v10.7/MCU/ARM_GCC_Support/ewl/lib/armv6-m\libc.a(printformat_.o)
 .debug_line    0x00003eba      0x2be C:/Freescale/CW MCU v10.7/MCU/ARM_GCC_Support/ewl/lib/armv6-m\libc.a(scanformat_.o)
 .debug_line    0x00004178      0x1be C:/Freescale/CW MCU v10.7/MCU/ARM_GCC_Support/ewl/lib/armv6-m\libc.a(ctype_aeabi.o)
 .debug_line    0x00004336       0xd4 C:/Freescale/CW MCU v10.7/MCU/ARM_GCC_Support/ewl/lib/armv6-m\libc.a(vsnprintf.o)
 .debug_line    0x0000440a      0x11e C:/Freescale/CW MCU v10.7/MCU/ARM_GCC_Support/ewl/lib/armv6-m\libc.a(__strtoul.o)
 .debug_line    0x00004528       0x7d C:/Freescale/CW MCU v10.7/MCU/ARM_GCC_Support/ewl/lib/armv6-m\libc.a(strchr.o)
 .debug_line    0x000045a5       0x85 C:/Freescale/CW MCU v10.7/MCU/ARM_GCC_Support/ewl/lib/armv6-m\libc.a(strlen.o)
 .debug_line    0x0000462a       0x9f C:/Freescale/CW MCU v10.7/MCU/ARM_GCC_Support/ewl/lib/armv6-m\libc.a(memchr.o)
 .debug_line    0x000046c9       0x73 C:/Freescale/CW MCU v10.7/MCU/ARM_GCC_Support/ewl/lib/armv6-m\libm.a(w_exp.o)
 .debug_line    0x0000473c       0xe0 C:/Freescale/CW MCU v10.7/MCU/ARM_GCC_Support/ewl/lib/armv6-m\libm.a(e_exp.o)
 .debug_line    0x0000481c       0x6c C:/Freescale/CW MCU v10.7/MCU/ARM_GCC_Support/ewl/lib/armv6-m\librt.a(gcc_ctor_dtor.o)
 .debug_line    0x00004888      0x117 C:/Freescale/CW MCU v10.7/MCU/ARM_GCC_Support/ewl/lib/armv6-m\librt.a(__arm_eabi_init.o)
 .debug_line    0x0000499f       0xbd C:/Freescale/CW MCU v10.7/MCU/ARM_GCC_Support/ewl/lib/armv6-m\librt.a(ROMCopy.o)
 .debug_line    0x00004a5c       0x4d C:/Freescale/CW MCU v10.7/MCU/ARM_GCC_Support/ewl/lib/armv6-m\libc.a(errno.o)

.debug_str      0x00000000     0x212b
 .debug_str     0x00000000      0x14f ./Modules/App/ElectroTherapy/ET.o
                                0x183 (size before relaxing)
 .debug_str     0x0000014f       0xb4 ./Modules/App/HeartBit/HeartBit.o
                                0x1ae (size before relaxing)
 .debug_str     0x00000203       0x8e ./Modules/App/MTPRESS/MTPRESS.o
                                0x194 (size before relaxing)
 .debug_str     0x00000291      0x3c8 ./Modules/HMI/HMI.o
                                0x4e6 (size before relaxing)
 .debug_str     0x00000659      0x193 ./Modules/LowDrivers/ADC/ADC.o
                                0x2a8 (size before relaxing)
 .debug_str     0x000007ec       0x5d ./Modules/LowDrivers/GPIO/GPIO.o
                                0x274 (size before relaxing)
 .debug_str     0x00000849       0x99 ./Modules/LowDrivers/MCG/MGCDvr.o
                                0x2a3 (size before relaxing)
 .debug_str     0x000008e2      0x2d5 ./Modules/LowDrivers/NVIC/NVIC.o
                                0x3f9 (size before relaxing)
 .debug_str     0x00000bb7       0x71 ./Modules/LowDrivers/PIT/PIT.o
                                0x27e (size before relaxing)
 .debug_str     0x00000c28      0x108 ./Modules/LowDrivers/TPM/TPM.o
                                0x32b (size before relaxing)
 .debug_str     0x00000d30      0x46a ./Modules/LowDrivers/UART/UART.o
                                0x65a (size before relaxing)
 .debug_str     0x0000119a       0x6b ./Modules/MidDrivers/BUZZER/BZR.o
                                0x190 (size before relaxing)
 .debug_str     0x00001205      0x101 ./Modules/MidDrivers/DBNCR/Debouncer.o
                                0x280 (size before relaxing)
 .debug_str     0x00001306       0x43 ./Modules/MidDrivers/IRQ/IRQ.o
                                0x500 (size before relaxing)
 .debug_str     0x00001349      0x1ce ./Modules/MidDrivers/LCD/LCD.o
                                0x33b (size before relaxing)
 .debug_str     0x00001517       0xc6 ./Project_Settings/Startup_Code/kinetis_sysinit.o
                                0x2a4 (size before relaxing)
 .debug_str     0x000015dd       0x85 ./Project_Settings/Startup_Code/__arm_start.o
                                0x17e (size before relaxing)
 .debug_str     0x00001662       0x41 ./Project_Settings/Startup_Code/__arm_end.o
                                 0xb5 (size before relaxing)
 .debug_str     0x000016a3       0x17 ./Sources/main.o
                                0x10b (size before relaxing)
 .debug_str     0x000016ba       0xa1 ./System/Scheduler/Sch.o
                                0x210 (size before relaxing)
 .debug_str     0x0000175b       0x2b ./System/SysInit/SysInit.o
                                0x11f (size before relaxing)
 .debug_str     0x00001786       0x42 C:/Freescale/CW MCU v10.7/MCU/ARM_GCC_Support/ewl/lib/armv6-m\libc.a(sprintf.o)
                                0x163 (size before relaxing)
 .debug_str     0x000017c8       0x2e C:/Freescale/CW MCU v10.7/MCU/ARM_GCC_Support/ewl/lib/armv6-m\libc.a(exit.o)
                                0x157 (size before relaxing)
 .debug_str     0x000017f6       0x23 C:/Freescale/CW MCU v10.7/MCU/ARM_GCC_Support/ewl/lib/armv6-m\libc.a(memset.o)
                                0x140 (size before relaxing)
 .debug_str     0x00001819       0x2d C:/Freescale/CW MCU v10.7/MCU/ARM_GCC_Support/ewl/lib/armv6-m\libc.a(__filll_mem.o)
                                0x152 (size before relaxing)
 .debug_str     0x00001846       0x1c C:/Freescale/CW MCU v10.7/MCU/ARM_GCC_Support/ewl/lib/armv6-m\libc.a(memcpy.o)
                                0x138 (size before relaxing)
 .debug_str     0x00001862      0x224 C:/Freescale/CW MCU v10.7/MCU/ARM_GCC_Support/ewl/lib/armv6-m\libc.a(printformat_.o)
                                0x3b3 (size before relaxing)
 .debug_str     0x00001a86      0x184 C:/Freescale/CW MCU v10.7/MCU/ARM_GCC_Support/ewl/lib/armv6-m\libc.a(scanformat_.o)
                                0x3f9 (size before relaxing)
 .debug_str     0x00001c0a       0x9d C:/Freescale/CW MCU v10.7/MCU/ARM_GCC_Support/ewl/lib/armv6-m\libc.a(ctype_aeabi.o)
                                0x1bc (size before relaxing)
 .debug_str     0x00001ca7       0x7c C:/Freescale/CW MCU v10.7/MCU/ARM_GCC_Support/ewl/lib/armv6-m\libc.a(vsnprintf.o)
                                0x1cc (size before relaxing)
 .debug_str     0x00001d23       0x5b C:/Freescale/CW MCU v10.7/MCU/ARM_GCC_Support/ewl/lib/armv6-m\libc.a(__strtoul.o)
                                0x1fb (size before relaxing)
 .debug_str     0x00001d7e       0x1c C:/Freescale/CW MCU v10.7/MCU/ARM_GCC_Support/ewl/lib/armv6-m\libc.a(strchr.o)
                                0x137 (size before relaxing)
 .debug_str     0x00001d9a       0x1c C:/Freescale/CW MCU v10.7/MCU/ARM_GCC_Support/ewl/lib/armv6-m\libc.a(strlen.o)
                                0x140 (size before relaxing)
 .debug_str     0x00001db6       0x1c C:/Freescale/CW MCU v10.7/MCU/ARM_GCC_Support/ewl/lib/armv6-m\libc.a(memchr.o)
                                0x148 (size before relaxing)
 .debug_str     0x00001dd2       0x17 C:/Freescale/CW MCU v10.7/MCU/ARM_GCC_Support/ewl/lib/armv6-m\libm.a(w_exp.o)
                                0x125 (size before relaxing)
 .debug_str     0x00001de9       0x71 C:/Freescale/CW MCU v10.7/MCU/ARM_GCC_Support/ewl/lib/armv6-m\libm.a(e_exp.o)
                                0x1ac (size before relaxing)
 .debug_str     0x00001e5a      0x126 C:/Freescale/CW MCU v10.7/MCU/ARM_GCC_Support/ewl/lib/armv6-m\librt.a(gcc_ctor_dtor.o)
                                0x181 (size before relaxing)
 .debug_str     0x00001f80       0xf8 C:/Freescale/CW MCU v10.7/MCU/ARM_GCC_Support/ewl/lib/armv6-m\librt.a(__arm_eabi_init.o)
                                0x1b5 (size before relaxing)
 .debug_str     0x00002078       0xa1 C:/Freescale/CW MCU v10.7/MCU/ARM_GCC_Support/ewl/lib/armv6-m\librt.a(ROMCopy.o)
                                0x13c (size before relaxing)
 .debug_str     0x00002119       0x12 C:/Freescale/CW MCU v10.7/MCU/ARM_GCC_Support/ewl/lib/armv6-m\libc.a(errno.o)
                                0x12c (size before relaxing)

.comment        0x00000000       0x79
 .comment       0x00000000       0x79 ./Modules/App/ElectroTherapy/ET.o
                                 0x7a (size before relaxing)
 .comment       0x00000000       0x7a ./Modules/App/HeartBit/HeartBit.o
 .comment       0x00000000       0x7a ./Modules/App/MTPRESS/MTPRESS.o
 .comment       0x00000000       0x7a ./Modules/HMI/HMI.o
 .comment       0x00000000       0x7a ./Modules/LowDrivers/ADC/ADC.o
 .comment       0x00000000       0x7a ./Modules/LowDrivers/GPIO/GPIO.o
 .comment       0x00000000       0x7a ./Modules/LowDrivers/MCG/MGCDvr.o
 .comment       0x00000000       0x7a ./Modules/LowDrivers/NVIC/NVIC.o
 .comment       0x00000000       0x7a ./Modules/LowDrivers/PIT/PIT.o
 .comment       0x00000000       0x7a ./Modules/LowDrivers/TPM/TPM.o
 .comment       0x00000000       0x7a ./Modules/LowDrivers/UART/UART.o
 .comment       0x00000000       0x7a ./Modules/MidDrivers/BUZZER/BZR.o
 .comment       0x00000000       0x7a ./Modules/MidDrivers/DBNCR/Debouncer.o
 .comment       0x00000000       0x7a ./Modules/MidDrivers/IRQ/IRQ.o
 .comment       0x00000000       0x7a ./Modules/MidDrivers/LCD/LCD.o
 .comment       0x00000000       0x7a ./Project_Settings/Startup_Code/kinetis_sysinit.o
 .comment       0x00000000       0x7a ./Project_Settings/Startup_Code/__arm_start.o
 .comment       0x00000000       0x7a ./Project_Settings/Startup_Code/__arm_end.o
 .comment       0x00000000       0x7a ./Sources/main.o
 .comment       0x00000000       0x7a ./System/Scheduler/Sch.o
 .comment       0x00000000       0x7a ./System/SysInit/SysInit.o
 .comment       0x00000000       0x7a C:/Freescale/CW MCU v10.7/MCU/ARM_GCC_Support/ewl/lib/armv6-m\libc.a(sprintf.o)
 .comment       0x00000000       0x7a C:/Freescale/CW MCU v10.7/MCU/ARM_GCC_Support/ewl/lib/armv6-m\libc.a(exit.o)
 .comment       0x00000000       0x7a C:/Freescale/CW MCU v10.7/MCU/ARM_GCC_Support/ewl/lib/armv6-m\libc.a(memset.o)
 .comment       0x00000000       0x7a C:/Freescale/CW MCU v10.7/MCU/ARM_GCC_Support/ewl/lib/armv6-m\libc.a(__filll_mem.o)
 .comment       0x00000000       0x7a C:/Freescale/CW MCU v10.7/MCU/ARM_GCC_Support/ewl/lib/armv6-m\libc.a(memcpy.o)
 .comment       0x00000000       0x7a C:/Freescale/CW MCU v10.7/MCU/ARM_GCC_Support/ewl/lib/armv6-m\libc.a(printformat_.o)
 .comment       0x00000000       0x7a C:/Freescale/CW MCU v10.7/MCU/ARM_GCC_Support/ewl/lib/armv6-m\libc.a(scanformat_.o)
 .comment       0x00000000       0x7a C:/Freescale/CW MCU v10.7/MCU/ARM_GCC_Support/ewl/lib/armv6-m\libc.a(ctype_aeabi.o)
 .comment       0x00000000       0x7a C:/Freescale/CW MCU v10.7/MCU/ARM_GCC_Support/ewl/lib/armv6-m\libc.a(vsnprintf.o)
 .comment       0x00000000       0x7a C:/Freescale/CW MCU v10.7/MCU/ARM_GCC_Support/ewl/lib/armv6-m\libc.a(__strtoul.o)
 .comment       0x00000000       0x7a C:/Freescale/CW MCU v10.7/MCU/ARM_GCC_Support/ewl/lib/armv6-m\libc.a(strchr.o)
 .comment       0x00000000       0x7a C:/Freescale/CW MCU v10.7/MCU/ARM_GCC_Support/ewl/lib/armv6-m\libc.a(strlen.o)
 .comment       0x00000000       0x7a C:/Freescale/CW MCU v10.7/MCU/ARM_GCC_Support/ewl/lib/armv6-m\libc.a(memchr.o)
 .comment       0x00000000       0x7a C:/Freescale/CW MCU v10.7/MCU/ARM_GCC_Support/ewl/lib/armv6-m\libm.a(w_exp.o)
 .comment       0x00000000       0x7a C:/Freescale/CW MCU v10.7/MCU/ARM_GCC_Support/ewl/lib/armv6-m\libm.a(e_exp.o)
 .comment       0x00000000       0x7a C:/Freescale/CW MCU v10.7/MCU/ARM_GCC_Support/ewl/lib/armv6-m\librt.a(gcc_ctor_dtor.o)
 .comment       0x00000000       0x7a C:/Freescale/CW MCU v10.7/MCU/ARM_GCC_Support/ewl/lib/armv6-m\librt.a(__arm_eabi_init.o)
 .comment       0x00000000       0x7a C:/Freescale/CW MCU v10.7/MCU/ARM_GCC_Support/ewl/lib/armv6-m\librt.a(ROMCopy.o)
 .comment       0x00000000       0x7a C:/Freescale/CW MCU v10.7/MCU/ARM_GCC_Support/ewl/lib/armv6-m\libc.a(errno.o)

.debug_frame    0x00000000     0x117c
 .debug_frame   0x00000000       0x30 ./Modules/App/ElectroTherapy/ET.o
 .debug_frame   0x00000030       0x80 ./Modules/App/HeartBit/HeartBit.o
 .debug_frame   0x000000b0       0x30 ./Modules/App/MTPRESS/MTPRESS.o
 .debug_frame   0x000000e0      0x298 ./Modules/HMI/HMI.o
 .debug_frame   0x00000378       0x4c ./Modules/LowDrivers/ADC/ADC.o
 .debug_frame   0x000003c4       0x2c ./Modules/LowDrivers/GPIO/GPIO.o
 .debug_frame   0x000003f0       0x2c ./Modules/LowDrivers/MCG/MGCDvr.o
 .debug_frame   0x0000041c       0x50 ./Modules/LowDrivers/NVIC/NVIC.o
 .debug_frame   0x0000046c       0x2c ./Modules/LowDrivers/PIT/PIT.o
 .debug_frame   0x00000498       0x8c ./Modules/LowDrivers/TPM/TPM.o
 .debug_frame   0x00000524       0xc0 ./Modules/LowDrivers/UART/UART.o
 .debug_frame   0x000005e4       0x64 ./Modules/MidDrivers/BUZZER/BZR.o
 .debug_frame   0x00000648       0x6c ./Modules/MidDrivers/DBNCR/Debouncer.o
 .debug_frame   0x000006b4       0x48 ./Modules/MidDrivers/IRQ/IRQ.o
 .debug_frame   0x000006fc      0x16c ./Modules/MidDrivers/LCD/LCD.o
 .debug_frame   0x00000868       0x48 ./Project_Settings/Startup_Code/kinetis_sysinit.o
 .debug_frame   0x000008b0       0x4c ./Project_Settings/Startup_Code/__arm_start.o
 .debug_frame   0x000008fc       0x30 ./Project_Settings/Startup_Code/__arm_end.o
 .debug_frame   0x0000092c       0x2c ./Sources/main.o
 .debug_frame   0x00000958       0x50 ./System/Scheduler/Sch.o
 .debug_frame   0x000009a8       0x2c ./System/SysInit/SysInit.o
 .debug_frame   0x000009d4       0x2c C:/Freescale/CW MCU v10.7/MCU/ARM_GCC_Support/ewl/lib/armv6-m\libc.a(sprintf.o)
 .debug_frame   0x00000a00       0x2c C:/Freescale/CW MCU v10.7/MCU/ARM_GCC_Support/ewl/lib/armv6-m\libc.a(exit.o)
 .debug_frame   0x00000a2c       0x28 C:/Freescale/CW MCU v10.7/MCU/ARM_GCC_Support/ewl/lib/armv6-m\libc.a(memset.o)
 .debug_frame   0x00000a54       0x2c C:/Freescale/CW MCU v10.7/MCU/ARM_GCC_Support/ewl/lib/armv6-m\libc.a(__filll_mem.o)
 .debug_frame   0x00000a80       0x28 C:/Freescale/CW MCU v10.7/MCU/ARM_GCC_Support/ewl/lib/armv6-m\libc.a(memcpy.o)
 .debug_frame   0x00000aa8       0x54 C:/Freescale/CW MCU v10.7/MCU/ARM_GCC_Support/ewl/lib/armv6-m\libc.a(printformat_.o)
 .debug_frame   0x00000afc       0x34 C:/Freescale/CW MCU v10.7/MCU/ARM_GCC_Support/ewl/lib/armv6-m\libc.a(scanformat_.o)
 .debug_frame   0x00000b30      0x158 C:/Freescale/CW MCU v10.7/MCU/ARM_GCC_Support/ewl/lib/armv6-m\libc.a(ctype_aeabi.o)
 .debug_frame   0x00000c88       0x4c C:/Freescale/CW MCU v10.7/MCU/ARM_GCC_Support/ewl/lib/armv6-m\libc.a(vsnprintf.o)
 .debug_frame   0x00000cd4       0x30 C:/Freescale/CW MCU v10.7/MCU/ARM_GCC_Support/ewl/lib/armv6-m\libc.a(__strtoul.o)
 .debug_frame   0x00000d04       0x28 C:/Freescale/CW MCU v10.7/MCU/ARM_GCC_Support/ewl/lib/armv6-m\libc.a(strchr.o)
 .debug_frame   0x00000d2c       0x28 C:/Freescale/CW MCU v10.7/MCU/ARM_GCC_Support/ewl/lib/armv6-m\libc.a(strlen.o)
 .debug_frame   0x00000d54       0x28 C:/Freescale/CW MCU v10.7/MCU/ARM_GCC_Support/ewl/lib/armv6-m\libc.a(memchr.o)
 .debug_frame   0x00000d7c       0x28 C:/Freescale/CW MCU v10.7/MCU/ARM_GCC_Support/ewl/lib/armv6-m\libm.a(w_exp.o)
 .debug_frame   0x00000da4       0x30 C:/Freescale/CW MCU v10.7/MCU/ARM_GCC_Support/ewl/lib/armv6-m\libm.a(e_exp.o)
 .debug_frame   0x00000dd4       0x20 c:/freescale/cw mcu v10.7/cross_tools/arm-none-eabi-gcc-4_7_3/bin/../lib/gcc/arm-none-eabi/4.7.3/armv6-m\libgcc.a(_udivsi3.o)
 .debug_frame   0x00000df4       0x20 c:/freescale/cw mcu v10.7/cross_tools/arm-none-eabi-gcc-4_7_3/bin/../lib/gcc/arm-none-eabi/4.7.3/armv6-m\libgcc.a(_divsi3.o)
 .debug_frame   0x00000e14       0x2c c:/freescale/cw mcu v10.7/cross_tools/arm-none-eabi-gcc-4_7_3/bin/../lib/gcc/arm-none-eabi/4.7.3/armv6-m\libgcc.a(_fixunsdfsi.o)
 .debug_frame   0x00000e40       0x3c c:/freescale/cw mcu v10.7/cross_tools/arm-none-eabi-gcc-4_7_3/bin/../lib/gcc/arm-none-eabi/4.7.3/armv6-m\libgcc.a(adddf3.o)
 .debug_frame   0x00000e7c       0x3c c:/freescale/cw mcu v10.7/cross_tools/arm-none-eabi-gcc-4_7_3/bin/../lib/gcc/arm-none-eabi/4.7.3/armv6-m\libgcc.a(divdf3.o)
 .debug_frame   0x00000eb8       0x34 c:/freescale/cw mcu v10.7/cross_tools/arm-none-eabi-gcc-4_7_3/bin/../lib/gcc/arm-none-eabi/4.7.3/armv6-m\libgcc.a(eqdf2.o)
 .debug_frame   0x00000eec       0x38 c:/freescale/cw mcu v10.7/cross_tools/arm-none-eabi-gcc-4_7_3/bin/../lib/gcc/arm-none-eabi/4.7.3/armv6-m\libgcc.a(gedf2.o)
 .debug_frame   0x00000f24       0x38 c:/freescale/cw mcu v10.7/cross_tools/arm-none-eabi-gcc-4_7_3/bin/../lib/gcc/arm-none-eabi/4.7.3/armv6-m\libgcc.a(ledf2.o)
 .debug_frame   0x00000f5c       0x3c c:/freescale/cw mcu v10.7/cross_tools/arm-none-eabi-gcc-4_7_3/bin/../lib/gcc/arm-none-eabi/4.7.3/armv6-m\libgcc.a(muldf3.o)
 .debug_frame   0x00000f98       0x38 c:/freescale/cw mcu v10.7/cross_tools/arm-none-eabi-gcc-4_7_3/bin/../lib/gcc/arm-none-eabi/4.7.3/armv6-m\libgcc.a(subdf3.o)
 .debug_frame   0x00000fd0       0x2c c:/freescale/cw mcu v10.7/cross_tools/arm-none-eabi-gcc-4_7_3/bin/../lib/gcc/arm-none-eabi/4.7.3/armv6-m\libgcc.a(fixdfsi.o)
 .debug_frame   0x00000ffc       0x30 c:/freescale/cw mcu v10.7/cross_tools/arm-none-eabi-gcc-4_7_3/bin/../lib/gcc/arm-none-eabi/4.7.3/armv6-m\libgcc.a(floatsidf.o)
 .debug_frame   0x0000102c       0x40 C:/Freescale/CW MCU v10.7/MCU/ARM_GCC_Support/ewl/lib/armv6-m\librt.a(gcc_ctor_dtor.o)
 .debug_frame   0x0000106c       0xbc C:/Freescale/CW MCU v10.7/MCU/ARM_GCC_Support/ewl/lib/armv6-m\librt.a(__arm_eabi_init.o)
 .debug_frame   0x00001128       0x54 C:/Freescale/CW MCU v10.7/MCU/ARM_GCC_Support/ewl/lib/armv6-m\librt.a(ROMCopy.o)
